--------- beginning of system
12-06 13:19:49.154  1367  5935 D CompatibilityChangeReporter: Compat change id reported: 135634846; UID 10061; state: DISABLED
12-06 13:19:49.154  1367  1474 D CompatibilityChangeReporter: Compat change id reported: 143937733; UID 10061; state: ENABLED
12-06 13:19:49.169  1367  1474 I ActivityManager: Start proc 8040:android.process.media/u0a61 for content provider {com.android.providers.downloads/com.android.providers.downloads.DownloadProvider}
12-06 13:19:49.198  1367  1367 I Telecom : DefaultDialerCache: Refreshing default dialer for user 0: now com.google.android.dialer: DDC.oR@AFQ
12-06 13:19:49.265  1367  1367 I Telecom : DefaultDialerCache: Refreshing default dialer for user 0: now com.google.android.dialer: DDC.oR@AFc
12-06 13:19:49.374  1367  1462 W Looper  : Slow delivery took 208ms android.fg h=android.os.Handler c=<recycled PooledLambda@bd47932> m=0
12-06 13:19:49.508  1367  1828 D ConnectivityService: requestNetwork for uid/pid:10152/8012 NetworkRequest [ TRACK_DEFAULT id=94, [ Capabilities: INTERNET&NOT_RESTRICTED&TRUSTED Uid: 10152 AdministratorUids: [] RequestorUid: 10152 RequestorPackageName: com.google.android.youtube] ]
12-06 13:19:49.508  1367  1663 D ConnectivityService: NetReassign [94 : null → 101]
12-06 13:19:49.564  1367  1663 D ConnectivityService: NetReassign [no changes]
12-06 13:19:49.698  1367  4019 D ConnectivityService: requestNetwork for uid/pid:10152/8012 NetworkRequest [ TRACK_DEFAULT id=96, [ Capabilities: INTERNET&NOT_RESTRICTED&TRUSTED Uid: 10152 AdministratorUids: [] RequestorUid: 10152 RequestorPackageName: com.google.android.youtube] ]
12-06 13:19:49.699  1367  1663 D ConnectivityService: NetReassign [96 : null → 101]
12-06 13:19:49.716  1367  1663 D ConnectivityService: NetReassign [no changes]
12-06 13:19:49.741  1367  1663 D ConnectivityService: NetReassign [no changes]
12-06 13:19:49.780  1367  4856 D BiometricService: canAuthenticate: User=0, Caller=0, Authenticators=255
12-06 13:19:49.780  1367  4856 D BiometricService: Package: com.google.android.gms Authenticator ID: 0 Modality: 2 Reported Modality: 2 Status: 1
12-06 13:19:49.780  1367  4856 D AuthService: canAuthenticate, userId: 0, callingUserId: 0, authenticators: 255, result: 0
12-06 13:19:49.834  1367  1462 W Looper  : Drained
12-06 13:19:49.941  1367  2218 D ConnectivityService: requestNetwork for uid/pid:10152/8012 NetworkRequest [ TRACK_DEFAULT id=99, [ Capabilities: INTERNET&NOT_RESTRICTED&TRUSTED Uid: 10152 AdministratorUids: [] RequestorUid: 10152 RequestorPackageName: com.google.android.youtube] ]
12-06 13:19:49.942  1367  1663 D ConnectivityService: NetReassign [99 : null → 101]
12-06 13:19:49.958  1367  1663 D ConnectivityService: NetReassign [no changes]
12-06 13:19:50.353  1367  1678 D ConnectivityService: requestNetwork for uid/pid:10152/8012 NetworkRequest [ TRACK_DEFAULT id=101, [ Capabilities: INTERNET&NOT_RESTRICTED&TRUSTED Uid: 10152 AdministratorUids: [] RequestorUid: 10152 RequestorPackageName: com.google.android.youtube] ]
12-06 13:19:50.354  1367  1663 D ConnectivityService: NetReassign [101 : null → 101]
12-06 13:19:50.366  1367  1663 D ConnectivityService: NetReassign [no changes]
12-06 13:19:50.829  1367  5555 D CompatibilityChangeReporter: Compat change id reported: 135634846; UID 10134; state: DISABLED
12-06 13:19:50.830  1367  1474 D CompatibilityChangeReporter: Compat change id reported: 143937733; UID 10134; state: DISABLED
12-06 13:19:50.843  1367  1474 I ActivityManager: Start proc 8240:com.google.euiccpixel/u0a134 for broadcast {com.google.euiccpixel/com.google.euiccpixel.receiver.StartOtaReceiver}
12-06 13:19:50.874  1367  5555 D ConnectivityService: requestNetwork for uid/pid:10152/8012 NetworkRequest [ TRACK_DEFAULT id=103, [ Capabilities: INTERNET&NOT_RESTRICTED&TRUSTED Uid: 10152 AdministratorUids: [] RequestorUid: 10152 RequestorPackageName: com.google.android.youtube] ]
12-06 13:19:50.877  1367  1663 D ConnectivityService: NetReassign [103 : null → 101]
12-06 13:19:50.887  1367  1663 D ConnectivityService: NetReassign [no changes]
12-06 13:19:50.915  1367  2218 D CompatibilityChangeReporter: Compat change id reported: 136219221; UID 10133; state: ENABLED
12-06 13:19:50.992  1367  5555 D CompatibilityChangeReporter: Compat change id reported: 135634846; UID 10116; state: DISABLED
12-06 13:19:50.993  1367  1474 D CompatibilityChangeReporter: Compat change id reported: 143937733; UID 10116; state: ENABLED
12-06 13:19:51.012  1367  1474 I ActivityManager: Start proc 8271:com.google.intelligence.sense/u0a116 for broadcast {com.google.intelligence.sense/com.google.intelligence.sense.common.SystemBroadcastReceiver}
12-06 13:19:51.066  1367  1678 D CompatibilityChangeReporter: Compat change id reported: 135634846; UID 10141; state: DISABLED
12-06 13:19:51.068  1367  1474 D CompatibilityChangeReporter: Compat change id reported: 143937733; UID 10141; state: ENABLED
12-06 13:19:51.087  1367  1474 I ActivityManager: Start proc 8292:com.android.chrome:privileged_process1/u0a141 for service {com.android.chrome/org.chromium.content.app.PrivilegedProcessService1}
12-06 13:19:51.119  1367  1367 D NotificationService: 0|com.google.android.apps.wellbeing|174344743|null|10133: granting content://settings/system/notification_sound
12-06 13:19:51.119  1367  1367 I chatty  : uid=1000 system_server identical 3 lines
12-06 13:19:51.119  1367  1367 D NotificationService: 0|com.google.android.apps.wellbeing|174344743|null|10133: granting content://settings/system/notification_sound
12-06 13:19:51.124  1367  1367 W NotificationHistory: Attempted to add notif for locked/gone/disabled user 0
12-06 13:19:51.240  1367  1473 I ActivityManager: Waited long enough for: ServiceRecord{a9e3ce5 u0 com.google.android.apps.scone/.wifiscorer.WifiScorerService}
12-06 13:19:51.264  1367  1474 W ActivityManager: Slow operation: 170ms so far, now at startProcess: returned from zygote!
12-06 13:19:51.264  1367  1474 W ActivityManager: Slow operation: 171ms so far, now at startProcess: done updating battery stats
12-06 13:19:51.264  1367  1474 W ActivityManager: Slow operation: 171ms so far, now at startProcess: building log message
12-06 13:19:51.264  1367  1474 I ActivityManager: Start proc 8339:com.android.chrome:sandboxed_process0:org.chromium.content.app.SandboxedProcessService0:1/u0ai0 for  {com.android.chrome/org.chromium.content.app.SandboxedProcessService0:1}
12-06 13:19:51.264  1367  1474 W ActivityManager: Slow operation: 171ms so far, now at startProcess: starting to update pids map
12-06 13:19:51.265  1367  1474 W ActivityManager: Slow operation: 171ms so far, now at startProcess: done updating pids map
12-06 13:19:51.294  1367  1367 I ActivityManager: Killing 7141:com.google.android.apps.turbo:ssb/u0a113 (adj 985): empty #33
12-06 13:19:51.335  1367  4856 D ConditionProviders: Enabling component com.google.android.gms/com.google.android.location.settings.DrivingConditionProvider
12-06 13:19:51.336  1367  4856 V ConditionProviders: binding: Intent { act=android.service.notification.ConditionProviderService cmp=com.google.android.gms/com.google.android.location.settings.DrivingConditionProvider (has extras) }
12-06 13:19:51.341  1367  1367 V ConditionProviders: 0 condition provider service connected: ComponentInfo{com.google.android.gms/com.google.android.location.settings.DrivingConditionProvider}
12-06 13:19:51.347  1367  1678 D ConditionProviders: Disabling component com.google.android.gms/com.google.android.location.settings.DrivingConditionProvider
12-06 13:19:51.424  1367  5554 I ActivityManager: Killing 6273:com.google.android.apps.tachyon/u0a193 (adj 985): empty #33
12-06 13:19:51.425  1367  5554 I ActivityManager: Killing 7170:com.google.android.apps.wallpaper/u0a176 (adj 985): empty #34
12-06 13:19:51.463  1367  5555 D CompatibilityChangeReporter: Compat change id reported: 135634846; UID 10089; state: DISABLED
12-06 13:19:51.464  1367  1474 D CompatibilityChangeReporter: Compat change id reported: 143937733; UID 10089; state: DISABLED
12-06 13:19:51.478  1367  1474 I ActivityManager: Start proc 8365:com.qualcomm.ltebc_vzw/u0a89 for broadcast {com.qualcomm.ltebc_vzw/com.qualcomm.ltebc_vzw.LTEBroadcastReceiver}
12-06 13:19:51.511  1367  2219 I ActivityTaskManager: START u0 {act=android.intent.action.MAIN cat=[android.intent.category.LAUNCHER] flg=0x10200000 cmp=com.sanint.app/com.temenos.edgehybrid.EdgeActivity bnds=[47,1986][316,2380]} from uid 10175
12-06 13:19:51.532  1367  1465 D CompatibilityChangeReporter: Compat change id reported: 135634846; UID 10234; state: DISABLED
12-06 13:19:51.532  1367  1474 D CompatibilityChangeReporter: Compat change id reported: 143937733; UID 10234; state: DISABLED
12-06 13:19:51.546  1367  1474 I ActivityManager: Start proc 8391:com.sanint.app/u0a234 for pre-top-activity {com.sanint.app/com.temenos.edgehybrid.EdgeActivity}
12-06 13:19:52.670  1367  1367 W Looper  : Slow dispatch took 133ms main h=android.app.ActivityThread$H c=android.app.-$$Lambda$LoadedApk$ReceiverDispatcher$Args$_BumDX2UKsnxLVrE6UJsJZkotuA@b8dd710 m=0
12-06 13:19:52.671  1367  1367 I Telecom : DefaultDialerCache: Refreshing default dialer for user 0: now com.google.android.dialer: DDC.oR@AFg
12-06 13:19:52.671  1367  1367 W Looper  : Slow delivery took 287ms main h=android.app.ActivityThread$H c=android.app.-$$Lambda$LoadedApk$ReceiverDispatcher$Args$_BumDX2UKsnxLVrE6UJsJZkotuA@94ba209 m=0
12-06 13:19:52.695  1367  1367 W Looper  : Drained
12-06 13:19:52.725  1367  1462 W Looper  : Slow delivery took 232ms android.fg h=android.os.Handler c=<recycled PooledLambda@9a5e4df> m=0
12-06 13:19:52.904  2089  2089 W ContextImpl: Calling a method in the system process without a qualified user: android.app.ContextImpl.startService:1669 android.content.ContextWrapper.startService:720 android.content.ContextWrapper.startService:720 com.qualcomm.qti.uceShimService.RCSReceiver.onReceive:40 android.app.ActivityThread.handleReceiver:4032 
12-06 13:19:52.908  1367  4856 D CompatibilityChangeReporter: Compat change id reported: 135634846; UID 10193; state: DISABLED
12-06 13:19:52.908  1367  1474 D CompatibilityChangeReporter: Compat change id reported: 143937733; UID 10193; state: ENABLED
12-06 13:19:52.911  1367  1663 D ConnectivityService: releasing NetworkRequest [ TRACK_DEFAULT id=103, [ Capabilities: INTERNET&NOT_RESTRICTED&TRUSTED Uid: 10152 AdministratorUids: [] RequestorUid: 10152 RequestorPackageName: com.google.android.youtube] ] (release request)
12-06 13:19:52.932  1367  1474 I ActivityManager: Start proc 8463:com.google.android.apps.tachyon/u0a193 for broadcast {com.google.android.apps.tachyon/com.google.android.apps.tachyon.common.applifecycle.BootReceiver}
12-06 13:19:52.938  1367  1663 D ConnectivityService: NetReassign [no changes]
12-06 13:19:52.959  1367  1462 W Looper  : Drained
12-06 13:19:53.014  1367  1416 I ActivityManager: Process com.qualcomm.ltebc_vzw (pid 8365) has died: fg  SVC 
12-06 13:19:53.039  1367  5937 D CompatibilityChangeReporter: Compat change id reported: 135634846; UID 10129; state: DISABLED
12-06 13:19:53.039  1367  1474 D CompatibilityChangeReporter: Compat change id reported: 143937733; UID 10129; state: ENABLED
12-06 13:19:53.056  1367  1474 I ActivityManager: Start proc 8490:com.google.android.gms.ui/u0a129 for service {com.google.android.gms/com.google.android.gms.chimera.UiIntentOperationService}
12-06 13:19:53.108  1809  8509 D PowerUI : can't show warning due to - plugged: true status unknown: false
12-06 13:19:53.596  1367  3170 I RescueParty: Starting to observe: [android], updated namespace: storage_native_boot
12-06 13:19:53.597  1367  3170 I PackageWatchdog: Updated health check state for package android: INACTIVE -> INACTIVE
12-06 13:19:53.597  1367  1472 I PackageWatchdog: Syncing state, reason: observing new packages
12-06 13:19:53.597  1367  1472 I PackageWatchdog: Not pruning observers, elapsed time: 0ms
12-06 13:19:53.597  1367  1472 I PackageWatchdog: Cancelling state sync, nothing to sync
12-06 13:19:53.597  1367  1472 D PackageWatchdog: rescue-party-observer added the following packages to monitor [android]
12-06 13:19:53.597  1367  1472 I PackageWatchdog: Syncing state, reason: updated observers
12-06 13:19:53.597  1367  1472 I PackageWatchdog: Not pruning observers, elapsed time: 0ms
12-06 13:19:53.597  1367  1472 I PackageWatchdog: Scheduling next state sync in 172800000ms
12-06 13:19:53.597  1367  1472 I PackageWatchdog: Saving observer state to file
12-06 13:19:53.611  1367  1367 D PackageWatchdog: Getting all observed packages pending health checks
12-06 13:19:53.611  1367  1367 I PackageWatchdog: Syncing health check requests for packages: {android}
12-06 13:19:53.611  1367  1367 I ExplicitHealthCheckController: Service not ready to get health check supported packages. Binding...
12-06 13:19:53.614  1367  1367 I ExplicitHealthCheckController: Explicit health check service is bound
12-06 13:19:53.614  1367  1367 D StorageManagerService: Isolated storage local flag 0 and remote flag 0 resolved to true
12-06 13:19:53.652  1367  3170 I RescueParty: Starting to observe: [android], updated namespace: runtime_native_boot
12-06 13:19:53.652  1367  3170 I PackageWatchdog: Updated health check state for package android: INACTIVE -> INACTIVE
12-06 13:19:53.652  1367  1472 I PackageWatchdog: Syncing state, reason: observing new packages
12-06 13:19:53.653  1367  1472 I PackageWatchdog: Removing 55ms from all packages on all observers
12-06 13:19:53.653  1367  1472 I PackageWatchdog: Updated health check state for package android: INACTIVE -> INACTIVE
12-06 13:19:53.653  1367  1472 I PackageWatchdog: Discarding observer rollback-observer. All packages expired
12-06 13:19:53.653  1367  1472 I PackageWatchdog: Scheduling next state sync in 172799945ms
12-06 13:19:53.653  1367  1472 D PackageWatchdog: rescue-party-observer added the following packages to monitor [android]
12-06 13:19:53.653  1367  1472 I PackageWatchdog: Syncing state, reason: updated observers
12-06 13:19:53.653  1367  1472 I PackageWatchdog: Not pruning observers, elapsed time: 0ms
12-06 13:19:53.653  1367  1472 I PackageWatchdog: Scheduling next state sync in 172800000ms
12-06 13:19:53.653  1367  1472 I PackageWatchdog: Saving observer state to file
12-06 13:19:53.681  1367  1367 D StorageManagerService: Device Config flag for FUSE is enabled, turn Settings fuse flag on
12-06 13:19:53.690  1367  1367 I ExplicitHealthCheckController: Explicit health check service is connected ComponentInfo{com.google.android.ext.services/android.ext.services.watchdog.ExplicitHealthCheckServiceImpl}
12-06 13:19:53.690  1367  1367 I ExplicitHealthCheckController: Service initialized, syncing requests
12-06 13:19:53.691  1367  1367 D PackageWatchdog: Getting all observed packages pending health checks
12-06 13:19:53.691  1367  1367 I PackageWatchdog: Syncing health check requests for packages: {android}
12-06 13:19:53.691  1367  1367 D ExplicitHealthCheckController: Getting health check supported packages
12-06 13:19:53.693  1367  1416 I StatsPullAtomService: No runtime appop access message collected
12-06 13:19:53.694  1367  3170 I ExplicitHealthCheckController: Explicit health check supported packages [PackageConfig{com.google.android.networkstack, 86400000}]
12-06 13:19:53.694  1367  3170 D PackageWatchdog: Received supported packages [PackageConfig{com.google.android.networkstack, 86400000}]
12-06 13:19:53.694  1367  3170 I PackageWatchdog: Updated health check state for package android: INACTIVE -> PASSED
12-06 13:19:53.694  1367  3170 I PackageWatchdog: Syncing state, reason: updated health check supported packages [PackageConfig{com.google.android.networkstack, 86400000}]
12-06 13:19:53.694  1367  3170 I PackageWatchdog: Removing 41ms from all packages on all observers
12-06 13:19:53.694  1367  3170 I PackageWatchdog: Updated health check state for package android: PASSED -> PASSED
12-06 13:19:53.694  1367  3170 I PackageWatchdog: Scheduling next state sync in 172799959ms
12-06 13:19:53.694  1367  3170 D ExplicitHealthCheckController: Getting health check requested packages
12-06 13:19:53.694  1367  1472 I PackageWatchdog: Saving observer state to file
12-06 13:19:53.694  1367  3170 I ExplicitHealthCheckController: Explicit health check requested packages []
12-06 13:19:53.695  1367  3170 I ExplicitHealthCheckController: No more health check requests, unbinding...
12-06 13:19:53.697  1367  3170 I ExplicitHealthCheckController: Explicit health check service is unbound
12-06 13:19:53.698  1367  1367 D PackageWatchdog: Getting all observed packages pending health checks
12-06 13:19:53.698  1367  1367 I PackageWatchdog: Syncing health check requests for packages: {}
12-06 13:19:53.698  1367  1367 I ExplicitHealthCheckController: Service not ready to get health check supported packages. Binding...
12-06 13:19:53.702  1367  1367 I ExplicitHealthCheckController: Explicit health check service is bound
12-06 13:19:53.703  1367  1367 I ExplicitHealthCheckController: Explicit health check service is connected ComponentInfo{com.google.android.ext.services/android.ext.services.watchdog.ExplicitHealthCheckServiceImpl}
12-06 13:19:53.704  1367  1367 I ExplicitHealthCheckController: Service initialized, syncing requests
12-06 13:19:53.704  1367  1367 D PackageWatchdog: Getting all observed packages pending health checks
12-06 13:19:53.704  1367  1367 I PackageWatchdog: Syncing health check requests for packages: {}
12-06 13:19:53.704  1367  1367 D ExplicitHealthCheckController: Getting health check supported packages
12-06 13:19:53.714  1367  1416 I ExplicitHealthCheckController: Explicit health check supported packages [PackageConfig{com.google.android.networkstack, 86400000}]
12-06 13:19:53.714  1367  1416 D PackageWatchdog: Received supported packages [PackageConfig{com.google.android.networkstack, 86400000}]
12-06 13:19:53.714  1367  1416 I PackageWatchdog: Updated health check state for package android: PASSED -> PASSED
12-06 13:19:53.714  1367  1416 D ExplicitHealthCheckController: Getting health check requested packages
12-06 13:19:53.714  1367  1416 I ExplicitHealthCheckController: Explicit health check requested packages []
12-06 13:19:53.714  1367  1416 I ExplicitHealthCheckController: No more health check requests, unbinding...
12-06 13:19:53.717  1367  1416 I ExplicitHealthCheckController: Explicit health check service is unbound
12-06 13:19:53.788  1367  3170 W SettingsStatsUtil: Can not parse value to float: gps,network
12-06 13:19:53.882  1367  3190 I RescueParty: Starting to observe: [com.google.android.as], updated namespace: device_personalization_services
12-06 13:19:53.882  1367  3190 I PackageWatchdog: Updated health check state for package com.google.android.as: INACTIVE -> INACTIVE
12-06 13:19:53.882  1367  1472 I PackageWatchdog: Syncing state, reason: observing new packages
12-06 13:19:53.882  1367  1472 I PackageWatchdog: Removing 189ms from all packages on all observers
12-06 13:19:53.882  1367  1472 I PackageWatchdog: Updated health check state for package android: PASSED -> PASSED
12-06 13:19:53.883  1367  1472 I PackageWatchdog: Scheduling next state sync in 172799770ms
12-06 13:19:53.883  1367  1367 D PackageWatchdog: Getting all observed packages pending health checks
12-06 13:19:53.883  1367  1367 I PackageWatchdog: Syncing health check requests for packages: {}
12-06 13:19:53.883  1367  1367 I ExplicitHealthCheckController: Service not ready to get health check supported packages. Binding...
12-06 13:19:53.884  1367  1472 D PackageWatchdog: rescue-party-observer added the following packages to monitor [com.google.android.as]
12-06 13:19:53.884  1367  1472 I PackageWatchdog: Syncing state, reason: updated observers
12-06 13:19:53.884  1367  1472 I PackageWatchdog: Removing 2ms from all packages on all observers
12-06 13:19:53.884  1367  1472 I PackageWatchdog: Updated health check state for package android: PASSED -> PASSED
12-06 13:19:53.884  1367  1472 I PackageWatchdog: Updated health check state for package com.google.android.as: INACTIVE -> INACTIVE
12-06 13:19:53.884  1367  1472 I PackageWatchdog: Scheduling next state sync in 172799768ms
12-06 13:19:53.884  1367  1472 I PackageWatchdog: Saving observer state to file
12-06 13:19:53.885  1367  1367 I ExplicitHealthCheckController: Explicit health check service is bound
12-06 13:19:53.890  1367  1367 D PackageWatchdog: Getting all observed packages pending health checks
12-06 13:19:53.890  1367  1367 I PackageWatchdog: Syncing health check requests for packages: {com.google.android.as}
12-06 13:19:53.890  1367  1367 I ExplicitHealthCheckController: Service not ready to get health check supported packages. Binding...
12-06 13:19:53.890  1367  1367 I ExplicitHealthCheckController: Not binding to service, service already connecting
12-06 13:19:53.890  1367  1367 I ExplicitHealthCheckController: Explicit health check service is connected ComponentInfo{com.google.android.ext.services/android.ext.services.watchdog.ExplicitHealthCheckServiceImpl}
12-06 13:19:53.891  1367  1367 I ExplicitHealthCheckController: Service initialized, syncing requests
12-06 13:19:53.891  1367  1367 D PackageWatchdog: Getting all observed packages pending health checks
12-06 13:19:53.891  1367  1367 I PackageWatchdog: Syncing health check requests for packages: {com.google.android.as}
12-06 13:19:53.891  1367  1367 D ExplicitHealthCheckController: Getting health check supported packages
12-06 13:19:53.893  1367  3189 I ExplicitHealthCheckController: Explicit health check supported packages [PackageConfig{com.google.android.networkstack, 86400000}]
12-06 13:19:53.893  1367  3189 D PackageWatchdog: Received supported packages [PackageConfig{com.google.android.networkstack, 86400000}]
12-06 13:19:53.893  1367  3189 I PackageWatchdog: Updated health check state for package android: PASSED -> PASSED
12-06 13:19:53.893  1367  3189 I PackageWatchdog: Updated health check state for package com.google.android.as: INACTIVE -> PASSED
12-06 13:19:53.893  1367  3189 I PackageWatchdog: Syncing state, reason: updated health check supported packages [PackageConfig{com.google.android.networkstack, 86400000}]
12-06 13:19:53.893  1367  3189 I PackageWatchdog: Removing 9ms from all packages on all observers
12-06 13:19:53.893  1367  3189 I PackageWatchdog: Updated health check state for package android: PASSED -> PASSED
12-06 13:19:53.893  1367  3189 I PackageWatchdog: Updated health check state for package com.google.android.as: PASSED -> PASSED
12-06 13:19:53.893  1367  3189 I PackageWatchdog: Scheduling next state sync in 172799759ms
12-06 13:19:53.893  1367  3189 D ExplicitHealthCheckController: Getting health check requested packages
12-06 13:19:53.893  1367  1367 D PackageWatchdog: Getting all observed packages pending health checks
12-06 13:19:53.893  1367  1367 I PackageWatchdog: Syncing health check requests for packages: {}
12-06 13:19:53.893  1367  1367 D ExplicitHealthCheckController: Getting health check supported packages
12-06 13:19:53.894  1367  5937 I ExplicitHealthCheckController: Explicit health check requested packages []
12-06 13:19:53.894  1367  5937 I ExplicitHealthCheckController: No more health check requests, unbinding...
12-06 13:19:53.894  1367  1472 I PackageWatchdog: Saving observer state to file
12-06 13:19:53.894  1367  3190 I ExplicitHealthCheckController: Explicit health check supported packages [PackageConfig{com.google.android.networkstack, 86400000}]
12-06 13:19:53.895  1367  5937 I ExplicitHealthCheckController: Explicit health check service is unbound
12-06 13:19:53.900  1367  3190 D PackageWatchdog: Received supported packages [PackageConfig{com.google.android.networkstack, 86400000}]
12-06 13:19:53.900  1367  3190 I PackageWatchdog: Updated health check state for package android: PASSED -> PASSED
12-06 13:19:53.900  1367  3190 I PackageWatchdog: Updated health check state for package com.google.android.as: PASSED -> PASSED
12-06 13:19:53.900  1367  3190 I ExplicitHealthCheckController: Service not ready to get health check requested packages. Binding...
12-06 13:19:53.902  1367  3190 I ExplicitHealthCheckController: Explicit health check service is bound
12-06 13:19:53.904  1367  1367 I ExplicitHealthCheckController: Explicit health check service is connected ComponentInfo{com.google.android.ext.services/android.ext.services.watchdog.ExplicitHealthCheckServiceImpl}
12-06 13:19:53.904  1367  1367 I ExplicitHealthCheckController: Service initialized, syncing requests
12-06 13:19:53.904  1367  1367 D PackageWatchdog: Getting all observed packages pending health checks
12-06 13:19:53.904  1367  1367 I PackageWatchdog: Syncing health check requests for packages: {}
12-06 13:19:53.904  1367  1367 D ExplicitHealthCheckController: Getting health check supported packages
12-06 13:19:53.906  1367  1416 I ExplicitHealthCheckController: Explicit health check supported packages [PackageConfig{com.google.android.networkstack, 86400000}]
12-06 13:19:53.906  1367  1416 D PackageWatchdog: Received supported packages [PackageConfig{com.google.android.networkstack, 86400000}]
12-06 13:19:53.906  1367  1416 I PackageWatchdog: Updated health check state for package android: PASSED -> PASSED
12-06 13:19:53.906  1367  1416 I PackageWatchdog: Updated health check state for package com.google.android.as: PASSED -> PASSED
12-06 13:19:53.906  1367  1416 D ExplicitHealthCheckController: Getting health check requested packages
12-06 13:19:53.906  1367  1416 I ExplicitHealthCheckController: Explicit health check requested packages []
12-06 13:19:53.906  1367  1416 I ExplicitHealthCheckController: No more health check requests, unbinding...
12-06 13:19:53.908  1367  1416 I ExplicitHealthCheckController: Explicit health check service is unbound
12-06 13:19:53.913  1367  3190 I RescueParty: Starting to observe: [com.google.android.networkstack], updated namespace: connectivity
12-06 13:19:53.913  1367  3190 I PackageWatchdog: Updated health check state for package com.google.android.networkstack: INACTIVE -> INACTIVE
12-06 13:19:53.913  1367  1472 I PackageWatchdog: Syncing state, reason: observing new packages
12-06 13:19:53.913  1367  1472 I PackageWatchdog: Removing 20ms from all packages on all observers
12-06 13:19:53.913  1367  1472 I PackageWatchdog: Updated health check state for package android: PASSED -> PASSED
12-06 13:19:53.913  1367  1472 I PackageWatchdog: Updated health check state for package com.google.android.as: PASSED -> PASSED
12-06 13:19:53.913  1367  1472 I PackageWatchdog: Scheduling next state sync in 172799739ms
12-06 13:19:53.913  1367  1472 D PackageWatchdog: rescue-party-observer added the following packages to monitor [com.google.android.networkstack]
12-06 13:19:53.913  1367  1472 I PackageWatchdog: Syncing state, reason: updated observers
12-06 13:19:53.913  1367  1472 I PackageWatchdog: Not pruning observers, elapsed time: 0ms
12-06 13:19:53.913  1367  1472 I PackageWatchdog: Scheduling next state sync in 172799739ms
12-06 13:19:53.913  1367  1472 I PackageWatchdog: Saving observer state to file
12-06 13:19:53.924  1367  1367 D PackageWatchdog: Getting all observed packages pending health checks
12-06 13:19:53.925  1367  1367 I PackageWatchdog: Syncing health check requests for packages: {com.google.android.networkstack}
12-06 13:19:53.925  1367  1367 I ExplicitHealthCheckController: Service not ready to get health check supported packages. Binding...
12-06 13:19:53.927  1367  1367 I ExplicitHealthCheckController: Explicit health check service is bound
12-06 13:19:53.929  1367  1367 I ExplicitHealthCheckController: Explicit health check service is connected ComponentInfo{com.google.android.ext.services/android.ext.services.watchdog.ExplicitHealthCheckServiceImpl}
12-06 13:19:53.929  1367  1367 I ExplicitHealthCheckController: Service initialized, syncing requests
12-06 13:19:53.929  1367  1367 D PackageWatchdog: Getting all observed packages pending health checks
12-06 13:19:53.929  1367  1367 I PackageWatchdog: Syncing health check requests for packages: {com.google.android.networkstack}
12-06 13:19:53.929  1367  1367 D ExplicitHealthCheckController: Getting health check supported packages
12-06 13:19:53.930  1367  3190 I ExplicitHealthCheckController: Explicit health check supported packages [PackageConfig{com.google.android.networkstack, 86400000}]
12-06 13:19:53.930  1367  3190 D PackageWatchdog: Received supported packages [PackageConfig{com.google.android.networkstack, 86400000}]
12-06 13:19:53.930  1367  3190 I PackageWatchdog: Updated health check state for package android: PASSED -> PASSED
12-06 13:19:53.930  1367  3190 I PackageWatchdog: Updated health check state for package com.google.android.as: PASSED -> PASSED
12-06 13:19:53.930  1367  3190 I PackageWatchdog: Updated health check state for package com.google.android.networkstack: INACTIVE -> ACTIVE
12-06 13:19:53.930  1367  3190 I PackageWatchdog: Syncing state, reason: updated health check supported packages [PackageConfig{com.google.android.networkstack, 86400000}]
12-06 13:19:53.930  1367  3190 I PackageWatchdog: Removing 17ms from all packages on all observers
12-06 13:19:53.930  1367  3190 I PackageWatchdog: Updated health check state for package android: PASSED -> PASSED
12-06 13:19:53.930  1367  3190 I PackageWatchdog: Updated health check state for package com.google.android.as: PASSED -> PASSED
12-06 13:19:53.930  1367  3190 I PackageWatchdog: Updated health check state for package com.google.android.networkstack: ACTIVE -> ACTIVE
12-06 13:19:53.930  1367  3190 I PackageWatchdog: Scheduling next state sync in 86399983ms
12-06 13:19:53.930  1367  3190 D ExplicitHealthCheckController: Getting health check requested packages
12-06 13:19:53.930  1367  1472 I PackageWatchdog: Saving observer state to file
12-06 13:19:53.930  1367  1367 D PackageWatchdog: Getting all observed packages pending health checks
12-06 13:19:53.930  1367  3190 I ExplicitHealthCheckController: Explicit health check requested packages []
12-06 13:19:53.930  1367  3190 I ExplicitHealthCheckController: Requesting health check for package com.google.android.networkstack
12-06 13:19:53.936  1367  1663 D ConnectivityService: NetReassign [no changes]
12-06 13:19:53.944  1367  4856 I PackageWatchdog: Health check passed for package: com.google.android.networkstack
12-06 13:19:53.944  1367  4856 I PackageWatchdog: Updated health check state for package com.google.android.networkstack: ACTIVE -> PASSED
12-06 13:19:53.944  1367  4856 I PackageWatchdog: Syncing state, reason: health check passed for com.google.android.networkstack
12-06 13:19:53.944  1367  4856 I PackageWatchdog: Removing 14ms from all packages on all observers
12-06 13:19:53.944  1367  4856 I PackageWatchdog: Updated health check state for package android: PASSED -> PASSED
12-06 13:19:53.944  1367  4856 I PackageWatchdog: Updated health check state for package com.google.android.as: PASSED -> PASSED
12-06 13:19:53.944  1367  4856 I PackageWatchdog: Updated health check state for package com.google.android.networkstack: PASSED -> PASSED
12-06 13:19:53.944  1367  4856 I PackageWatchdog: Scheduling next state sync in 172799708ms
12-06 13:19:53.944  1367  1472 I PackageWatchdog: Saving observer state to file
12-06 13:19:53.947  1367  1367 D PackageWatchdog: Getting all observed packages pending health checks
12-06 13:19:53.947  1367  1367 I PackageWatchdog: Syncing health check requests for packages: {}
12-06 13:19:53.947  1367  1367 D ExplicitHealthCheckController: Getting health check supported packages
12-06 13:19:53.949  1367  5937 I ExplicitHealthCheckController: Explicit health check supported packages [PackageConfig{com.google.android.networkstack, 86400000}]
12-06 13:19:53.949  1367  5937 D PackageWatchdog: Received supported packages [PackageConfig{com.google.android.networkstack, 86400000}]
12-06 13:19:53.949  1367  5937 I PackageWatchdog: Updated health check state for package android: PASSED -> PASSED
12-06 13:19:53.949  1367  5937 I PackageWatchdog: Updated health check state for package com.google.android.as: PASSED -> PASSED
12-06 13:19:53.949  1367  5937 I PackageWatchdog: Updated health check state for package com.google.android.networkstack: PASSED -> PASSED
12-06 13:19:53.949  1367  5937 D ExplicitHealthCheckController: Getting health check requested packages
12-06 13:19:53.950  1367  3190 I ExplicitHealthCheckController: Explicit health check requested packages []
12-06 13:19:53.950  1367  3190 I ExplicitHealthCheckController: No more health check requests, unbinding...
12-06 13:19:53.951  1367  3190 I ExplicitHealthCheckController: Explicit health check service is unbound
12-06 13:19:54.048  1367  5937 I RescueParty: Starting to observe: [android], updated namespace: content_capture
12-06 13:19:54.049  1367  5937 I PackageWatchdog: Updated health check state for package android: INACTIVE -> INACTIVE
12-06 13:19:54.049  1367  1472 I PackageWatchdog: Syncing state, reason: observing new packages
12-06 13:19:54.049  1367  1472 I PackageWatchdog: Removing 105ms from all packages on all observers
12-06 13:19:54.050  1367  1472 I PackageWatchdog: Updated health check state for package android: PASSED -> PASSED
12-06 13:19:54.050  1367  1472 I PackageWatchdog: Updated health check state for package com.google.android.as: PASSED -> PASSED
12-06 13:19:54.050  1367  1472 I PackageWatchdog: Updated health check state for package com.google.android.networkstack: PASSED -> PASSED
12-06 13:19:54.050  1367  1472 I PackageWatchdog: Scheduling next state sync in 172799603ms
12-06 13:19:54.050  1367  1472 D PackageWatchdog: rescue-party-observer added the following packages to monitor [android]
12-06 13:19:54.050  1367  1472 I PackageWatchdog: Syncing state, reason: updated observers
12-06 13:19:54.050  1367  1472 I PackageWatchdog: Not pruning observers, elapsed time: 0ms
12-06 13:19:54.050  1367  1472 I PackageWatchdog: Scheduling next state sync in 172799833ms
12-06 13:19:54.050  1367  1472 I PackageWatchdog: Saving observer state to file
12-06 13:19:54.056  1367  1367 D PackageWatchdog: Getting all observed packages pending health checks
12-06 13:19:54.056  1367  1367 I PackageWatchdog: Syncing health check requests for packages: {}
12-06 13:19:54.056  1367  1367 I ExplicitHealthCheckController: Service not ready to get health check supported packages. Binding...
12-06 13:19:54.058  1367  1367 I ExplicitHealthCheckController: Explicit health check service is bound
12-06 13:19:54.060  1367  1367 I ExplicitHealthCheckController: Explicit health check service is connected ComponentInfo{com.google.android.ext.services/android.ext.services.watchdog.ExplicitHealthCheckServiceImpl}
12-06 13:19:54.060  1367  1367 I ExplicitHealthCheckController: Service initialized, syncing requests
12-06 13:19:54.060  1367  1367 D PackageWatchdog: Getting all observed packages pending health checks
12-06 13:19:54.060  1367  1367 I PackageWatchdog: Syncing health check requests for packages: {}
12-06 13:19:54.060  1367  1367 D ExplicitHealthCheckController: Getting health check supported packages
12-06 13:19:54.062  1367  3170 I ExplicitHealthCheckController: Explicit health check supported packages [PackageConfig{com.google.android.networkstack, 86400000}]
12-06 13:19:54.062  1367  3170 D PackageWatchdog: Received supported packages [PackageConfig{com.google.android.networkstack, 86400000}]
12-06 13:19:54.062  1367  3170 I PackageWatchdog: Updated health check state for package android: PASSED -> PASSED
12-06 13:19:54.062  1367  3170 I PackageWatchdog: Updated health check state for package com.google.android.as: PASSED -> PASSED
12-06 13:19:54.062  1367  3170 I PackageWatchdog: Updated health check state for package com.google.android.networkstack: PASSED -> PASSED
12-06 13:19:54.062  1367  3170 D ExplicitHealthCheckController: Getting health check requested packages
12-06 13:19:54.063  1367  4856 I ExplicitHealthCheckController: Explicit health check requested packages []
12-06 13:19:54.063  1367  4856 I ExplicitHealthCheckController: No more health check requests, unbinding...
12-06 13:19:54.064  1367  4856 I ExplicitHealthCheckController: Explicit health check service is unbound
12-06 13:19:54.105  1367  4856 I RescueParty: Starting to observe: [android], updated namespace: wifi
12-06 13:19:54.106  1367  4856 I PackageWatchdog: Updated health check state for package android: INACTIVE -> INACTIVE
12-06 13:19:54.106  1367  1472 I PackageWatchdog: Syncing state, reason: observing new packages
12-06 13:19:54.106  1367  1472 I PackageWatchdog: Removing 56ms from all packages on all observers
12-06 13:19:54.106  1367  1472 I PackageWatchdog: Updated health check state for package android: PASSED -> PASSED
12-06 13:19:54.106  1367  1472 I PackageWatchdog: Updated health check state for package com.google.android.as: PASSED -> PASSED
12-06 13:19:54.106  1367  1472 I PackageWatchdog: Updated health check state for package com.google.android.networkstack: PASSED -> PASSED
12-06 13:19:54.106  1367  1472 I PackageWatchdog: Scheduling next state sync in 172799777ms
12-06 13:19:54.106  1367  1472 D PackageWatchdog: rescue-party-observer added the following packages to monitor [android]
12-06 13:19:54.106  1367  1472 I PackageWatchdog: Syncing state, reason: updated observers
12-06 13:19:54.106  1367  1472 I PackageWatchdog: Not pruning observers, elapsed time: 0ms
12-06 13:19:54.106  1367  1472 I PackageWatchdog: Scheduling next state sync in 172799777ms
12-06 13:19:54.106  1367  1472 I PackageWatchdog: Saving observer state to file
12-06 13:19:54.109  1367  1367 D PackageWatchdog: Getting all observed packages pending health checks
12-06 13:19:54.110  1367  1367 I PackageWatchdog: Syncing health check requests for packages: {}
12-06 13:19:54.110  1367  1367 I ExplicitHealthCheckController: Service not ready to get health check supported packages. Binding...
12-06 13:19:54.112  1367  1367 I ExplicitHealthCheckController: Explicit health check service is bound
12-06 13:19:54.113  1367  1367 I ExplicitHealthCheckController: Explicit health check service is connected ComponentInfo{com.google.android.ext.services/android.ext.services.watchdog.ExplicitHealthCheckServiceImpl}
12-06 13:19:54.113  1367  1367 I ExplicitHealthCheckController: Service initialized, syncing requests
12-06 13:19:54.113  1367  1367 D PackageWatchdog: Getting all observed packages pending health checks
12-06 13:19:54.113  1367  1367 I PackageWatchdog: Syncing health check requests for packages: {}
12-06 13:19:54.113  1367  1367 D ExplicitHealthCheckController: Getting health check supported packages
12-06 13:19:54.115  1367  5937 I ExplicitHealthCheckController: Explicit health check supported packages [PackageConfig{com.google.android.networkstack, 86400000}]
12-06 13:19:54.115  1367  5937 D PackageWatchdog: Received supported packages [PackageConfig{com.google.android.networkstack, 86400000}]
12-06 13:19:54.115  1367  5937 I PackageWatchdog: Updated health check state for package android: PASSED -> PASSED
12-06 13:19:54.115  1367  5937 I PackageWatchdog: Updated health check state for package com.google.android.as: PASSED -> PASSED
12-06 13:19:54.115  1367  5937 I PackageWatchdog: Updated health check state for package com.google.android.networkstack: PASSED -> PASSED
12-06 13:19:54.115  1367  5937 D ExplicitHealthCheckController: Getting health check requested packages
12-06 13:19:54.115  1367  5937 I ExplicitHealthCheckController: Explicit health check requested packages []
12-06 13:19:54.115  1367  5937 I ExplicitHealthCheckController: No more health check requests, unbinding...
12-06 13:19:54.116  1367  5937 I ExplicitHealthCheckController: Explicit health check service is unbound
12-06 13:19:54.148  1367  3170 I RescueParty: Starting to observe: [android], updated namespace: settings_stats
12-06 13:19:54.148  1367  3170 I PackageWatchdog: Updated health check state for package android: INACTIVE -> INACTIVE
12-06 13:19:54.148  1367  1472 I PackageWatchdog: Syncing state, reason: observing new packages
12-06 13:19:54.148  1367  1472 I PackageWatchdog: Removing 42ms from all packages on all observers
12-06 13:19:54.148  1367  1472 I PackageWatchdog: Updated health check state for package android: PASSED -> PASSED
12-06 13:19:54.148  1367  1472 I PackageWatchdog: Updated health check state for package com.google.android.as: PASSED -> PASSED
12-06 13:19:54.148  1367  1472 I PackageWatchdog: Updated health check state for package com.google.android.networkstack: PASSED -> PASSED
12-06 13:19:54.149  1367  1472 I PackageWatchdog: Scheduling next state sync in 172799735ms
12-06 13:19:54.149  1367  1472 D PackageWatchdog: rescue-party-observer added the following packages to monitor [android]
12-06 13:19:54.149  1367  1472 I PackageWatchdog: Syncing state, reason: updated observers
12-06 13:19:54.149  1367  1472 I PackageWatchdog: Not pruning observers, elapsed time: 0ms
12-06 13:19:54.149  1367  1472 I PackageWatchdog: Scheduling next state sync in 172799735ms
12-06 13:19:54.149  1367  1472 I PackageWatchdog: Saving observer state to file
12-06 13:19:54.152  1367  1367 D PackageWatchdog: Getting all observed packages pending health checks
12-06 13:19:54.152  1367  1367 I PackageWatchdog: Syncing health check requests for packages: {}
12-06 13:19:54.152  1367  1367 I ExplicitHealthCheckController: Service not ready to get health check supported packages. Binding...
12-06 13:19:54.153  1367  1367 I ExplicitHealthCheckController: Explicit health check service is bound
12-06 13:19:54.159  1367  1367 I ExplicitHealthCheckController: Explicit health check service is connected ComponentInfo{com.google.android.ext.services/android.ext.services.watchdog.ExplicitHealthCheckServiceImpl}
12-06 13:19:54.159  1367  1367 I ExplicitHealthCheckController: Service initialized, syncing requests
12-06 13:19:54.160  1367  1367 D PackageWatchdog: Getting all observed packages pending health checks
12-06 13:19:54.160  1367  1367 I PackageWatchdog: Syncing health check requests for packages: {}
12-06 13:19:54.160  1367  1367 D ExplicitHealthCheckController: Getting health check supported packages
12-06 13:19:54.161  1367  1416 I ExplicitHealthCheckController: Explicit health check supported packages [PackageConfig{com.google.android.networkstack, 86400000}]
12-06 13:19:54.161  1367  1416 D PackageWatchdog: Received supported packages [PackageConfig{com.google.android.networkstack, 86400000}]
12-06 13:19:54.162  1367  1416 I PackageWatchdog: Updated health check state for package android: PASSED -> PASSED
12-06 13:19:54.162  1367  1416 I PackageWatchdog: Updated health check state for package com.google.android.as: PASSED -> PASSED
12-06 13:19:54.162  1367  1416 I PackageWatchdog: Updated health check state for package com.google.android.networkstack: PASSED -> PASSED
12-06 13:19:54.162  1367  1416 D ExplicitHealthCheckController: Getting health check requested packages
12-06 13:19:54.162  1367  3190 I ExplicitHealthCheckController: Explicit health check requested packages []
12-06 13:19:54.162  1367  3190 I ExplicitHealthCheckController: No more health check requests, unbinding...
12-06 13:19:54.164  1367  3190 I ExplicitHealthCheckController: Explicit health check service is unbound
12-06 13:19:54.207  1367  3190 I RescueParty: Starting to observe: [android, com.google.android.settings.intelligence], updated namespace: telephony
12-06 13:19:54.208  1367  3190 I PackageWatchdog: Updated health check state for package android: INACTIVE -> INACTIVE
12-06 13:19:54.208  1367  3190 I PackageWatchdog: Updated health check state for package com.google.android.settings.intelligence: INACTIVE -> INACTIVE
12-06 13:19:54.208  1367  1472 I PackageWatchdog: Syncing state, reason: observing new packages
12-06 13:19:54.208  1367  1472 I PackageWatchdog: Removing 60ms from all packages on all observers
12-06 13:19:54.208  1367  1472 I PackageWatchdog: Updated health check state for package android: PASSED -> PASSED
12-06 13:19:54.208  1367  1472 I PackageWatchdog: Updated health check state for package com.google.android.as: PASSED -> PASSED
12-06 13:19:54.208  1367  1472 I PackageWatchdog: Updated health check state for package com.google.android.networkstack: PASSED -> PASSED
12-06 13:19:54.208  1367  1472 I PackageWatchdog: Scheduling next state sync in 172799675ms
12-06 13:19:54.208  1367  1472 D PackageWatchdog: rescue-party-observer added the following packages to monitor [android, com.google.android.settings.intelligence]
12-06 13:19:54.208  1367  1472 I PackageWatchdog: Syncing state, reason: updated observers
12-06 13:19:54.208  1367  1472 I PackageWatchdog: Not pruning observers, elapsed time: 0ms
12-06 13:19:54.208  1367  1472 I PackageWatchdog: Scheduling next state sync in 172799675ms
12-06 13:19:54.208  1367  1472 I PackageWatchdog: Saving observer state to file
12-06 13:19:54.224  1367  1367 D PackageWatchdog: Getting all observed packages pending health checks
12-06 13:19:54.225  1367  1367 I PackageWatchdog: Syncing health check requests for packages: {com.google.android.settings.intelligence}
12-06 13:19:54.225  1367  1367 I ExplicitHealthCheckController: Service not ready to get health check supported packages. Binding...
12-06 13:19:54.226  1367  1367 I ExplicitHealthCheckController: Explicit health check service is bound
12-06 13:19:54.228  1367  1367 I ExplicitHealthCheckController: Explicit health check service is connected ComponentInfo{com.google.android.ext.services/android.ext.services.watchdog.ExplicitHealthCheckServiceImpl}
12-06 13:19:54.228  1367  1367 I ExplicitHealthCheckController: Service initialized, syncing requests
12-06 13:19:54.228  1367  1367 D PackageWatchdog: Getting all observed packages pending health checks
12-06 13:19:54.228  1367  1367 I PackageWatchdog: Syncing health check requests for packages: {com.google.android.settings.intelligence}
12-06 13:19:54.228  1367  1367 D ExplicitHealthCheckController: Getting health check supported packages
12-06 13:19:54.230  1367  3189 I ExplicitHealthCheckController: Explicit health check supported packages [PackageConfig{com.google.android.networkstack, 86400000}]
12-06 13:19:54.230  1367  3189 D PackageWatchdog: Received supported packages [PackageConfig{com.google.android.networkstack, 86400000}]
12-06 13:19:54.230  1367  3189 I PackageWatchdog: Updated health check state for package android: PASSED -> PASSED
12-06 13:19:54.230  1367  3189 I PackageWatchdog: Updated health check state for package com.google.android.as: PASSED -> PASSED
12-06 13:19:54.230  1367  3189 I PackageWatchdog: Updated health check state for package com.google.android.networkstack: PASSED -> PASSED
12-06 13:19:54.230  1367  3189 I PackageWatchdog: Updated health check state for package com.google.android.settings.intelligence: INACTIVE -> PASSED
12-06 13:19:54.230  1367  3189 I PackageWatchdog: Syncing state, reason: updated health check supported packages [PackageConfig{com.google.android.networkstack, 86400000}]
12-06 13:19:54.230  1367  3189 I PackageWatchdog: Removing 22ms from all packages on all observers
12-06 13:19:54.230  1367  3189 I PackageWatchdog: Updated health check state for package android: PASSED -> PASSED
12-06 13:19:54.230  1367  3189 I PackageWatchdog: Updated health check state for package com.google.android.as: PASSED -> PASSED
12-06 13:19:54.230  1367  3189 I PackageWatchdog: Updated health check state for package com.google.android.networkstack: PASSED -> PASSED
12-06 13:19:54.230  1367  3189 I PackageWatchdog: Updated health check state for package com.google.android.settings.intelligence: PASSED -> PASSED
12-06 13:19:54.230  1367  3189 I PackageWatchdog: Scheduling next state sync in 172799653ms
12-06 13:19:54.230  1367  1472 I PackageWatchdog: Saving observer state to file
12-06 13:19:54.230  1367  3189 D ExplicitHealthCheckController: Getting health check requested packages
12-06 13:19:54.231  1367  1416 I ExplicitHealthCheckController: Explicit health check requested packages []
12-06 13:19:54.231  1367  1416 I ExplicitHealthCheckController: No more health check requests, unbinding...
12-06 13:19:54.233  1367  1416 I ExplicitHealthCheckController: Explicit health check service is unbound
12-06 13:19:54.234  1367  1367 D PackageWatchdog: Getting all observed packages pending health checks
12-06 13:19:54.234  1367  1367 I PackageWatchdog: Syncing health check requests for packages: {}
12-06 13:19:54.235  1367  1367 I ExplicitHealthCheckController: Service not ready to get health check supported packages. Binding...
12-06 13:19:54.236  1367  1367 I ExplicitHealthCheckController: Explicit health check service is bound
12-06 13:19:54.238  1367  1367 I ExplicitHealthCheckController: Explicit health check service is connected ComponentInfo{com.google.android.ext.services/android.ext.services.watchdog.ExplicitHealthCheckServiceImpl}
12-06 13:19:54.238  1367  1367 I ExplicitHealthCheckController: Service initialized, syncing requests
12-06 13:19:54.238  1367  1367 D PackageWatchdog: Getting all observed packages pending health checks
12-06 13:19:54.238  1367  1367 I PackageWatchdog: Syncing health check requests for packages: {}
12-06 13:19:54.238  1367  1367 D ExplicitHealthCheckController: Getting health check supported packages
12-06 13:19:54.239  1367  1416 I ExplicitHealthCheckController: Explicit health check supported packages [PackageConfig{com.google.android.networkstack, 86400000}]
12-06 13:19:54.239  1367  1416 D PackageWatchdog: Received supported packages [PackageConfig{com.google.android.networkstack, 86400000}]
12-06 13:19:54.239  1367  1416 I PackageWatchdog: Updated health check state for package android: PASSED -> PASSED
12-06 13:19:54.239  1367  1416 I PackageWatchdog: Updated health check state for package com.google.android.as: PASSED -> PASSED
