12-06 13:19:54.980  1367  3189 I PackageWatchdog: Updated health check state for package com.google.android.networkstack: PASSED -> PASSED
12-06 13:19:54.980  1367  3189 I PackageWatchdog: Updated health check state for package com.google.android.apps.nexuslauncher: PASSED -> PASSED
12-06 13:19:54.980  1367  3189 I PackageWatchdog: Updated health check state for package com.google.android.settings.intelligence: PASSED -> PASSED
12-06 13:19:54.980  1367  3189 I PackageWatchdog: Updated health check state for package com.android.systemui: PASSED -> PASSED
12-06 13:19:54.980  1367  3189 D ExplicitHealthCheckController: Getting health check requested packages
12-06 13:19:54.980  1367  3190 I ExplicitHealthCheckController: Explicit health check requested packages []
12-06 13:19:54.980  1367  3190 I ExplicitHealthCheckController: No more health check requests, unbinding...
12-06 13:19:54.982  1367  3190 I ExplicitHealthCheckController: Explicit health check service is unbound
12-06 13:19:54.991  1367  4856 I RescueParty: Starting to observe: [android], updated namespace: content_capture
12-06 13:19:54.992  1367  4856 I PackageWatchdog: Updated health check state for package android: INACTIVE -> INACTIVE
12-06 13:19:54.992  1367  1472 I PackageWatchdog: Syncing state, reason: observing new packages
12-06 13:19:54.992  1367  1472 I PackageWatchdog: Removing 24ms from all packages on all observers
12-06 13:19:54.992  1367  1472 I PackageWatchdog: Updated health check state for package com.google.android.ext.services: PASSED -> PASSED
12-06 13:19:54.992  1367  1472 I PackageWatchdog: Updated health check state for package android: PASSED -> PASSED
12-06 13:19:54.992  1367  1472 I PackageWatchdog: Updated health check state for package com.google.android.as: PASSED -> PASSED
12-06 13:19:54.992  1367  1472 I PackageWatchdog: Updated health check state for package com.google.android.networkstack: PASSED -> PASSED
12-06 13:19:54.992  1367  1472 I PackageWatchdog: Updated health check state for package com.google.android.apps.nexuslauncher: PASSED -> PASSED
12-06 13:19:54.992  1367  1472 I PackageWatchdog: Updated health check state for package com.google.android.settings.intelligence: PASSED -> PASSED
12-06 13:19:54.992  1367  1472 I PackageWatchdog: Updated health check state for package com.android.systemui: PASSED -> PASSED
12-06 13:19:54.992  1367  1472 I PackageWatchdog: Scheduling next state sync in 172799217ms
12-06 13:19:54.992  1367  1472 D PackageWatchdog: rescue-party-observer added the following packages to monitor [android]
12-06 13:19:54.992  1367  1472 I PackageWatchdog: Syncing state, reason: updated observers
12-06 13:19:54.992  1367  1472 I PackageWatchdog: Not pruning observers, elapsed time: 0ms
12-06 13:19:54.992  1367  1472 I PackageWatchdog: Scheduling next state sync in 172799217ms
12-06 13:19:54.993  1367  1472 I PackageWatchdog: Saving observer state to file
12-06 13:19:54.998  1367  1367 D PackageWatchdog: Getting all observed packages pending health checks
12-06 13:19:54.998  1367  1367 I PackageWatchdog: Syncing health check requests for packages: {}
12-06 13:19:54.998  1367  1367 I ExplicitHealthCheckController: Service not ready to get health check supported packages. Binding...
12-06 13:19:54.999  1367  1367 I ExplicitHealthCheckController: Explicit health check service is bound
12-06 13:19:55.001  1367  1367 I ExplicitHealthCheckController: Explicit health check service is connected ComponentInfo{com.google.android.ext.services/android.ext.services.watchdog.ExplicitHealthCheckServiceImpl}
12-06 13:19:55.001  1367  1367 I ExplicitHealthCheckController: Service initialized, syncing requests
12-06 13:19:55.001  1367  1367 D PackageWatchdog: Getting all observed packages pending health checks
12-06 13:19:55.001  1367  1367 I PackageWatchdog: Syncing health check requests for packages: {}
12-06 13:19:55.001  1367  1367 D ExplicitHealthCheckController: Getting health check supported packages
12-06 13:19:55.002  1367  4856 I ExplicitHealthCheckController: Explicit health check supported packages [PackageConfig{com.google.android.networkstack, 86400000}]
12-06 13:19:55.003  1367  4856 D PackageWatchdog: Received supported packages [PackageConfig{com.google.android.networkstack, 86400000}]
12-06 13:19:55.003  1367  4856 I PackageWatchdog: Updated health check state for package com.google.android.ext.services: PASSED -> PASSED
12-06 13:19:55.003  1367  4856 I PackageWatchdog: Updated health check state for package android: PASSED -> PASSED
12-06 13:19:55.003  1367  4856 I PackageWatchdog: Updated health check state for package com.google.android.as: PASSED -> PASSED
12-06 13:19:55.003  1367  4856 I PackageWatchdog: Updated health check state for package com.google.android.networkstack: PASSED -> PASSED
12-06 13:19:55.003  1367  4856 I PackageWatchdog: Updated health check state for package com.google.android.apps.nexuslauncher: PASSED -> PASSED
12-06 13:19:55.003  1367  4856 I PackageWatchdog: Updated health check state for package com.google.android.settings.intelligence: PASSED -> PASSED
12-06 13:19:55.003  1367  4856 I PackageWatchdog: Updated health check state for package com.android.systemui: PASSED -> PASSED
12-06 13:19:55.003  1367  4856 D ExplicitHealthCheckController: Getting health check requested packages
12-06 13:19:55.003  1367  3190 I ExplicitHealthCheckController: Explicit health check requested packages []
12-06 13:19:55.003  1367  3190 I ExplicitHealthCheckController: No more health check requests, unbinding...
12-06 13:19:55.005  1367  3190 I ExplicitHealthCheckController: Explicit health check service is unbound
12-06 13:19:55.013  1367  1416 I RescueParty: Starting to observe: [android], updated namespace: wifi
12-06 13:19:55.013  1367  1416 I PackageWatchdog: Updated health check state for package android: INACTIVE -> INACTIVE
12-06 13:19:55.013  1367  1472 I PackageWatchdog: Syncing state, reason: observing new packages
12-06 13:19:55.013  1367  1472 I PackageWatchdog: Removing 21ms from all packages on all observers
12-06 13:19:55.013  1367  1472 I PackageWatchdog: Updated health check state for package com.google.android.ext.services: PASSED -> PASSED
12-06 13:19:55.013  1367  1472 I PackageWatchdog: Updated health check state for package android: PASSED -> PASSED
12-06 13:19:55.013  1367  1472 I PackageWatchdog: Updated health check state for package com.google.android.as: PASSED -> PASSED
12-06 13:19:55.013  1367  1472 I PackageWatchdog: Updated health check state for package com.google.android.networkstack: PASSED -> PASSED
12-06 13:19:55.013  1367  1472 I PackageWatchdog: Updated health check state for package com.google.android.apps.nexuslauncher: PASSED -> PASSED
12-06 13:19:55.013  1367  1472 I PackageWatchdog: Updated health check state for package com.google.android.settings.intelligence: PASSED -> PASSED
12-06 13:19:55.013  1367  1472 I PackageWatchdog: Updated health check state for package com.android.systemui: PASSED -> PASSED
12-06 13:19:55.014  1367  1472 I PackageWatchdog: Scheduling next state sync in 172799196ms
12-06 13:19:55.014  1367  1472 D PackageWatchdog: rescue-party-observer added the following packages to monitor [android]
12-06 13:19:55.014  1367  1472 I PackageWatchdog: Syncing state, reason: updated observers
12-06 13:19:55.014  1367  1472 I PackageWatchdog: Not pruning observers, elapsed time: 0ms
12-06 13:19:55.014  1367  1472 I PackageWatchdog: Scheduling next state sync in 172799196ms
12-06 13:19:55.014  1367  1472 I PackageWatchdog: Saving observer state to file
12-06 13:19:55.018  1367  1367 D PackageWatchdog: Getting all observed packages pending health checks
12-06 13:19:55.018  1367  1367 I PackageWatchdog: Syncing health check requests for packages: {}
12-06 13:19:55.018  1367  1367 I ExplicitHealthCheckController: Service not ready to get health check supported packages. Binding...
12-06 13:19:55.020  1367  1367 I ExplicitHealthCheckController: Explicit health check service is bound
12-06 13:19:55.022  1367  1367 I ExplicitHealthCheckController: Explicit health check service is connected ComponentInfo{com.google.android.ext.services/android.ext.services.watchdog.ExplicitHealthCheckServiceImpl}
12-06 13:19:55.022  1367  1367 I ExplicitHealthCheckController: Service initialized, syncing requests
12-06 13:19:55.022  1367  1367 D PackageWatchdog: Getting all observed packages pending health checks
12-06 13:19:55.022  1367  1367 I PackageWatchdog: Syncing health check requests for packages: {}
12-06 13:19:55.022  1367  1367 D ExplicitHealthCheckController: Getting health check supported packages
12-06 13:19:55.023  1367  3190 I ExplicitHealthCheckController: Explicit health check supported packages [PackageConfig{com.google.android.networkstack, 86400000}]
12-06 13:19:55.023  1367  3190 D PackageWatchdog: Received supported packages [PackageConfig{com.google.android.networkstack, 86400000}]
12-06 13:19:55.023  1367  3190 I PackageWatchdog: Updated health check state for package com.google.android.ext.services: PASSED -> PASSED
12-06 13:19:55.023  1367  3190 I PackageWatchdog: Updated health check state for package android: PASSED -> PASSED
12-06 13:19:55.023  1367  3190 I PackageWatchdog: Updated health check state for package com.google.android.as: PASSED -> PASSED
12-06 13:19:55.023  1367  3190 I PackageWatchdog: Updated health check state for package com.google.android.networkstack: PASSED -> PASSED
12-06 13:19:55.023  1367  3190 I PackageWatchdog: Updated health check state for package com.google.android.apps.nexuslauncher: PASSED -> PASSED
12-06 13:19:55.023  1367  3190 I PackageWatchdog: Updated health check state for package com.google.android.settings.intelligence: PASSED -> PASSED
12-06 13:19:55.023  1367  3190 I PackageWatchdog: Updated health check state for package com.android.systemui: PASSED -> PASSED
12-06 13:19:55.023  1367  3190 D ExplicitHealthCheckController: Getting health check requested packages
12-06 13:19:55.024  1367  3190 I ExplicitHealthCheckController: Explicit health check requested packages []
12-06 13:19:55.024  1367  3190 I ExplicitHealthCheckController: No more health check requests, unbinding...
12-06 13:19:55.025  1367  3190 I ExplicitHealthCheckController: Explicit health check service is unbound
12-06 13:19:55.046  1367  1416 I RescueParty: Starting to observe: [android], updated namespace: settings_stats
12-06 13:19:55.047  1367  1416 I PackageWatchdog: Updated health check state for package android: INACTIVE -> INACTIVE
12-06 13:19:55.047  1367  1472 I PackageWatchdog: Syncing state, reason: observing new packages
12-06 13:19:55.047  1367  1472 I PackageWatchdog: Removing 34ms from all packages on all observers
12-06 13:19:55.047  1367  1472 I PackageWatchdog: Updated health check state for package com.google.android.ext.services: PASSED -> PASSED
12-06 13:19:55.047  1367  1472 I PackageWatchdog: Updated health check state for package android: PASSED -> PASSED
12-06 13:19:55.047  1367  1472 I PackageWatchdog: Updated health check state for package com.google.android.as: PASSED -> PASSED
12-06 13:19:55.047  1367  1472 I PackageWatchdog: Updated health check state for package com.google.android.networkstack: PASSED -> PASSED
12-06 13:19:55.047  1367  1472 I PackageWatchdog: Updated health check state for package com.google.android.apps.nexuslauncher: PASSED -> PASSED
12-06 13:19:55.047  1367  1472 I PackageWatchdog: Updated health check state for package com.google.android.settings.intelligence: PASSED -> PASSED
12-06 13:19:55.047  1367  1472 I PackageWatchdog: Updated health check state for package com.android.systemui: PASSED -> PASSED
12-06 13:19:55.047  1367  1472 I PackageWatchdog: Scheduling next state sync in 172799162ms
12-06 13:19:55.047  1367  1472 D PackageWatchdog: rescue-party-observer added the following packages to monitor [android]
12-06 13:19:55.047  1367  1472 I PackageWatchdog: Syncing state, reason: updated observers
12-06 13:19:55.047  1367  1472 I PackageWatchdog: Not pruning observers, elapsed time: 0ms
12-06 13:19:55.047  1367  1472 I PackageWatchdog: Scheduling next state sync in 172799162ms
12-06 13:19:55.047  1367  1472 I PackageWatchdog: Saving observer state to file
12-06 13:19:55.051  1367  1367 D PackageWatchdog: Getting all observed packages pending health checks
12-06 13:19:55.051  1367  1367 I PackageWatchdog: Syncing health check requests for packages: {}
12-06 13:19:55.051  1367  1367 I ExplicitHealthCheckController: Service not ready to get health check supported packages. Binding...
12-06 13:19:55.052  1367  1367 I ExplicitHealthCheckController: Explicit health check service is bound
12-06 13:19:55.055  1367  1367 I ExplicitHealthCheckController: Explicit health check service is connected ComponentInfo{com.google.android.ext.services/android.ext.services.watchdog.ExplicitHealthCheckServiceImpl}
12-06 13:19:55.055  1367  1367 I ExplicitHealthCheckController: Service initialized, syncing requests
12-06 13:19:55.055  1367  1367 D PackageWatchdog: Getting all observed packages pending health checks
12-06 13:19:55.055  1367  1367 I PackageWatchdog: Syncing health check requests for packages: {}
12-06 13:19:55.055  1367  1367 D ExplicitHealthCheckController: Getting health check supported packages
12-06 13:19:55.056  1367  1416 I ExplicitHealthCheckController: Explicit health check supported packages [PackageConfig{com.google.android.networkstack, 86400000}]
12-06 13:19:55.056  1367  1416 D PackageWatchdog: Received supported packages [PackageConfig{com.google.android.networkstack, 86400000}]
12-06 13:19:55.056  1367  1416 I PackageWatchdog: Updated health check state for package com.google.android.ext.services: PASSED -> PASSED
12-06 13:19:55.056  1367  1416 I PackageWatchdog: Updated health check state for package android: PASSED -> PASSED
12-06 13:19:55.056  1367  1416 I PackageWatchdog: Updated health check state for package com.google.android.as: PASSED -> PASSED
12-06 13:19:55.056  1367  1416 I PackageWatchdog: Updated health check state for package com.google.android.networkstack: PASSED -> PASSED
12-06 13:19:55.056  1367  1416 I PackageWatchdog: Updated health check state for package com.google.android.apps.nexuslauncher: PASSED -> PASSED
12-06 13:19:55.056  1367  1416 I PackageWatchdog: Updated health check state for package com.google.android.settings.intelligence: PASSED -> PASSED
12-06 13:19:55.056  1367  1416 I PackageWatchdog: Updated health check state for package com.android.systemui: PASSED -> PASSED
12-06 13:19:55.056  1367  1416 D ExplicitHealthCheckController: Getting health check requested packages
12-06 13:19:55.056  1367  3189 I ExplicitHealthCheckController: Explicit health check requested packages []
12-06 13:19:55.056  1367  3189 I ExplicitHealthCheckController: No more health check requests, unbinding...
12-06 13:19:55.058  1367  3189 I ExplicitHealthCheckController: Explicit health check service is unbound
12-06 13:19:55.071  1367  3190 I RescueParty: Starting to observe: [android, com.google.android.settings.intelligence], updated namespace: telephony
12-06 13:19:55.071  1367  3190 I PackageWatchdog: Updated health check state for package android: INACTIVE -> INACTIVE
12-06 13:19:55.072  1367  3190 I PackageWatchdog: Updated health check state for package com.google.android.settings.intelligence: INACTIVE -> INACTIVE
12-06 13:19:55.072  1367  1472 I PackageWatchdog: Syncing state, reason: observing new packages
12-06 13:19:55.072  1367  1472 I PackageWatchdog: Removing 24ms from all packages on all observers
12-06 13:19:55.072  1367  1472 I PackageWatchdog: Updated health check state for package com.google.android.ext.services: PASSED -> PASSED
12-06 13:19:55.072  1367  1472 I PackageWatchdog: Updated health check state for package android: PASSED -> PASSED
12-06 13:19:55.072  1367  1472 I PackageWatchdog: Updated health check state for package com.google.android.as: PASSED -> PASSED
12-06 13:19:55.072  1367  1472 I PackageWatchdog: Updated health check state for package com.google.android.networkstack: PASSED -> PASSED
12-06 13:19:55.072  1367  1472 I PackageWatchdog: Updated health check state for package com.google.android.apps.nexuslauncher: PASSED -> PASSED
12-06 13:19:55.072  1367  1472 I PackageWatchdog: Updated health check state for package com.google.android.settings.intelligence: PASSED -> PASSED
12-06 13:19:55.072  1367  1472 I PackageWatchdog: Updated health check state for package com.android.systemui: PASSED -> PASSED
12-06 13:19:55.072  1367  1472 I PackageWatchdog: Scheduling next state sync in 172799138ms
12-06 13:19:55.072  1367  1472 D PackageWatchdog: rescue-party-observer added the following packages to monitor [android, com.google.android.settings.intelligence]
12-06 13:19:55.072  1367  1472 I PackageWatchdog: Syncing state, reason: updated observers
12-06 13:19:55.072  1367  1472 I PackageWatchdog: Not pruning observers, elapsed time: 0ms
12-06 13:19:55.072  1367  1472 I PackageWatchdog: Scheduling next state sync in 172799300ms
12-06 13:19:55.072  1367  1472 I PackageWatchdog: Saving observer state to file
12-06 13:19:55.076  1367  1367 D PackageWatchdog: Getting all observed packages pending health checks
12-06 13:19:55.076  1367  1367 I PackageWatchdog: Syncing health check requests for packages: {}
12-06 13:19:55.076  1367  1367 I ExplicitHealthCheckController: Service not ready to get health check supported packages. Binding...
12-06 13:19:55.077  1367  1367 I ExplicitHealthCheckController: Explicit health check service is bound
12-06 13:19:55.079  1367  1367 I ExplicitHealthCheckController: Explicit health check service is connected ComponentInfo{com.google.android.ext.services/android.ext.services.watchdog.ExplicitHealthCheckServiceImpl}
12-06 13:19:55.079  1367  1367 I ExplicitHealthCheckController: Service initialized, syncing requests
12-06 13:19:55.079  1367  1367 D PackageWatchdog: Getting all observed packages pending health checks
12-06 13:19:55.079  1367  1367 I PackageWatchdog: Syncing health check requests for packages: {}
12-06 13:19:55.079  1367  1367 D ExplicitHealthCheckController: Getting health check supported packages
12-06 13:19:55.080  1367  3189 I ExplicitHealthCheckController: Explicit health check supported packages [PackageConfig{com.google.android.networkstack, 86400000}]
12-06 13:19:55.080  1367  3189 D PackageWatchdog: Received supported packages [PackageConfig{com.google.android.networkstack, 86400000}]
12-06 13:19:55.080  1367  3189 I PackageWatchdog: Updated health check state for package com.google.android.ext.services: PASSED -> PASSED
12-06 13:19:55.080  1367  3189 I PackageWatchdog: Updated health check state for package android: PASSED -> PASSED
12-06 13:19:55.080  1367  3189 I PackageWatchdog: Updated health check state for package com.google.android.as: PASSED -> PASSED
12-06 13:19:55.080  1367  3189 I PackageWatchdog: Updated health check state for package com.google.android.networkstack: PASSED -> PASSED
12-06 13:19:55.080  1367  3189 I PackageWatchdog: Updated health check state for package com.google.android.apps.nexuslauncher: PASSED -> PASSED
12-06 13:19:55.080  1367  3189 I PackageWatchdog: Updated health check state for package com.google.android.settings.intelligence: PASSED -> PASSED
12-06 13:19:55.080  1367  3189 I PackageWatchdog: Updated health check state for package com.android.systemui: PASSED -> PASSED
12-06 13:19:55.080  1367  3189 D ExplicitHealthCheckController: Getting health check requested packages
12-06 13:19:55.081  1367  3189 I ExplicitHealthCheckController: Explicit health check requested packages []
12-06 13:19:55.081  1367  3189 I ExplicitHealthCheckController: No more health check requests, unbinding...
12-06 13:19:55.082  1367  3189 I ExplicitHealthCheckController: Explicit health check service is unbound
12-06 13:19:55.087  1367  3189 I RescueParty: Starting to observe: [android], updated namespace: runtime_native
12-06 13:19:55.087  1367  3189 I PackageWatchdog: Updated health check state for package android: INACTIVE -> INACTIVE
12-06 13:19:55.088  1367  1472 I PackageWatchdog: Syncing state, reason: observing new packages
12-06 13:19:55.088  1367  1472 I PackageWatchdog: Removing 15ms from all packages on all observers
12-06 13:19:55.088  1367  1472 I PackageWatchdog: Updated health check state for package com.google.android.ext.services: PASSED -> PASSED
12-06 13:19:55.088  1367  1472 I PackageWatchdog: Updated health check state for package android: PASSED -> PASSED
12-06 13:19:55.088  1367  1472 I PackageWatchdog: Updated health check state for package com.google.android.as: PASSED -> PASSED
12-06 13:19:55.088  1367  1472 I PackageWatchdog: Updated health check state for package com.google.android.networkstack: PASSED -> PASSED
12-06 13:19:55.088  1367  1472 I PackageWatchdog: Updated health check state for package com.google.android.apps.nexuslauncher: PASSED -> PASSED
12-06 13:19:55.088  1367  1472 I PackageWatchdog: Updated health check state for package com.google.android.settings.intelligence: PASSED -> PASSED
12-06 13:19:55.088  1367  1472 I PackageWatchdog: Updated health check state for package com.android.systemui: PASSED -> PASSED
12-06 13:19:55.089  1367  1472 I PackageWatchdog: Scheduling next state sync in 172799285ms
12-06 13:19:55.089  1367  1367 D PackageWatchdog: Getting all observed packages pending health checks
12-06 13:19:55.089  1367  1367 I PackageWatchdog: Syncing health check requests for packages: {}
12-06 13:19:55.089  1367  1367 I ExplicitHealthCheckController: Service not ready to get health check supported packages. Binding...
12-06 13:19:55.091  1367  1367 I ExplicitHealthCheckController: Explicit health check service is bound
12-06 13:19:55.091  1367  1472 D PackageWatchdog: rescue-party-observer added the following packages to monitor [android]
12-06 13:19:55.091  1367  1472 I PackageWatchdog: Syncing state, reason: updated observers
12-06 13:19:55.091  1367  1472 I PackageWatchdog: Removing 2ms from all packages on all observers
12-06 13:19:55.091  1367  1472 I PackageWatchdog: Updated health check state for package com.google.android.ext.services: PASSED -> PASSED
12-06 13:19:55.091  1367  1472 I PackageWatchdog: Updated health check state for package android: PASSED -> PASSED
12-06 13:19:55.091  1367  1472 I PackageWatchdog: Updated health check state for package com.google.android.as: PASSED -> PASSED
12-06 13:19:55.091  1367  1472 I PackageWatchdog: Updated health check state for package com.google.android.networkstack: PASSED -> PASSED
12-06 13:19:55.091  1367  1472 I PackageWatchdog: Updated health check state for package com.google.android.apps.nexuslauncher: PASSED -> PASSED
12-06 13:19:55.091  1367  1472 I PackageWatchdog: Updated health check state for package com.google.android.settings.intelligence: PASSED -> PASSED
12-06 13:19:55.091  1367  1472 I PackageWatchdog: Updated health check state for package com.android.systemui: PASSED -> PASSED
12-06 13:19:55.092  1367  1472 I PackageWatchdog: Scheduling next state sync in 172799283ms
12-06 13:19:55.092  1367  1367 D PackageWatchdog: Getting all observed packages pending health checks
12-06 13:19:55.092  1367  1367 I PackageWatchdog: Syncing health check requests for packages: {}
12-06 13:19:55.092  1367  1367 I ExplicitHealthCheckController: Service not ready to get health check supported packages. Binding...
12-06 13:19:55.092  1367  1367 I ExplicitHealthCheckController: Not binding to service, service already connecting
12-06 13:19:55.092  1367  1472 I PackageWatchdog: Saving observer state to file
12-06 13:19:55.093  1367  1367 I ExplicitHealthCheckController: Explicit health check service is connected ComponentInfo{com.google.android.ext.services/android.ext.services.watchdog.ExplicitHealthCheckServiceImpl}
12-06 13:19:55.093  1367  1367 I ExplicitHealthCheckController: Service initialized, syncing requests
12-06 13:19:55.097  1367  1367 D PackageWatchdog: Getting all observed packages pending health checks
12-06 13:19:55.097  1367  1367 I PackageWatchdog: Syncing health check requests for packages: {}
12-06 13:19:55.097  1367  1367 D ExplicitHealthCheckController: Getting health check supported packages
12-06 13:19:55.098  1367  4856 I ExplicitHealthCheckController: Explicit health check supported packages [PackageConfig{com.google.android.networkstack, 86400000}]
12-06 13:19:55.098  1367  4856 D PackageWatchdog: Received supported packages [PackageConfig{com.google.android.networkstack, 86400000}]
12-06 13:19:55.098  1367  4856 I PackageWatchdog: Updated health check state for package com.google.android.ext.services: PASSED -> PASSED
12-06 13:19:55.098  1367  4856 I PackageWatchdog: Updated health check state for package android: PASSED -> PASSED
12-06 13:19:55.098  1367  4856 I PackageWatchdog: Updated health check state for package com.google.android.as: PASSED -> PASSED
12-06 13:19:55.098  1367  4856 I PackageWatchdog: Updated health check state for package com.google.android.networkstack: PASSED -> PASSED
12-06 13:19:55.098  1367  4856 I PackageWatchdog: Updated health check state for package com.google.android.apps.nexuslauncher: PASSED -> PASSED
12-06 13:19:55.098  1367  4856 I PackageWatchdog: Updated health check state for package com.google.android.settings.intelligence: PASSED -> PASSED
12-06 13:19:55.098  1367  4856 I PackageWatchdog: Updated health check state for package com.android.systemui: PASSED -> PASSED
12-06 13:19:55.098  1367  4856 D ExplicitHealthCheckController: Getting health check requested packages
12-06 13:19:55.099  1367  3190 I ExplicitHealthCheckController: Explicit health check requested packages []
12-06 13:19:55.099  1367  3190 I ExplicitHealthCheckController: No more health check requests, unbinding...
12-06 13:19:55.101  1367  3190 I ExplicitHealthCheckController: Explicit health check service is unbound
12-06 13:19:55.123  1367  3189 I RescueParty: Starting to observe: [com.google.android.apps.nexuslauncher], updated namespace: launcher
12-06 13:19:55.123  1367  3189 I PackageWatchdog: Updated health check state for package com.google.android.apps.nexuslauncher: INACTIVE -> INACTIVE
12-06 13:19:55.123  1367  1472 I PackageWatchdog: Syncing state, reason: observing new packages
12-06 13:19:55.123  1367  1472 I PackageWatchdog: Removing 31ms from all packages on all observers
12-06 13:19:55.123  1367  1472 I PackageWatchdog: Updated health check state for package com.google.android.ext.services: PASSED -> PASSED
12-06 13:19:55.123  1367  1472 I PackageWatchdog: Updated health check state for package android: PASSED -> PASSED
12-06 13:19:55.123  1367  1472 I PackageWatchdog: Updated health check state for package com.google.android.as: PASSED -> PASSED
12-06 13:19:55.123  1367  1472 I PackageWatchdog: Updated health check state for package com.google.android.networkstack: PASSED -> PASSED
12-06 13:19:55.123  1367  1472 I PackageWatchdog: Updated health check state for package com.google.android.apps.nexuslauncher: PASSED -> PASSED
12-06 13:19:55.123  1367  1472 I PackageWatchdog: Updated health check state for package com.google.android.settings.intelligence: PASSED -> PASSED
12-06 13:19:55.123  1367  1472 I PackageWatchdog: Updated health check state for package com.android.systemui: PASSED -> PASSED
12-06 13:19:55.123  1367  1472 I PackageWatchdog: Scheduling next state sync in 172799252ms
12-06 13:19:55.123  1367  1472 D PackageWatchdog: rescue-party-observer added the following packages to monitor [com.google.android.apps.nexuslauncher]
12-06 13:19:55.123  1367  1472 I PackageWatchdog: Syncing state, reason: updated observers
12-06 13:19:55.123  1367  1472 I PackageWatchdog: Not pruning observers, elapsed time: 0ms
12-06 13:19:55.123  1367  1472 I PackageWatchdog: Scheduling next state sync in 172799393ms
12-06 13:19:55.123  1367  1472 I PackageWatchdog: Saving observer state to file
12-06 13:19:55.131  1367  1367 D PackageWatchdog: Getting all observed packages pending health checks
12-06 13:19:55.131  1367  1367 I PackageWatchdog: Syncing health check requests for packages: {}
12-06 13:19:55.131  1367  1367 I ExplicitHealthCheckController: Service not ready to get health check supported packages. Binding...
12-06 13:19:55.133  1367  1367 I ExplicitHealthCheckController: Explicit health check service is bound
12-06 13:19:55.134  1367  1367 I ExplicitHealthCheckController: Explicit health check service is connected ComponentInfo{com.google.android.ext.services/android.ext.services.watchdog.ExplicitHealthCheckServiceImpl}
12-06 13:19:55.134  1367  1367 I ExplicitHealthCheckController: Service initialized, syncing requests
12-06 13:19:55.134  1367  1367 D PackageWatchdog: Getting all observed packages pending health checks
12-06 13:19:55.134  1367  1367 I PackageWatchdog: Syncing health check requests for packages: {}
12-06 13:19:55.134  1367  1367 D ExplicitHealthCheckController: Getting health check supported packages
12-06 13:19:55.135  1367  4856 I ExplicitHealthCheckController: Explicit health check supported packages [PackageConfig{com.google.android.networkstack, 86400000}]
12-06 13:19:55.135  1367  4856 D PackageWatchdog: Received supported packages [PackageConfig{com.google.android.networkstack, 86400000}]
12-06 13:19:55.135  1367  4856 I PackageWatchdog: Updated health check state for package com.google.android.ext.services: PASSED -> PASSED
12-06 13:19:55.135  1367  4856 I PackageWatchdog: Updated health check state for package android: PASSED -> PASSED
12-06 13:19:55.135  1367  4856 I PackageWatchdog: Updated health check state for package com.google.android.as: PASSED -> PASSED
12-06 13:19:55.135  1367  4856 I PackageWatchdog: Updated health check state for package com.google.android.networkstack: PASSED -> PASSED
12-06 13:19:55.135  1367  4856 I PackageWatchdog: Updated health check state for package com.google.android.apps.nexuslauncher: PASSED -> PASSED
12-06 13:19:55.135  1367  4856 I PackageWatchdog: Updated health check state for package com.google.android.settings.intelligence: PASSED -> PASSED
12-06 13:19:55.135  1367  4856 I PackageWatchdog: Updated health check state for package com.android.systemui: PASSED -> PASSED
12-06 13:19:55.135  1367  4856 D ExplicitHealthCheckController: Getting health check requested packages
12-06 13:19:55.136  1367  3190 I ExplicitHealthCheckController: Explicit health check requested packages []
12-06 13:19:55.136  1367  3190 I ExplicitHealthCheckController: No more health check requests, unbinding...
12-06 13:19:55.137  1367  3190 I ExplicitHealthCheckController: Explicit health check service is unbound
12-06 13:19:55.152  1367  1416 I RescueParty: Starting to observe: [android], updated namespace: configuration
12-06 13:19:55.152  1367  1416 I PackageWatchdog: Updated health check state for package android: INACTIVE -> INACTIVE
12-06 13:19:55.152  1367  1472 I PackageWatchdog: Syncing state, reason: observing new packages
12-06 13:19:55.152  1367  1472 I PackageWatchdog: Removing 29ms from all packages on all observers
12-06 13:19:55.152  1367  1472 I PackageWatchdog: Updated health check state for package com.google.android.ext.services: PASSED -> PASSED
12-06 13:19:55.152  1367  1472 I PackageWatchdog: Updated health check state for package android: PASSED -> PASSED
12-06 13:19:55.152  1367  1472 I PackageWatchdog: Updated health check state for package com.google.android.as: PASSED -> PASSED
12-06 13:19:55.152  1367  1472 I PackageWatchdog: Updated health check state for package com.google.android.networkstack: PASSED -> PASSED
12-06 13:19:55.152  1367  1472 I PackageWatchdog: Updated health check state for package com.google.android.apps.nexuslauncher: PASSED -> PASSED
12-06 13:19:55.152  1367  1472 I PackageWatchdog: Updated health check state for package com.google.android.settings.intelligence: PASSED -> PASSED
12-06 13:19:55.152  1367  1472 I PackageWatchdog: Updated health check state for package com.android.systemui: PASSED -> PASSED
12-06 13:19:55.152  1367  1472 I PackageWatchdog: Scheduling next state sync in 172799364ms
12-06 13:19:55.152  1367  1472 D PackageWatchdog: rescue-party-observer added the following packages to monitor [android]
12-06 13:19:55.152  1367  1472 I PackageWatchdog: Syncing state, reason: updated observers
12-06 13:19:55.152  1367  1472 I PackageWatchdog: Not pruning observers, elapsed time: 0ms
12-06 13:19:55.152  1367  1472 I PackageWatchdog: Scheduling next state sync in 172799364ms
12-06 13:19:55.152  1367  1472 I PackageWatchdog: Saving observer state to file
12-06 13:19:55.157  1367  1367 D PackageWatchdog: Getting all observed packages pending health checks
12-06 13:19:55.157  1367  1367 I PackageWatchdog: Syncing health check requests for packages: {}
12-06 13:19:55.157  1367  1367 I ExplicitHealthCheckController: Service not ready to get health check supported packages. Binding...
12-06 13:19:55.158  1367  1367 I ExplicitHealthCheckController: Explicit health check service is bound
12-06 13:19:55.161  1367  1367 I ExplicitHealthCheckController: Explicit health check service is connected ComponentInfo{com.google.android.ext.services/android.ext.services.watchdog.ExplicitHealthCheckServiceImpl}
12-06 13:19:55.161  1367  1367 I ExplicitHealthCheckController: Service initialized, syncing requests
12-06 13:19:55.161  1367  1367 D PackageWatchdog: Getting all observed packages pending health checks
12-06 13:19:55.161  1367  1367 I PackageWatchdog: Syncing health check requests for packages: {}
12-06 13:19:55.161  1367  1367 D ExplicitHealthCheckController: Getting health check supported packages
12-06 13:19:55.162  1367  3170 I ExplicitHealthCheckController: Explicit health check supported packages [PackageConfig{com.google.android.networkstack, 86400000}]
12-06 13:19:55.162  1367  3170 D PackageWatchdog: Received supported packages [PackageConfig{com.google.android.networkstack, 86400000}]
12-06 13:19:55.162  1367  3170 I PackageWatchdog: Updated health check state for package com.google.android.ext.services: PASSED -> PASSED
12-06 13:19:55.162  1367  3170 I PackageWatchdog: Updated health check state for package android: PASSED -> PASSED
12-06 13:19:55.162  1367  3170 I PackageWatchdog: Updated health check state for package com.google.android.as: PASSED -> PASSED
12-06 13:19:55.162  1367  3170 I PackageWatchdog: Updated health check state for package com.google.android.networkstack: PASSED -> PASSED
12-06 13:19:55.162  1367  3170 I PackageWatchdog: Updated health check state for package com.google.android.apps.nexuslauncher: PASSED -> PASSED
12-06 13:19:55.162  1367  3170 I PackageWatchdog: Updated health check state for package com.google.android.settings.intelligence: PASSED -> PASSED
12-06 13:19:55.162  1367  3170 I PackageWatchdog: Updated health check state for package com.android.systemui: PASSED -> PASSED
12-06 13:19:55.162  1367  3170 D ExplicitHealthCheckController: Getting health check requested packages
12-06 13:19:55.163  1367  3170 I ExplicitHealthCheckController: Explicit health check requested packages []
12-06 13:19:55.163  1367  3170 I ExplicitHealthCheckController: No more health check requests, unbinding...
12-06 13:19:55.164  1367  3170 I ExplicitHealthCheckController: Explicit health check service is unbound
12-06 13:19:55.196  1367  3190 I RescueParty: Starting to observe: [com.google.android.ext.services, android, com.android.systemui], updated namespace: systemui
12-06 13:19:55.196  1367  3190 I PackageWatchdog: Updated health check state for package com.google.android.ext.services: INACTIVE -> INACTIVE
12-06 13:19:55.196  1367  3190 I PackageWatchdog: Updated health check state for package android: INACTIVE -> INACTIVE
12-06 13:19:55.196  1367  3190 I PackageWatchdog: Updated health check state for package com.android.systemui: INACTIVE -> INACTIVE
12-06 13:19:55.196  1367  1472 I PackageWatchdog: Syncing state, reason: observing new packages
12-06 13:19:55.196  1367  1472 I PackageWatchdog: Removing 44ms from all packages on all observers
12-06 13:19:55.197  1367  1472 I PackageWatchdog: Updated health check state for package com.google.android.ext.services: PASSED -> PASSED
12-06 13:19:55.197  1367  1472 I PackageWatchdog: Updated health check state for package android: PASSED -> PASSED
12-06 13:19:55.197  1367  1472 I PackageWatchdog: Updated health check state for package com.google.android.as: PASSED -> PASSED
12-06 13:19:55.197  1367  1472 I PackageWatchdog: Updated health check state for package com.google.android.networkstack: PASSED -> PASSED
12-06 13:19:55.197  1367  1472 I PackageWatchdog: Updated health check state for package com.google.android.apps.nexuslauncher: PASSED -> PASSED
12-06 13:19:55.197  1367  1472 I PackageWatchdog: Updated health check state for package com.google.android.settings.intelligence: PASSED -> PASSED
12-06 13:19:55.197  1367  1472 I PackageWatchdog: Updated health check state for package com.android.systemui: PASSED -> PASSED
12-06 13:19:55.197  1367  1472 I PackageWatchdog: Scheduling next state sync in 172799320ms
12-06 13:19:55.197  1367  1472 D PackageWatchdog: rescue-party-observer added the following packages to monitor [com.google.android.ext.services, android, com.android.systemui]
12-06 13:19:55.197  1367  1472 I PackageWatchdog: Syncing state, reason: updated observers
12-06 13:19:55.197  1367  1472 I PackageWatchdog: Not pruning observers, elapsed time: 0ms
12-06 13:19:55.197  1367  1472 I PackageWatchdog: Scheduling next state sync in 172799749ms
12-06 13:19:55.197  1367  1472 I PackageWatchdog: Saving observer state to file
12-06 13:19:55.201  1367  1367 D PackageWatchdog: Getting all observed packages pending health checks
12-06 13:19:55.201  1367  1367 I PackageWatchdog: Syncing health check requests for packages: {}
12-06 13:19:55.201  1367  1367 I ExplicitHealthCheckController: Service not ready to get health check supported packages. Binding...
12-06 13:19:55.203  1367  1367 I ExplicitHealthCheckController: Explicit health check service is bound
12-06 13:19:55.205  1367  1367 I ExplicitHealthCheckController: Explicit health check service is connected ComponentInfo{com.google.android.ext.services/android.ext.services.watchdog.ExplicitHealthCheckServiceImpl}
12-06 13:19:55.205  1367  1367 I ExplicitHealthCheckController: Service initialized, syncing requests
12-06 13:19:55.205  1367  1367 D PackageWatchdog: Getting all observed packages pending health checks
12-06 13:19:55.205  1367  1367 I PackageWatchdog: Syncing health check requests for packages: {}
12-06 13:19:55.205  1367  1367 D ExplicitHealthCheckController: Getting health check supported packages
12-06 13:19:55.207  1367  3170 I ExplicitHealthCheckController: Explicit health check supported packages [PackageConfig{com.google.android.networkstack, 86400000}]
12-06 13:19:55.207  1367  3170 D PackageWatchdog: Received supported packages [PackageConfig{com.google.android.networkstack, 86400000}]
12-06 13:19:55.207  1367  3170 I PackageWatchdog: Updated health check state for package com.google.android.ext.services: PASSED -> PASSED
12-06 13:19:55.207  1367  3170 I PackageWatchdog: Updated health check state for package android: PASSED -> PASSED
12-06 13:19:55.207  1367  3170 I PackageWatchdog: Updated health check state for package com.google.android.as: PASSED -> PASSED
12-06 13:19:55.207  1367  3170 I PackageWatchdog: Updated health check state for package com.google.android.networkstack: PASSED -> PASSED
12-06 13:19:55.207  1367  3170 I PackageWatchdog: Updated health check state for package com.google.android.apps.nexuslauncher: PASSED -> PASSED
12-06 13:19:55.207  1367  3170 I PackageWatchdog: Updated health check state for package com.google.android.settings.intelligence: PASSED -> PASSED
12-06 13:19:55.207  1367  3170 I PackageWatchdog: Updated health check state for package com.android.systemui: PASSED -> PASSED
12-06 13:19:55.207  1367  3170 D ExplicitHealthCheckController: Getting health check requested packages
12-06 13:19:55.208  1367  3170 I ExplicitHealthCheckController: Explicit health check requested packages []
12-06 13:19:55.208  1367  3170 I ExplicitHealthCheckController: No more health check requests, unbinding...
12-06 13:19:55.209  1367  3170 I ExplicitHealthCheckController: Explicit health check service is unbound
12-06 13:19:55.309  1367  3190 I RescueParty: Starting to observe: [android], updated namespace: window_manager
12-06 13:19:55.310  1367  3190 I PackageWatchdog: Updated health check state for package android: INACTIVE -> INACTIVE
12-06 13:19:55.310  1367  1472 I PackageWatchdog: Syncing state, reason: observing new packages
12-06 13:19:55.310  1367  1472 I PackageWatchdog: Removing 113ms from all packages on all observers
12-06 13:19:55.310  1367  1472 I PackageWatchdog: Updated health check state for package com.google.android.ext.services: PASSED -> PASSED
12-06 13:19:55.310  1367  1472 I PackageWatchdog: Updated health check state for package android: PASSED -> PASSED
12-06 13:19:55.310  1367  1472 I PackageWatchdog: Updated health check state for package com.google.android.as: PASSED -> PASSED
12-06 13:19:55.310  1367  1472 I PackageWatchdog: Updated health check state for package com.google.android.networkstack: PASSED -> PASSED
12-06 13:19:55.310  1367  1472 I PackageWatchdog: Updated health check state for package com.google.android.apps.nexuslauncher: PASSED -> PASSED
12-06 13:19:55.310  1367  1472 I PackageWatchdog: Updated health check state for package com.google.android.settings.intelligence: PASSED -> PASSED
12-06 13:19:55.310  1367  1472 I PackageWatchdog: Updated health check state for package com.android.systemui: PASSED -> PASSED
12-06 13:19:55.310  1367  1472 I PackageWatchdog: Scheduling next state sync in 172799636ms
12-06 13:19:55.310  1367  1472 D PackageWatchdog: rescue-party-observer added the following packages to monitor [android]
12-06 13:19:55.310  1367  1472 I PackageWatchdog: Syncing state, reason: updated observers
12-06 13:19:55.310  1367  1472 I PackageWatchdog: Not pruning observers, elapsed time: 0ms
12-06 13:19:55.310  1367  1472 I PackageWatchdog: Scheduling next state sync in 172799636ms
12-06 13:19:55.310  1367  1472 I PackageWatchdog: Saving observer state to file
12-06 13:19:55.315  1367  1367 D PackageWatchdog: Getting all observed packages pending health checks
12-06 13:19:55.315  1367  1367 I PackageWatchdog: Syncing health check requests for packages: {}
12-06 13:19:55.315  1367  1367 I ExplicitHealthCheckController: Service not ready to get health check supported packages. Binding...
12-06 13:19:55.316  1367  1367 I ExplicitHealthCheckController: Explicit health check service is bound
12-06 13:19:55.318  1367  1367 I ExplicitHealthCheckController: Explicit health check service is connected ComponentInfo{com.google.android.ext.services/android.ext.services.watchdog.ExplicitHealthCheckServiceImpl}
12-06 13:19:55.319  1367  1367 I ExplicitHealthCheckController: Service initialized, syncing requests
12-06 13:19:55.319  1367  1367 D PackageWatchdog: Getting all observed packages pending health checks
12-06 13:19:55.319  1367  1367 I PackageWatchdog: Syncing health check requests for packages: {}
12-06 13:19:55.319  1367  1367 D ExplicitHealthCheckController: Getting health check supported packages
12-06 13:19:55.320  1367  3190 I ExplicitHealthCheckController: Explicit health check supported packages [PackageConfig{com.google.android.networkstack, 86400000}]
12-06 13:19:55.320  1367  3190 D PackageWatchdog: Received supported packages [PackageConfig{com.google.android.networkstack, 86400000}]
12-06 13:19:55.320  1367  3190 I PackageWatchdog: Updated health check state for package com.google.android.ext.services: PASSED -> PASSED
12-06 13:19:55.320  1367  3190 I PackageWatchdog: Updated health check state for package android: PASSED -> PASSED
12-06 13:19:55.320  1367  3190 I PackageWatchdog: Updated health check state for package com.google.android.as: PASSED -> PASSED
12-06 13:19:55.320  1367  3190 I PackageWatchdog: Updated health check state for package com.google.android.networkstack: PASSED -> PASSED
12-06 13:19:55.320  1367  3190 I PackageWatchdog: Updated health check state for package com.google.android.apps.nexuslauncher: PASSED -> PASSED
12-06 13:19:55.320  1367  3190 I PackageWatchdog: Updated health check state for package com.google.android.settings.intelligence: PASSED -> PASSED
12-06 13:19:55.320  1367  3190 I PackageWatchdog: Updated health check state for package com.android.systemui: PASSED -> PASSED
12-06 13:19:55.320  1367  3190 D ExplicitHealthCheckController: Getting health check requested packages
12-06 13:19:55.320  1367  3190 I ExplicitHealthCheckController: Explicit health check requested packages []
12-06 13:19:55.320  1367  3190 I ExplicitHealthCheckController: No more health check requests, unbinding...
12-06 13:19:55.322  1367  3190 I ExplicitHealthCheckController: Explicit health check service is unbound
12-06 13:19:55.459  1367  1416 I RescueParty: Starting to observe: [android], updated namespace: activity_manager
12-06 13:19:55.460  1367  1416 I PackageWatchdog: Updated health check state for package android: INACTIVE -> INACTIVE
12-06 13:19:55.460  1367  1472 I PackageWatchdog: Syncing state, reason: observing new packages
12-06 13:19:55.460  1367  1472 I PackageWatchdog: Removing 150ms from all packages on all observers
12-06 13:19:55.460  1367  1472 I PackageWatchdog: Updated health check state for package com.google.android.ext.services: PASSED -> PASSED
12-06 13:19:55.460  1367  1472 I PackageWatchdog: Updated health check state for package android: PASSED -> PASSED
12-06 13:19:55.460  1367  1472 I PackageWatchdog: Updated health check state for package com.google.android.as: PASSED -> PASSED
12-06 13:19:55.460  1367  1472 I PackageWatchdog: Updated health check state for package com.google.android.networkstack: PASSED -> PASSED
12-06 13:19:55.460  1367  1472 I PackageWatchdog: Updated health check state for package com.google.android.apps.nexuslauncher: PASSED -> PASSED
12-06 13:19:55.460  1367  1472 I PackageWatchdog: Updated health check state for package com.google.android.settings.intelligence: PASSED -> PASSED
12-06 13:19:55.460  1367  1472 I PackageWatchdog: Updated health check state for package com.android.systemui: PASSED -> PASSED
12-06 13:19:55.460  1367  1472 I PackageWatchdog: Scheduling next state sync in 172799486ms
12-06 13:19:55.460  1367  1472 D PackageWatchdog: rescue-party-observer added the following packages to monitor [android]
12-06 13:19:55.460  1367  1472 I PackageWatchdog: Syncing state, reason: updated observers
12-06 13:19:55.460  1367  1472 I PackageWatchdog: Not pruning observers, elapsed time: 0ms
12-06 13:19:55.460  1367  1472 I PackageWatchdog: Scheduling next state sync in 172799486ms
12-06 13:19:55.460  1367  1472 I PackageWatchdog: Saving observer state to file
12-06 13:19:55.464  1367  1367 D PackageWatchdog: Getting all observed packages pending health checks
12-06 13:19:55.464  1367  1367 I PackageWatchdog: Syncing health check requests for packages: {}
12-06 13:19:55.464  1367  1367 I ExplicitHealthCheckController: Service not ready to get health check supported packages. Binding...
12-06 13:19:55.466  1367  1367 I ExplicitHealthCheckController: Explicit health check service is bound
12-06 13:19:55.468  1367  1367 I ExplicitHealthCheckController: Explicit health check service is connected ComponentInfo{com.google.android.ext.services/android.ext.services.watchdog.ExplicitHealthCheckServiceImpl}
12-06 13:19:55.469  1367  1367 I ExplicitHealthCheckController: Service initialized, syncing requests
12-06 13:19:55.469  1367  1367 D PackageWatchdog: Getting all observed packages pending health checks
12-06 13:19:55.469  1367  1367 I PackageWatchdog: Syncing health check requests for packages: {}
12-06 13:19:55.469  1367  1367 D ExplicitHealthCheckController: Getting health check supported packages
12-06 13:19:55.471  1367  3189 I ExplicitHealthCheckController: Explicit health check supported packages [PackageConfig{com.google.android.networkstack, 86400000}]
12-06 13:19:55.471  1367  3189 D PackageWatchdog: Received supported packages [PackageConfig{com.google.android.networkstack, 86400000}]
12-06 13:19:55.471  1367  3189 I PackageWatchdog: Updated health check state for package com.google.android.ext.services: PASSED -> PASSED
12-06 13:19:55.471  1367  3189 I PackageWatchdog: Updated health check state for package android: PASSED -> PASSED
12-06 13:19:55.471  1367  3189 I PackageWatchdog: Updated health check state for package com.google.android.as: PASSED -> PASSED
12-06 13:19:55.471  1367  3189 I PackageWatchdog: Updated health check state for package com.google.android.networkstack: PASSED -> PASSED
12-06 13:19:55.471  1367  3189 I PackageWatchdog: Updated health check state for package com.google.android.apps.nexuslauncher: PASSED -> PASSED
12-06 13:19:55.471  1367  3189 I PackageWatchdog: Updated health check state for package com.google.android.settings.intelligence: PASSED -> PASSED
12-06 13:19:55.471  1367  3189 I PackageWatchdog: Updated health check state for package com.android.systemui: PASSED -> PASSED
12-06 13:19:55.471  1367  3189 D ExplicitHealthCheckController: Getting health check requested packages
12-06 13:19:55.472  1367  3190 I ExplicitHealthCheckController: Explicit health check requested packages []
12-06 13:19:55.472  1367  3190 I ExplicitHealthCheckController: No more health check requests, unbinding...
12-06 13:19:55.474  1367  3190 I ExplicitHealthCheckController: Explicit health check service is unbound
12-06 13:19:55.490  1367  3190 I RescueParty: Starting to observe: [android], updated namespace: autofill
12-06 13:19:55.490  1367  3190 I PackageWatchdog: Updated health check state for package android: INACTIVE -> INACTIVE
