12-06 13:20:05.205  1367  1663 D ConnectivityService: releasing NetworkRequest [ TRACK_DEFAULT id=96, [ Capabilities: INTERNET&NOT_RESTRICTED&TRUSTED Uid: 10152 AdministratorUids: [] RequestorUid: 10152 RequestorPackageName: com.google.android.youtube] ] (release request)
12-06 13:20:05.217  1367  1663 D ConnectivityService: NetReassign [no changes]
12-06 13:20:05.226  1367  1663 I chatty  : uid=1000(system) ConnectivitySer identical 2 lines
12-06 13:20:05.241  1367  1663 D ConnectivityService: NetReassign [no changes]
12-06 13:20:05.491  1367  5560 I ActivityManager: Killing 8240:com.google.euiccpixel/u0a134 (adj 985): empty #33
12-06 13:20:05.949  1367  5560 I ActivityManager: Killing 8271:com.google.intelligence.sense/u0a116 (adj 985): empty #33
12-06 13:20:05.966  1367  3185 D ConnectivityService: requestNetwork for uid/pid:10171/9273 NetworkRequest [ TRACK_DEFAULT id=136, [ Capabilities: INTERNET&NOT_RESTRICTED&TRUSTED Uid: 10171 AdministratorUids: [] RequestorUid: 10171 RequestorPackageName: com.google.android.contacts] ]
12-06 13:20:05.966  1367  1663 D ConnectivityService: NetReassign [136 : null → 101]
12-06 13:20:05.969  1367  1663 D ConnectivityService: NetReassign [no changes]
12-06 13:20:05.975  1367  1663 D ConnectivityService: NetReassign [no changes]
12-06 13:20:06.258  1367  3170 I ActivityManager: Killing 8339:com.android.chrome:sandboxed_process0:org.chromium.content.app.SandboxedProcessService0:1/u0a141i-9000 (adj 975): empty #33
12-06 13:20:06.299  1367  3170 W ActivityManager: Scheduling restart of crashed service com.android.chrome/org.chromium.content.app.SandboxedProcessService0:1 in 1000ms for connection
12-06 13:20:06.354  1367  3170 I RescueParty: Starting to observe: [com.google.android.as], updated namespace: device_personalization_services
12-06 13:20:06.354  1367  3170 I PackageWatchdog: Updated health check state for package com.google.android.as: INACTIVE -> INACTIVE
12-06 13:20:06.356  1367  1472 I PackageWatchdog: Syncing state, reason: observing new packages
12-06 13:20:06.356  1367  1472 I PackageWatchdog: Removing 10731ms from all packages on all observers
12-06 13:20:06.356  1367  1472 I PackageWatchdog: Updated health check state for package com.google.android.ext.services: PASSED -> PASSED
12-06 13:20:06.356  1367  1472 I PackageWatchdog: Updated health check state for package android: PASSED -> PASSED
12-06 13:20:06.356  1367  1472 I PackageWatchdog: Updated health check state for package com.google.android.as: PASSED -> PASSED
12-06 13:20:06.356  1367  1472 I PackageWatchdog: Updated health check state for package com.google.android.networkstack: PASSED -> PASSED
12-06 13:20:06.356  1367  1472 I PackageWatchdog: Updated health check state for package com.google.android.apps.nexuslauncher: PASSED -> PASSED
12-06 13:20:06.356  1367  1472 I PackageWatchdog: Updated health check state for package com.google.android.settings.intelligence: PASSED -> PASSED
12-06 13:20:06.356  1367  1472 I PackageWatchdog: Updated health check state for package com.android.systemui: PASSED -> PASSED
12-06 13:20:06.356  1367  1472 I PackageWatchdog: Scheduling next state sync in 172788592ms
12-06 13:20:06.356  1367  1472 D PackageWatchdog: rescue-party-observer added the following packages to monitor [com.google.android.as]
12-06 13:20:06.356  1367  1472 I PackageWatchdog: Syncing state, reason: updated observers
12-06 13:20:06.356  1367  1472 I PackageWatchdog: Not pruning observers, elapsed time: 0ms
12-06 13:20:06.357  1367  1472 I PackageWatchdog: Scheduling next state sync in 172788599ms
12-06 13:20:06.357  1367  1472 I PackageWatchdog: Saving observer state to file
12-06 13:20:06.361  1367  1367 D PackageWatchdog: Getting all observed packages pending health checks
12-06 13:20:06.361  1367  1367 I PackageWatchdog: Syncing health check requests for packages: {}
12-06 13:20:06.361  1367  1367 I ExplicitHealthCheckController: Service not ready to get health check supported packages. Binding...
12-06 13:20:06.363  1367  1367 I ExplicitHealthCheckController: Explicit health check service is bound
12-06 13:20:06.366  1367  1367 I ExplicitHealthCheckController: Explicit health check service is connected ComponentInfo{com.google.android.ext.services/android.ext.services.watchdog.ExplicitHealthCheckServiceImpl}
12-06 13:20:06.366  1367  1367 I ExplicitHealthCheckController: Service initialized, syncing requests
12-06 13:20:06.366  1367  1367 D PackageWatchdog: Getting all observed packages pending health checks
12-06 13:20:06.366  1367  1367 I PackageWatchdog: Syncing health check requests for packages: {}
12-06 13:20:06.366  1367  1367 D ExplicitHealthCheckController: Getting health check supported packages
12-06 13:20:06.367  1367  5937 I ExplicitHealthCheckController: Explicit health check supported packages [PackageConfig{com.google.android.networkstack, 86400000}]
12-06 13:20:06.367  1367  5937 D PackageWatchdog: Received supported packages [PackageConfig{com.google.android.networkstack, 86400000}]
12-06 13:20:06.367  1367  5937 I PackageWatchdog: Updated health check state for package com.google.android.ext.services: PASSED -> PASSED
12-06 13:20:06.367  1367  5937 I PackageWatchdog: Updated health check state for package android: PASSED -> PASSED
12-06 13:20:06.367  1367  5937 I PackageWatchdog: Updated health check state for package com.google.android.as: PASSED -> PASSED
12-06 13:20:06.367  1367  5937 I PackageWatchdog: Updated health check state for package com.google.android.networkstack: PASSED -> PASSED
12-06 13:20:06.367  1367  5937 I PackageWatchdog: Updated health check state for package com.google.android.apps.nexuslauncher: PASSED -> PASSED
12-06 13:20:06.367  1367  5937 I PackageWatchdog: Updated health check state for package com.google.android.settings.intelligence: PASSED -> PASSED
12-06 13:20:06.367  1367  5937 I PackageWatchdog: Updated health check state for package com.android.systemui: PASSED -> PASSED
12-06 13:20:06.367  1367  5937 D ExplicitHealthCheckController: Getting health check requested packages
12-06 13:20:06.367  1367  5937 I ExplicitHealthCheckController: Explicit health check requested packages []
12-06 13:20:06.367  1367  5937 I ExplicitHealthCheckController: No more health check requests, unbinding...
12-06 13:20:06.368  1367  5937 I ExplicitHealthCheckController: Explicit health check service is unbound
12-06 13:20:06.407  1367  5937 D ConnectivityService: requestNetwork for uid/pid:10132/9007 NetworkRequest [ TRACK_DEFAULT id=139, [ Capabilities: INTERNET&NOT_RESTRICTED&TRUSTED Uid: 10132 AdministratorUids: [] RequestorUid: 10132 RequestorPackageName: com.google.android.dialer] ]
12-06 13:20:06.407  1367  1663 D ConnectivityService: NetReassign [139 : null → 101]
12-06 13:20:06.411  1367  1663 D ConnectivityService: NetReassign [no changes]
12-06 13:20:06.414  1367  1663 D ConnectivityService: NetReassign [no changes]
12-06 13:20:07.342  1367  1367 D CompatibilityChangeReporter: Compat change id reported: 135634846; UID 10103; state: DISABLED
12-06 13:20:07.342  1367  1474 D CompatibilityChangeReporter: Compat change id reported: 143937733; UID 10103; state: DISABLED
12-06 13:20:07.352  1367  1474 I ActivityManager: Start proc 9609:com.google.android.hardwareinfo/u0a103 for service {com.google.android.hardwareinfo/com.google.android.hardwareinfo.HardwareInfoService}
12-06 13:20:07.376  1367  1367 D CompatibilityChangeReporter: Compat change id reported: 135634846; UID 10099; state: DISABLED
12-06 13:20:07.376  1367  1474 D CompatibilityChangeReporter: Compat change id reported: 143937733; UID 10099; state: ENABLED
12-06 13:20:07.385  1367  1474 I ActivityManager: Start proc 9628:com.google.android.partnersetup/u0a99 for service {com.google.android.partnersetup/com.google.android.partnersetup.PhenotypeJobService}
12-06 13:20:07.651  1367  5017 I ActivityManager: Killing 7683:com.google.android.webview:webview_service/u0a143 (adj 975): empty #33
12-06 13:20:07.684  1367  5554 D CompatibilityChangeReporter: Compat change id reported: 135634846; UID 1000; state: DISABLED
12-06 13:20:07.692  1367  1474 I ActivityManager: Start proc 9665:com.android.settings/1000 for content provider {com.android.settings/com.android.settings.homepage.contextualcards.SettingsContextualCardProvider}
12-06 13:20:07.837  1367  1367 D CompatibilityChangeReporter: Compat change id reported: 135634846; UID 10162; state: DISABLED
12-06 13:20:07.838  1367  1474 D CompatibilityChangeReporter: Compat change id reported: 143937733; UID 10162; state: DISABLED
12-06 13:20:07.847  1367  1474 I ActivityManager: Start proc 9689:com.google.android.syncadapters.contacts/u0a162 for service {com.google.android.syncadapters.contacts/com.google.android.syncadapters.contacts.ContactsSyncAdapterJobIntentService}
12-06 13:20:07.966  1367  1367 D CompatibilityChangeReporter: Compat change id reported: 135634846; UID 10160; state: DISABLED
12-06 13:20:07.967  1367  1474 D CompatibilityChangeReporter: Compat change id reported: 143937733; UID 10160; state: ENABLED
12-06 13:20:07.971  1367  5560 I ActivityManager: Killing 8782:com.google.android.vr.home/u0a191 (adj 975): empty #33
12-06 13:20:07.991  1367  1474 I ActivityManager: Start proc 9717:com.google.android.videos/u0a160 for service {com.google.android.videos/com.google.android.libraries.notifications.entrypoints.scheduled.ScheduledTaskService}
12-06 13:20:07.996  1367  1367 D CompatibilityChangeReporter: Compat change id reported: 135634846; UID 10125; state: DISABLED
12-06 13:20:07.997  1367  1474 D CompatibilityChangeReporter: Compat change id reported: 143937733; UID 10125; state: DISABLED
12-06 13:20:08.007  1367  5937 I ActivityManager: Killing 8803:com.google.vr.vrcore/u0a168 (adj 945): empty #33
12-06 13:20:08.011  1367  1474 I ActivityManager: Start proc 9736:com.google.android.wfcactivation/u0a125 for service {com.google.android.wfcactivation/com.google.android.wfcactivation.entitlement.gcm.GcmRegistrationService}
12-06 13:20:08.022  1367  5560 I ActivityManager: Killing 8717:com.google.android.keep/u0a194 (adj 985): empty #33
12-06 13:20:08.113  1367  5560 I ActivityManager: Killing 8827:com.google.android.apps.gcs/u0a110 (adj 985): empty #33
12-06 13:20:08.247  1367  2211 D CompatibilityChangeReporter: Compat change id reported: 135634846; UID 10135; state: DISABLED
12-06 13:20:08.248  1367  1474 D CompatibilityChangeReporter: Compat change id reported: 143937733; UID 10135; state: ENABLED
12-06 13:20:08.264  1367  1474 I ActivityManager: Start proc 9796:com.google.android.googlequicksearchbox/u0a135 for broadcast {com.google.android.googlequicksearchbox/com.google.android.libraries.phenotype.client.stable.PhenotypeUpdateBackgroundBroadcastReceiver}
12-06 13:20:08.291  1367  1828 I ActivityManager: Killing 8861:com.android.externalstorage/u0a70 (adj 975): empty #33
12-06 13:20:08.900  1367  1367 D CompatibilityChangeReporter: Compat change id reported: 135634846; UID 10168; state: DISABLED
12-06 13:20:08.901  1367  1474 D CompatibilityChangeReporter: Compat change id reported: 143937733; UID 10168; state: DISABLED
12-06 13:20:08.917  1367  1474 I ActivityManager: Start proc 9839:com.google.vr.vrcore/u0a168 for service {com.google.vr.vrcore/com.google.vr.vrcore.phenotype.PhenotypeUpdateService}
12-06 13:20:09.126  1367  1828 D ConnectivityService: requestNetwork for uid/pid:10135/3518 NetworkRequest [ REQUEST id=142, [ Transports: CELLULAR Capabilities: INTERNET&NOT_RESTRICTED&TRUSTED&NOT_VPN Uid: 10135 AdministratorUids: [] RequestorUid: 10135 RequestorPackageName: com.google.android.googlequicksearchbox] ]
12-06 13:20:09.126  1367  1663 D ConnectivityService: NetReassign [no changes]
12-06 13:20:09.131  1367  1663 D ConnectivityService: reportNetworkConnectivity(101, false) by 10135
12-06 13:20:09.137  1367  1663 D ConnectivityService: NetReassign [no changes]
12-06 13:20:09.158  1367  1828 I ActivityManager: Killing 8905:com.google.android.apps.docs/u0a142 (adj 945): empty #33
12-06 13:20:09.203  1367  1828 D ConnectivityService: requestNetwork for uid/pid:10193/8463 NetworkRequest [ TRACK_DEFAULT id=144, [ Capabilities: INTERNET&NOT_RESTRICTED&TRUSTED Uid: 10193 AdministratorUids: [] RequestorUid: 10193 RequestorPackageName: com.google.android.apps.tachyon] ]
12-06 13:20:09.203  1367  1663 D ConnectivityService: NetReassign [144 : null → 101]
12-06 13:20:09.211  1367  1663 D ConnectivityService: NetReassign [no changes]
12-06 13:20:09.212  1367  1663 D ConnectivityService: NetReassign [no changes]
12-06 13:20:09.275  1367  1663 D ConnectivityService: [101 WIFI] validation passed
12-06 13:20:10.015  1367  1416 D ConnectivityService: requestNetwork for uid/pid:10193/8463 NetworkRequest [ TRACK_DEFAULT id=147, [ Capabilities: INTERNET&NOT_RESTRICTED&TRUSTED Uid: 10193 AdministratorUids: [] RequestorUid: 10193 RequestorPackageName: com.google.android.apps.tachyon] ]
12-06 13:20:10.016  1367  1663 D ConnectivityService: NetReassign [147 : null → 101]
12-06 13:20:10.025  1367  1663 D ConnectivityService: NetReassign [no changes]
12-06 13:20:10.418  1367  4970 I ActivityManager: Killing 8655:com.google.android.apps.walletnfcrel/u0a190 (adj 945): empty #33
12-06 13:20:10.471  1367  1416 I ActivityManager: Killing 8985:com.google.android.carriersetup/u0a180 (adj 985): empty #33
12-06 13:20:10.551  1367  1416 D CompatibilityChangeReporter: Compat change id reported: 135634846; UID 10110; state: DISABLED
12-06 13:20:10.552  1367  1474 D CompatibilityChangeReporter: Compat change id reported: 143937733; UID 10110; state: ENABLED
12-06 13:20:10.564  1367  1474 I ActivityManager: Start proc 9902:com.google.android.apps.gcs/u0a110 for broadcast {com.google.android.apps.gcs/com.google.android.apps.gcs.receiver.GcsPhenotypeConfigChangedReceiver}
12-06 13:20:10.732  1367  3998 D ConnectivityService: requestNetwork for uid/pid:10110/9902 NetworkRequest [ TRACK_DEFAULT id=149, [ Capabilities: INTERNET&NOT_RESTRICTED&TRUSTED Uid: 10110 AdministratorUids: [] RequestorUid: 10110 RequestorPackageName: com.google.android.apps.gcs] ]
12-06 13:20:10.733  1367  1663 D ConnectivityService: NetReassign [149 : null → 101]
12-06 13:20:10.744  1367  1663 D ConnectivityService: NetReassign [no changes]
12-06 13:20:10.941  1367  1416 D CompatibilityChangeReporter: Compat change id reported: 135634846; UID 10123; state: DISABLED
12-06 13:20:10.941  1367  1474 D CompatibilityChangeReporter: Compat change id reported: 143937733; UID 10123; state: ENABLED
12-06 13:20:10.953  1367  1474 I ActivityManager: Start proc 9946:com.google.android.projection.gearhead:shared/u0a123 for broadcast {com.google.android.projection.gearhead/com.google.android.gearhead.common.phenotype.PhenotypeCommitter$CommitRequestReceiver}
--------- beginning of main
12-06 13:20:10.968  8746  8771 W FA      : Failed to retrieve Firebase Instance Id
12-06 13:20:10.992  3518  3518 I BgTaskExecutorImpl: Starting EXCLUSIVE background task FETCH_CONFIGS_FROM_PHENOTYPE.
12-06 13:20:11.007  9946  9946 I gearhead:share: The ClassLoaderContext is a special shared library.
12-06 13:20:11.039  9902  9940 W Gcs     : [841] btx.d: Bridge/Wfa disabled: VPN is not authorized.
12-06 13:20:11.047  8746  8775 D OobConfig: BusinessLogicController.run
12-06 13:20:11.048  8746  8775 I OobConfig: disallowOemUnlock restriction set: true
12-06 13:20:11.049  8746  8775 I OobConfig: ZeroTouchTask.run: zeroTouchConfig present: false
12-06 13:20:11.049  8746  8775 D OobConfig: ZeroTouch has previously been cleaned up, not running
12-06 13:20:11.049  8746  8775 I OobConfig: SimLockTask.run: simLockConfig present: false
12-06 13:20:11.049  8746  8775 E OobConfig: setMultiSimRestriction: false
12-06 13:20:11.054  9902  9943 W Gcs     : [844] btx.d: Bridge/Wfa disabled: VPN is not authorized.
12-06 13:20:11.060  8746  8760 W System  : A resource failed to call close. 
12-06 13:20:11.060  8746  8760 I chatty  : uid=10126(com.google.android.apps.work.oobconfig) identical 1 line
12-06 13:20:11.060  8746  8760 W System  : A resource failed to call close. 
12-06 13:20:11.076  8746  8771 W FA      : Failed to retrieve Firebase Instance Id
12-06 13:20:11.085  9902  9926 E WM-WorkerWrapper: Didn't find WorkSpec for id 8945bdbd-240f-41b4-a437-f213f5943189
12-06 13:20:11.087  9902  9926 E WM-WorkerWrapper: Didn't find WorkSpec for id 3467d606-2bd4-4c3e-abac-0410ee83a100
12-06 13:20:11.088  9902  9926 E WM-WorkerWrapper: Didn't find WorkSpec for id 2a8fcb88-9007-4f6a-8164-fd11f5396515
12-06 13:20:11.088  9902  9926 I WM-WorkerWrapper: Work [ id=0404afb8-0207-42ee-8731-9ab897dc9ee2, tags={ com.google.android.libraries.vpn.gcs.core.service.worker.GcsLibWorker } ] was cancelled
12-06 13:20:11.088  9902  9926 I WM-WorkerWrapper: java.util.concurrent.CancellationException: Task was cancelled.
12-06 13:20:11.088  9902  9926 I WM-WorkerWrapper: 	at aca.d(PG:108)
12-06 13:20:11.088  9902  9926 I WM-WorkerWrapper: 	at aca.get(PG:68)
12-06 13:20:11.088  9902  9926 I WM-WorkerWrapper: 	at xs.run(PG:2)
12-06 13:20:11.088  9902  9926 I WM-WorkerWrapper: 	at abh.run(PG:2)
12-06 13:20:11.088  9902  9926 I WM-WorkerWrapper: 	at java.util.concurrent.ThreadPoolExecutor.runWorker(ThreadPoolExecutor.java:1167)
12-06 13:20:11.088  9902  9926 I WM-WorkerWrapper: 	at java.util.concurrent.ThreadPoolExecutor$Worker.run(ThreadPoolExecutor.java:641)
12-06 13:20:11.088  9902  9926 I WM-WorkerWrapper: 	at java.lang.Thread.run(Thread.java:923)
12-06 13:20:11.089  9902  9941 I Gcs     : [842] btx.a: WorkItem: WfaEligibilityRefreshingWorkItem ran on the default process
12-06 13:20:11.090  9902  9941 W Gcs     : [842] btx.d: NULL eligibility response.
12-06 13:20:11.111  9946  9946 D NetworkSecurityConfig: No Network Security Config specified, using platform default
12-06 13:20:11.111  9946  9946 D NetworkSecurityConfig: No Network Security Config specified, using platform default
12-06 13:20:11.114  1367  1367 W WindowManager: removeWindowToken: Attempted to remove non-existing token: android.os.Binder@a66db7d
12-06 13:20:11.121  9946  9946 D WM-WrkMgrInitializer: Initializing WorkManager with default configuration.
12-06 13:20:11.121  8746  8775 W OobConfig: Simlock has been cleaned up! Skip simlock logic.
12-06 13:20:11.122  9946  9946 W gearhead:share: Accessing hidden field Ljava/util/Collections$SynchronizedCollection;->mutex:Ljava/lang/Object; (greylist-max-o, reflection, denied)
12-06 13:20:11.122  9946  9946 W gearhead:share: Accessing hidden method Ljava/util/Collections$SynchronizedSet;-><init>(Ljava/util/Set;Ljava/lang/Object;)V (greylist-max-o, reflection, denied)
12-06 13:20:11.122  9946  9946 W gearhead:share: Accessing hidden method Ljava/util/Collections$SynchronizedCollection;-><init>(Ljava/util/Collection;Ljava/lang/Object;)V (greylist-max-o, reflection, denied)
12-06 13:20:11.139  3402  3402 I SP.AiAi : ====> Starting job {W:b, bg}
12-06 13:20:11.143  3402  3580 I SP.AiAi : Scheduling: job start ({W:b, bg}), 1 started, 0 paused, 0 scheduled, 1 pending: webref-2-en-us:redacted @ * {W:b, bg}
12-06 13:20:11.143  9946  9946 I TetheringManager: registerTetheringEventCallback:com.google.android.projection.gearhead
12-06 13:20:11.143  3402  3580 I SP.AiAi : Requesting download of URL redacted to global_ea799cf8d8d0cadee74e85feeea5b7d7.zip.fetched (constraints: W:b)
12-06 13:20:11.184  3402  9971 W ogle.android.a: Accessing hidden method Lcom/android/org/conscrypt/ConscryptEngineSocket;->setUseSessionTickets(Z)V (greylist-max-q,core-platform-api, reflection, denied)
12-06 13:20:11.184  3402  9971 W ogle.android.a: Accessing hidden method Lcom/android/org/conscrypt/OpenSSLSocketImpl;->setUseSessionTickets(Z)V (greylist-max-q,core-platform-api, reflection, denied)
12-06 13:20:11.185  3402  9971 W ogle.android.a: Accessing hidden method Lcom/android/org/conscrypt/AbstractConscryptSocket;->setUseSessionTickets(Z)V (greylist-max-q, reflection, denied)
12-06 13:20:11.185  3402  9971 W ogle.android.a: Accessing hidden method Lcom/android/org/conscrypt/ConscryptEngineSocket;->setHostname(Ljava/lang/String;)V (greylist-max-q,core-platform-api, reflection, denied)
12-06 13:20:11.185  3402  9971 W ogle.android.a: Accessing hidden method Lcom/android/org/conscrypt/OpenSSLSocketImpl;->setHostname(Ljava/lang/String;)V (greylist-max-q,core-platform-api, reflection, denied)
12-06 13:20:11.185  3402  9971 W ogle.android.a: Accessing hidden method Lcom/android/org/conscrypt/AbstractConscryptSocket;->setHostname(Ljava/lang/String;)V (greylist-max-q, reflection, denied)
12-06 13:20:11.185  3402  9971 W ogle.android.a: Accessing hidden method Lcom/android/org/conscrypt/OpenSSLSocketImpl;->setAlpnProtocols([B)V (greylist-max-q,core-platform-api, reflection, denied)
12-06 13:20:11.185  3402  9971 W ogle.android.a: Accessing hidden method Lcom/android/org/conscrypt/AbstractConscryptSocket;->setAlpnProtocols([B)V (greylist-max-q, reflection, denied)
12-06 13:20:11.194  1367  3998 I ActivityManager: Killing 8292:com.android.chrome:privileged_process1/u0a141 (adj 975): empty #33
12-06 13:20:11.204  9902  9935 E WM-WorkerWrapper: Didn't find WorkSpec for id ea4b4034-7ebc-48e6-b5d6-6873bf6d10b9
12-06 13:20:11.216  9902  9942 I Gcs     : [843] btx.a: WorkItem: PhenotypeCommitWorkItem ran on the default process
12-06 13:20:11.224  3402  9971 W ogle.android.a: Accessing hidden method Lcom/android/org/conscrypt/OpenSSLSocketImpl;->getAlpnSelectedProtocol()[B (greylist-max-q,core-platform-api, reflection, denied)
12-06 13:20:11.224  3402  9971 W ogle.android.a: Accessing hidden method Lcom/android/org/conscrypt/AbstractConscryptSocket;->getAlpnSelectedProtocol()[B (greylist-max-q, reflection, denied)
12-06 13:20:11.227  9902  9924 E WM-WorkerWrapper: Didn't find WorkSpec for id 0a5f2b51-2a09-4445-975d-e4dd10ffe267
12-06 13:20:11.231  4197  4197 E chromium: [ERROR:gpu_process_host.cc(979)] GPU process exited unexpectedly: exit_code=0
12-06 13:20:11.233  4197  4197 W chromium: [WARNING:gpu_process_host.cc(1292)] The GPU process has crashed 2 time(s)
12-06 13:20:11.234  9902  9942 W Gcs     : [843] btx.d: Bridge/Wfa disabled: VPN is not authorized.
12-06 13:20:11.234  1367  5937 W ActivityManager: Exception when unbinding service com.android.chrome/org.chromium.content.app.PrivilegedProcessService1
12-06 13:20:11.234  1367  5937 W ActivityManager: android.os.DeadObjectException
12-06 13:20:11.234  1367  5937 W ActivityManager: 	at android.os.BinderProxy.transactNative(Native Method)
12-06 13:20:11.234  1367  5937 W ActivityManager: 	at android.os.BinderProxy.transact(BinderProxy.java:540)
12-06 13:20:11.234  1367  5937 W ActivityManager: 	at android.app.IApplicationThread$Stub$Proxy.scheduleUnbindService(IApplicationThread.java:1646)
12-06 13:20:11.234  1367  5937 W ActivityManager: 	at com.android.server.am.ActiveServices.removeConnectionLocked(ActiveServices.java:3503)
12-06 13:20:11.234  1367  5937 W ActivityManager: 	at com.android.server.am.ActiveServices.unbindServiceLocked(ActiveServices.java:2238)
12-06 13:20:11.234  1367  5937 W ActivityManager: 	at com.android.server.am.ActivityManagerService.unbindService(ActivityManagerService.java:15197)
12-06 13:20:11.234  1367  5937 W ActivityManager: 	at android.app.IActivityManager$Stub.onTransact(IActivityManager.java:2570)
12-06 13:20:11.234  1367  5937 W ActivityManager: 	at com.android.server.am.ActivityManagerService.onTransact(ActivityManagerService.java:2883)
12-06 13:20:11.234  1367  5937 W ActivityManager: 	at android.os.Binder.execTransactInternal(Binder.java:1154)
12-06 13:20:11.234  1367  5937 W ActivityManager: 	at android.os.Binder.execTransact(Binder.java:1123)
12-06 13:20:11.235   646   646 E lowmemorykiller: Error writing /proc/8292/oom_score_adj; errno=22
12-06 13:20:11.239  9902  9935 E WM-WorkerWrapper: Didn't find WorkSpec for id 8945bdbd-240f-41b4-a437-f213f5943189
12-06 13:20:11.255   863   863 I Zygote  : Process 8292 exited due to signal 9 (Killed)
12-06 13:20:11.256  1367  1475 I libprocessgroup: Successfully killed process cgroup uid 10141 pid 8292 in 61ms
12-06 13:20:11.260  9902  9934 E WM-WorkerWrapper: Didn't find WorkSpec for id 836655a2-54a7-412d-a905-29cc0f98e893
12-06 13:20:11.266  9902  9934 E WM-WorkerWrapper: Didn't find WorkSpec for id 1c2e00e9-7932-4c7a-9b4b-b8162dad45c0
12-06 13:20:11.271  9902  9926 E WM-WorkerWrapper: Didn't find WorkSpec for id 4b283759-b079-45d2-a96f-147f3dc84434
12-06 13:20:11.271  9902  9926 E WM-WorkerWrapper: Didn't find WorkSpec for id 0a5f2b51-2a09-4445-975d-e4dd10ffe267
12-06 13:20:11.272  9902  9926 E WM-WorkerWrapper: Didn't find WorkSpec for id 1c2e00e9-7932-4c7a-9b4b-b8162dad45c0
12-06 13:20:11.273  9902  9926 E WM-WorkerWrapper: Didn't find WorkSpec for id 836655a2-54a7-412d-a905-29cc0f98e893
12-06 13:20:11.277  9902  9940 I Gcs     : [841] btx.a: WorkItem: WfaEligibilityRefreshingWorkItem ran on the default process
12-06 13:20:11.278  9902  9940 W Gcs     : [841] btx.d: NULL eligibility response.
12-06 13:20:11.280  9902  9926 E WM-WorkerWrapper: Didn't find WorkSpec for id 6dcfb95d-0b32-4c74-8e6b-bb1e13675cd9
12-06 13:20:11.297  1367  1367 W ActivityManager: type=1400 audit(0.0:38): avc: denied { getpgid } for scontext=u:r:system_server:s0 tcontext=u:r:app_zygote:s0:c512,c768 tclass=process permissive=0
12-06 13:20:11.297  1367  1367 I chatty  : uid=1000 system_server identical 1 line
12-06 13:20:11.300  1367  1367 W ActivityManager: type=1400 audit(0.0:40): avc: denied { getpgid } for scontext=u:r:system_server:s0 tcontext=u:r:app_zygote:s0:c512,c768 tclass=process permissive=0
12-06 13:20:11.300  1367  1367 W ActivityManager: type=1400 audit(0.0:41): avc: denied { getpgid } for scontext=u:r:system_server:s0 tcontext=u:r:app_zygote:s0:c512,c768 tclass=process permissive=0
12-06 13:20:11.300  1367  1473 E libprocessgroup: getpgid(8311) failed: Permission denied
12-06 13:20:11.306  1367  1473 E libprocessgroup: getpgid(8311) failed: Permission denied
12-06 13:20:11.309   863   863 I Zygote  : Process 8311 exited due to signal 9 (Killed)
12-06 13:20:11.311  1367  1473 I libprocessgroup: Successfully killed process cgroup uid 10141 pid 8311 in 10ms
12-06 13:20:11.331  9946  9946 I Primes  : Primes not initialized, returning default (no-op) Primes instance which will ignore all calls. Please call Primes.initialize(...) before using any Primes API.
12-06 13:20:11.331  9946  9946 I CAR.GH  : onCreate
12-06 13:20:11.332  9946  9946 I GH.AutoPhenotypeFlags: Load phenotype cache from the disk with configurationVersion: -1 in 0 ms
12-06 13:20:11.332  9946  9946 I CAR.GH  : Process: SHARED_SERVICE
12-06 13:20:11.333  9902  9924 E WM-WorkerWrapper: Didn't find WorkSpec for id 1c2e00e9-7932-4c7a-9b4b-b8162dad45c0
12-06 13:20:11.340  9902  9935 I WM-WorkerWrapper: Worker result SUCCESS for Work [ id=f77b5e03-8615-483b-870d-6b53251cb007, tags={ com.google.android.apps.gcs.service.worker.GcsWorker } ]
12-06 13:20:11.351  9902  9926 I WM-WorkerWrapper: Worker result SUCCESS for Work [ id=f894ffe0-6d4e-4c6d-a41a-e2ae343c988d, tags={ com.google.android.libraries.vpn.gcs.core.service.worker.GcsLibWorker } ]
12-06 13:20:11.385  9902  9924 E WM-WorkerWrapper: Didn't find WorkSpec for id 0bad8c54-8c23-45b4-8773-287acc3dc03e
12-06 13:20:11.390  9902  9943 I Gcs     : [844] btx.a: WorkItem: WfaEligibilityRefreshingWorkItem ran on the default process
12-06 13:20:11.390  9902  9943 W Gcs     : [844] btx.d: NULL eligibility response.
12-06 13:20:11.391  9902  9935 E WM-WorkerWrapper: Didn't find WorkSpec for id bc13df57-b16e-41fd-8ba3-1bfeb0b5be5c
12-06 13:20:11.404  9902  9926 I WM-WorkerWrapper: Worker result RETRY for Work [ id=24d98605-23ea-4469-a73a-187a25aa3492, tags={ com.google.android.libraries.vpn.gcs.core.service.worker.GcsLibWorker } ]
12-06 13:20:11.418  1367  1663 D ConnectivityService: releasing NetworkRequest [ TRACK_DEFAULT id=149, [ Capabilities: INTERNET&NOT_RESTRICTED&TRUSTED Uid: 10110 AdministratorUids: [] RequestorUid: 10110 RequestorPackageName: com.google.android.apps.gcs] ] (release request)
12-06 13:20:11.422  1809  1809 V KeyguardUpdateMonitor: onSubscriptionInfoChanged()
12-06 13:20:11.425  2136  2136 D Telephony: isEmergencyPreferredAccount: subId=-1, activeData=-1
12-06 13:20:11.425  2136  2136 D Telephony: isEmergencyPreferredAccount: Device does not require preference.
12-06 13:20:11.429  1367  1663 D ConnectivityService: NetReassign [no changes]
12-06 13:20:11.440  9946  9946 I GH.PhenotypeCommitter: Received commit request
12-06 13:20:11.441  9946  9946 D PhenotypeContext: Application doesn't implement PhenotypeApplication interface, falling back to globally set context. See go/phenotype-flag#process-stable-init for more info.
12-06 13:20:11.448  9946  9946 I PhenotypeBackgroundRecv: Skipping com.google.android.projection.gearhead which doesn't use ProcessStable flags.
12-06 13:20:11.449  9946  9946 I GH.PhenotypeCommitter: Received commit request
12-06 13:20:11.513  1367  1416 I ActivityManager: Killing 9042:com.google.android.cellbroadcastreceiver/u0a188 (adj 975): empty #33
12-06 13:20:11.544   862   862 I Zygote  : Process 9042 exited due to signal 9 (Killed)
12-06 13:20:11.581  1367  1475 I libprocessgroup: Successfully killed process cgroup uid 10188 pid 9042 in 67ms
12-06 13:20:11.593  9946  9991 I PhenotypeBackgroundRecv: Successfully updated snapshot for com.google.android.libraries.performance.primes#com.google.android.projection.gearhead
12-06 13:20:11.599  9946  9946 I GH.PhenotypeCommitter: Received commit request
12-06 13:20:11.601  9946  9991 I PhenotypeBackgroundRecv: Successfully updated snapshot for com.google.android.libraries.consentverifier#com.google.android.projection.gearhead
12-06 13:20:11.603  1367  2211 I ActivityManager: Killing 4197:com.android.chrome/u0a141 (adj 985): empty #33
12-06 13:20:11.606   646   646 E lowmemorykiller: Error writing /proc/4197/oom_score_adj; errno=22
12-06 13:20:11.606  1367  2211 D CompatibilityChangeReporter: Compat change id reported: 135634846; UID 10119; state: DISABLED
12-06 13:20:11.608  1367  1474 D CompatibilityChangeReporter: Compat change id reported: 143937733; UID 10119; state: ENABLED
12-06 13:20:11.617   862   862 D Zygote  : Forked child process 9994
12-06 13:20:11.618  1367  1474 I ActivityManager: Start proc 9994:com.android.vending:instant_app_installer/u0a119 for broadcast {com.android.vending/com.google.android.finsky.instantapps.PhenotypeUpdateReceiver}
12-06 13:20:11.627  1090  1090 I cnss-daemon: wlan_service_core_minfreq: SET
12-06 13:20:11.627  1090  1090 I cnss-daemon: wlan_service_core_minfreq: BIG CL
12-06 13:20:11.630  9994  9994 E t_app_installe: Not starting debugger since process cannot load the jdwp agent.
12-06 13:20:11.659  9994  9994 I t_app_installe: The ClassLoaderContext is a special shared library.
12-06 13:20:11.714  1367  2211 D ConnectivityService: ConnectivityService NetworkRequestInfo binderDied(NetworkRequest [ TRACK_DEFAULT id=51, [ Capabilities: INTERNET&NOT_RESTRICTED&TRUSTED Uid: 10141 AdministratorUids: [] RequestorUid: 10141 RequestorPackageName: com.android.chrome] ], android.os.BinderProxy@e7a8d91)
12-06 13:20:11.714  1367  5554 D ConnectivityService: ConnectivityService NetworkRequestInfo binderDied(NetworkRequest [ LISTEN id=58, [ Capabilities: INTERNET&NOT_RESTRICTED&TRUSTED Uid: 10141 AdministratorUids: [] RequestorUid: 10141 RequestorPackageName: com.android.chrome] ], android.os.BinderProxy@50b60f7)
12-06 13:20:11.714  1367  2211 D ConnectivityService: ConnectivityService NetworkRequestInfo binderDied(NetworkRequest [ TRACK_DEFAULT id=57, [ Capabilities: INTERNET&NOT_RESTRICTED&TRUSTED Uid: 10141 AdministratorUids: [] RequestorUid: 10141 RequestorPackageName: com.android.chrome] ], android.os.BinderProxy@36dbb64)
12-06 13:20:11.714  1367  1663 D ConnectivityService: releasing NetworkRequest [ TRACK_DEFAULT id=51, [ Capabilities: INTERNET&NOT_RESTRICTED&TRUSTED Uid: 10141 AdministratorUids: [] RequestorUid: 10141 RequestorPackageName: com.android.chrome] ] (release request)
12-06 13:20:11.714  3518  3518 W A       : Custom Tabs connection lost
12-06 13:20:11.714  1367  1663 D ConnectivityService: releasing NetworkRequest [ TRACK_DEFAULT id=57, [ Capabilities: INTERNET&NOT_RESTRICTED&TRUSTED Uid: 10141 AdministratorUids: [] RequestorUid: 10141 RequestorPackageName: com.android.chrome] ] (release request)
12-06 13:20:11.715  1367  5017 D ConnectivityService: ConnectivityService NetworkRequestInfo binderDied(NetworkRequest [ LISTEN id=52, [ Capabilities: INTERNET&NOT_RESTRICTED&TRUSTED Uid: 10141 AdministratorUids: [] RequestorUid: 10141 RequestorPackageName: com.android.chrome] ], android.os.BinderProxy@76a4f6)
12-06 13:20:11.715   863   863 I Zygote  : Process 4197 exited due to signal 9 (Killed)
12-06 13:20:11.715  1367  1416 W ActivityManager: Scheduling restart of crashed service com.android.chrome/org.chromium.chrome.browser.customtabs.CustomTabsConnectionService in 1000ms for connection
12-06 13:20:11.718  2136  2136 D Telephony: isEmergencyPreferredAccount: subId=-1, activeData=-1
12-06 13:20:11.719  2136  2136 D Telephony: isEmergencyPreferredAccount: Device does not require preference.
12-06 13:20:11.719  2136  2136 D Telephony: isEmergencyPreferredAccount: subId=-1, activeData=-1
12-06 13:20:11.719  2136  2136 D Telephony: isEmergencyPreferredAccount: Device does not require preference.
12-06 13:20:11.719  1809  1809 V KeyguardUpdateMonitor: onSubscriptionInfoChanged()
12-06 13:20:11.720  1809  1809 V KeyguardUpdateMonitor: onSubscriptionInfoChanged()
12-06 13:20:11.722  1367  1475 I libprocessgroup: Successfully killed process cgroup uid 10141 pid 4197 in 118ms
12-06 13:20:11.723  1367  1663 D ConnectivityService: NetReassign [no changes]
12-06 13:20:11.727  1090  1090 I cnss-daemon: wlan_service_core_minfreq: RESET
12-06 13:20:11.727  1090  1090 E cnss-daemon: wlan_service_core_minfreq: reset: handle not valid
12-06 13:20:11.735  1367  1663 D ConnectivityService: NetReassign [no changes]
12-06 13:20:11.739  9994  9994 W t_app_installe: JIT profile information will not be recorded: profile file does not exist.
12-06 13:20:11.739  9994  9994 I chatty  : uid=10119(com.android.vending) identical 7 lines
12-06 13:20:11.762  3518  3943 W SearchServiceCore: Abort, client detached.
12-06 13:20:11.931  3366  3366 I chatty  : uid=10119(com.android.vending) expire 1 line
12-06 13:20:11.933  1367  1416 I ActivityManager: Killing 6698:com.google.android.apps.photos/u0a154 (adj 985): empty #33
12-06 13:20:11.964  1367  3140 D ConnectivityService: ConnectivityService NetworkRequestInfo binderDied(NetworkRequest [ TRACK_DEFAULT id=73, [ Capabilities: INTERNET&NOT_RESTRICTED&TRUSTED Uid: 10154 AdministratorUids: [] RequestorUid: 10154 RequestorPackageName: com.google.android.apps.photos] ], android.os.BinderProxy@5900d85)
12-06 13:20:11.964  1367  1663 D ConnectivityService: releasing NetworkRequest [ TRACK_DEFAULT id=73, [ Capabilities: INTERNET&NOT_RESTRICTED&TRUSTED Uid: 10154 AdministratorUids: [] RequestorUid: 10154 RequestorPackageName: com.google.android.apps.photos] ] (release request)
12-06 13:20:11.965   862   862 I Zygote  : Process 6698 exited due to signal 9 (Killed)
12-06 13:20:11.972  1809  1809 V KeyguardUpdateMonitor: onSubscriptionInfoChanged()
12-06 13:20:11.973  1367  1475 I libprocessgroup: Successfully killed process cgroup uid 10154 pid 6698 in 39ms
12-06 13:20:11.974  2136  2136 D Telephony: isEmergencyPreferredAccount: subId=-1, activeData=-1
12-06 13:20:11.974  2136  2136 D Telephony: isEmergencyPreferredAccount: Device does not require preference.
12-06 13:20:11.975  3518  3745 I ModelDownloadListener: Schdedule model download
12-06 13:20:11.975  3518  3771 I FedAssExpListener: Fed-ass not supported for signed out users.
12-06 13:20:11.975  3518  3771 I FedAssExpListener: Successfully processed experiments changed.
12-06 13:20:11.979  1367  1663 D ConnectivityService: NetReassign [no changes]
12-06 13:20:11.989  3518  3518 I BgTaskExecutorImpl: Starting EXCLUSIVE background task UPDATE_HOTWORD_MODELS.
12-06 13:20:12.008  3518  3771 I A       : NGA enabled in interactor.
12-06 13:20:12.019  3366 10023 I chatty  : uid=10119(com.android.vending) ProcessStablePh expire 2 lines
12-06 13:20:12.042  3518  3518 I BgTaskExecutorImpl: Starting EXCLUSIVE background task ON_EXPERIMENTS_UPDATED.
12-06 13:20:12.049  1367  1473 W BroadcastQueue: Background execution not allowed: receiving Intent { act=com.google.android.systemui.OPA_ENABLED flg=0x10000010 (has extras) } to com.google.android.apps.nexuslauncher/.qsb.OPAStatusReceiver
12-06 13:20:12.051  1809  1809 I OpaEnabledReceiver: Dispatching OPA eligble = true; AGSA = true; OPA enabled = true
12-06 13:20:12.051  1809  1809 I OpaLayout: Setting opa enabled to true
12-06 13:20:12.051  1809  1809 I OpaLayout: Setting opa enabled to true
12-06 13:20:12.053  1367  3185 D CompatibilityChangeReporter: Compat change id reported: 135634846; UID 10146; state: DISABLED
12-06 13:20:12.053  1367  1474 D CompatibilityChangeReporter: Compat change id reported: 143937733; UID 10146; state: ENABLED
12-06 13:20:12.059  3518  4248 I ModelDownloadController: requestHotwordModelUpdate modelType-2 modelLocale-en-US
12-06 13:20:12.067   862   862 D Zygote  : Forked child process 10028
12-06 13:20:12.068  1367  1474 I ActivityManager: Start proc 10028:com.google.android.deskclock/u0a146 for broadcast {com.google.android.deskclock/com.google.android.libraries.phenotype.client.stable.PhenotypeUpdateBackgroundBroadcastReceiver}
12-06 13:20:12.072  3518  4248 I ModelDownloadController: #maybeDownloadHotwordModelWithMDD with locale: en-US, modelType: 2.
12-06 13:20:12.074  3518  3943 W SearchServiceCore: Abort, client detached.
12-06 13:20:12.081  3518  3745 I OpaEligibilityChecker: send OpaEligibilityChange broadcast to CommonBroadcastReceiver
12-06 13:20:12.085 10028 10028 E droid.deskcloc: Not starting debugger since process cannot load the jdwp agent.
12-06 13:20:12.086  1809  1809 I OpaEnabledReceiver: Dispatching OPA eligble = true; AGSA = true; OPA enabled = true
12-06 13:20:12.086  1809  1809 I OpaLayout: Setting opa enabled to true
12-06 13:20:12.086  1809  1809 I OpaLayout: Setting opa enabled to true
12-06 13:20:12.114 10028 10028 I droid.deskcloc: The ClassLoaderContext is a special shared library.
12-06 13:20:12.129  1090  1090 I cnss-daemon: wlan_service_core_minfreq: SET
12-06 13:20:12.129  1090  1090 I cnss-daemon: wlan_service_core_minfreq: BIG CL
12-06 13:20:12.166 10028 10028 D NetworkSecurityConfig: No Network Security Config specified, using platform default
12-06 13:20:12.166 10028 10028 D NetworkSecurityConfig: No Network Security Config specified, using platform default
12-06 13:20:12.234  2504  2800 I chatty  : uid=10129(com.google.android.gms) Binder:2504_4 expire 9 lines
12-06 13:20:12.287 10028 10028 D PhenotypeContext: Application doesn't implement PhenotypeApplication interface, falling back to globally set context. See go/phenotype-flag#process-stable-init for more info.
12-06 13:20:12.289 10028 10051 I GAv4    : Google Analytics 214.0.10 is starting up. To enable debug logging on a device run:
12-06 13:20:12.289 10028 10051 I GAv4    :   adb shell setprop log.tag.GAv4 DEBUG
12-06 13:20:12.289 10028 10051 I GAv4    :   adb logcat -s GAv4
12-06 13:20:12.327 10028 10053 W GAv4    : AnalyticsReceiver is not registered or is disabled. Register the receiver for reliable dispatching on non-Google Play devices. See http://goo.gl/8Rd3yj for instructions.
12-06 13:20:12.342 10028 10055 W droid.deskcloc: Accessing hidden field Ljava/util/Collections$SynchronizedCollection;->mutex:Ljava/lang/Object; (greylist-max-o, reflection, denied)
12-06 13:20:12.342 10028 10055 W droid.deskcloc: Accessing hidden method Ljava/util/Collections$SynchronizedSet;-><init>(Ljava/util/Set;Ljava/lang/Object;)V (greylist-max-o, reflection, denied)
12-06 13:20:12.342 10028 10055 W droid.deskcloc: Accessing hidden method Ljava/util/Collections$SynchronizedCollection;-><init>(Ljava/util/Collection;Ljava/lang/Object;)V (greylist-max-o, reflection, denied)
12-06 13:20:12.348 10028 10053 W GAv4    : CampaignTrackingReceiver is not registered, not exported or is disabled. Installation campaign tracking is not possible. See http://goo.gl/8Rd3yj for instructions.
12-06 13:20:12.357 10028 10053 W GAv4    : AnalyticsService not registered in the app manifest. Hits might not be delivered reliably. See http://goo.gl/8Rd3yj for instructions.
12-06 13:20:12.383  2937  4950 I chatty  : uid=10129(com.google.android.gms) highpool[3] expire 23 lines
12-06 13:20:12.383  2937  5162 I chatty  : uid=10129(com.google.android.gms) highpool[4] expire 4 lines
12-06 13:20:12.398  2937  8122 I chatty  : uid=10129(com.google.android.gms) lowpool[8] expire 7 lines
12-06 13:20:12.481  9628  9650 I id.partnersetu: Waiting for a blocking GC ProfileSaver
12-06 13:20:12.482 10028 10054 I PhenotypeBackgroundRecv: Successfully updated snapshot for com.google.android.libraries.performance.primes#com.google.android.deskclock
12-06 13:20:12.512  9628  9650 I id.partnersetu: WaitForGcToComplete blocked ProfileSaver on AddRemoveAppImageSpace for 30.339ms
12-06 13:20:12.536 10028 10054 I PhenotypeBackgroundRecv: Successfully updated snapshot for com.google.android.libraries.consentverifier#com.google.android.deskclock
12-06 13:20:12.539  1367  4019 D CompatibilityChangeReporter: Compat change id reported: 135634846; UID 10104; state: DISABLED
12-06 13:20:12.540  1367  1474 D CompatibilityChangeReporter: Compat change id reported: 143937733; UID 10104; state: ENABLED
12-06 13:20:12.545  1367  4019 I ActivityManager: Killing 9146:com.google.android.calendar/u0a163 (adj 985): empty #33
12-06 13:20:12.545   646   646 E lowmemorykiller: Error writing /proc/9146/oom_score_adj; errno=22
12-06 13:20:12.551   862   862 D Zygote  : Forked child process 10059
12-06 13:20:12.560  2089  2193 I QCNEJ/CndHalConnector: -> SND notifyWifiStatusChanged(RatInfo{type=1, subType=101, state=CONNECTED, v4=IfaceAddrPair{iface=wlan0, addr=192.168.86.114}, v6=IfaceAddrPair{iface=, addr=}, timestamp=2021-12-06 13:20:12.56, isAndroidValidated=true, netHandle=437197393933, slotIdx=0} WifiInfo{freq=FIVE_GHz, state=3, ssid=rajlaasya, bssid=b0:e4:d5:33:13:ed, dns=[192.168.86.1, 0.0.0.0, 0.0.0.0, 0.0.0.0, ]})
12-06 13:20:12.564  1367  2219 D ConnectivityService: ConnectivityService NetworkRequestInfo binderDied(NetworkRequest [ TRACK_DEFAULT id=128, [ Capabilities: INTERNET&NOT_RESTRICTED&TRUSTED Uid: 10163 AdministratorUids: [] RequestorUid: 10163 RequestorPackageName: com.google.android.calendar] ], android.os.BinderProxy@dc75e9f)
12-06 13:20:12.571  1367  1663 E ConnectivityService: RemoteException caught trying to send a callback msg for NetworkRequest [ TRACK_DEFAULT id=128, [ Capabilities: INTERNET&NOT_RESTRICTED&TRUSTED Uid: 10163 AdministratorUids: [] RequestorUid: 10163 RequestorPackageName: com.google.android.calendar] ]
12-06 13:20:12.572  6765  6807 I CarrierServices: [528] chc.d: (PEv2-SM-176384565): DisabledState: event Connectivity event [null]
12-06 13:20:12.572   862   862 I Zygote  : Process 9146 exited due to signal 9 (Killed)
12-06 13:20:12.574  1367  1474 I ActivityManager: Start proc 10059:com.google.android.apps.nbu.files/u0a104 for broadcast {com.google.android.apps.nbu.files/com.google.android.libraries.phenotype.client.stable.PhenotypeUpdateBackgroundBroadcastReceiver}
12-06 13:20:12.575  1367  1663 D ConnectivityService: releasing NetworkRequest [ TRACK_DEFAULT id=128, [ Capabilities: INTERNET&NOT_RESTRICTED&TRUSTED Uid: 10163 AdministratorUids: [] RequestorUid: 10163 RequestorPackageName: com.google.android.calendar] ] (release request)
12-06 13:20:12.576  6765  6810 I CarrierServices: [530] byj.c: Connected state: [1], networkType: [WIFI]
12-06 13:20:12.578  2136  2479 E PhoneInterfaceManager: [PhoneIntfMgr] getCarrierPrivilegeStatus: Invalid subId
12-06 13:20:12.578  2136  2136 D Telephony: isEmergencyPreferredAccount: subId=-1, activeData=-1
12-06 13:20:12.578  2136  2136 D Telephony: isEmergencyPreferredAccount: Device does not require preference.
12-06 13:20:12.578 10059 10059 E .apps.nbu.file: Not starting debugger since process cannot load the jdwp agent.
12-06 13:20:12.579  6765  6812 I CarrierServices: [531] cnt.e: RCS Configuration storage in Bugle is disabled by p/h flag, using ProvisioningEngineStateCacheUtil.getProvisioningConfigurationForGivenSimIfExist()
12-06 13:20:12.584  1367  1663 D ConnectivityService: NetReassign [no changes]
12-06 13:20:12.587  1809  1809 V KeyguardUpdateMonitor: onSubscriptionInfoChanged()
12-06 13:20:12.590  1367  1475 I libprocessgroup: Successfully killed process cgroup uid 10163 pid 9146 in 44ms
12-06 13:20:12.614 10059 10059 I .apps.nbu.file: The ClassLoaderContext is a special shared library.
12-06 13:20:12.637  1090  1090 I cnss-daemon: wlan_service_core_minfreq: RESET
12-06 13:20:12.637  1090  1090 E cnss-daemon: wlan_service_core_minfreq: reset: handle not valid
12-06 13:20:12.673 10059 10059 W .apps.nbu.file: JIT profile information will not be recorded: profile file does not exist.
12-06 13:20:12.673 10059 10059 I chatty  : uid=10104(com.google.android.apps.nbu.files) identical 1 line
12-06 13:20:12.673 10059 10059 W .apps.nbu.file: JIT profile information will not be recorded: profile file does not exist.
12-06 13:20:12.686 10059 10059 D NetworkSecurityConfig: Using Network Security Config from resource network_security_config debugBuild: false
12-06 13:20:12.688 10059 10059 D NetworkSecurityConfig: Using Network Security Config from resource network_security_config debugBuild: false
12-06 13:20:12.707  3518  3897 I ModelDownloadController: Hotword models associated with downloaded MDD filegroups: [hotword_model_en-US_okhey], pending groups: []
12-06 13:20:12.713  3518  4248 I ModelDownloadController: Skipping MDD query because model was already downloaded for locale
12-06 13:20:12.737  1090  1090 I cnss-daemon: wlan_service_core_minfreq: SET
12-06 13:20:12.737  1090  1090 I cnss-daemon: wlan_service_core_minfreq: BIG CL
12-06 13:20:12.842  9665  9677 I ndroid.setting: WaitForGcToComplete blocked RunEmptyCheckpoint on ProfileSaver for 9.397ms
12-06 13:20:12.877 10059 10097 W .apps.nbu.file: Accessing hidden field Ljava/util/Collections$SynchronizedCollection;->mutex:Ljava/lang/Object; (greylist-max-o, reflection, denied)
12-06 13:20:12.877 10059 10097 W .apps.nbu.file: Accessing hidden method Ljava/util/Collections$SynchronizedSet;-><init>(Ljava/util/Set;Ljava/lang/Object;)V (greylist-max-o, reflection, denied)
12-06 13:20:12.877 10059 10097 W .apps.nbu.file: Accessing hidden method Ljava/util/Collections$SynchronizedCollection;-><init>(Ljava/util/Collection;Ljava/lang/Object;)V (greylist-max-o, reflection, denied)
12-06 13:20:12.900  9689  9709 I apters.contact: Waiting for a blocking GC ProfileSaver
12-06 13:20:12.924  9689  9709 I apters.contact: WaitForGcToComplete blocked ProfileSaver on ClassLinker for 24.132ms
12-06 13:20:12.937  1090  1090 I cnss-daemon: wlan_service_core_minfreq: RESET
12-06 13:20:12.937  1090  1090 E cnss-daemon: wlan_service_core_minfreq: reset: handle not valid
12-06 13:20:13.015 10059 10059 W pfu     : Received update for unknown package com.google.android.libraries.performance.primes#com.google.android.apps.nbu.files; known packages [com.google.android.apps.nbu.files.device]
12-06 13:20:13.037  1090  1090 I cnss-daemon: wlan_service_core_minfreq: SET
12-06 13:20:13.037  1090  1090 I cnss-daemon: wlan_service_core_minfreq: BIG CL
12-06 13:20:13.042  9717  9755 I .android.video: Waiting for a blocking GC ProfileSaver
12-06 13:20:13.060  3366  3536 I Finsky  : [214] fwx.run(15): Stats for Executor: BlockingExecutor hxs@506e59[Running, pool size = 11, active threads = 0, queued tasks = 0, completed tasks = 537]
12-06 13:20:13.061  3366  3536 I Finsky  : [214] fwx.run(15): Stats for Executor: LightweightExecutor hxs@5b44a1e[Running, pool size = 4, active threads = 0, queued tasks = 0, completed tasks = 824]
12-06 13:20:13.099  3402  3580 I SP.AiAi : <==== Finishing job {W:b, bg}, 1960 ms. elapsed since start
12-06 13:20:13.099  3402  3580 I SP.AiAi : Download stopped: webref-2-en-us:redacted, succeeded, size: redacted
12-06 13:20:13.105  9717  9755 I .android.video: WaitForGcToComplete blocked ProfileSaver on ClassLinker for 62.716ms
12-06 13:20:13.137  1090  1090 I cnss-daemon: wlan_service_core_minfreq: RESET
12-06 13:20:13.137  1090  1090 E cnss-daemon: wlan_service_core_minfreq: reset: handle not valid
12-06 13:20:13.139 10059 10059 W pfu     : Received update for unknown package com.google.android.libraries.consentverifier#com.google.android.apps.nbu.files; known packages [com.google.android.apps.nbu.files.device]
12-06 13:20:13.141  1367  2212 D CompatibilityChangeReporter: Compat change id reported: 135634846; UID 10141; state: DISABLED
12-06 13:20:13.142  1367  1474 D CompatibilityChangeReporter: Compat change id reported: 143937733; UID 10141; state: ENABLED
12-06 13:20:13.144  1367  2212 I ActivityManager: Killing 9209:com.google.android.carrier/u0a118 (adj 985): empty #33
12-06 13:20:13.145   646   646 E lowmemorykiller: Error writing /proc/9209/oom_score_adj; errno=22
12-06 13:20:13.151   863   863 D Zygote  : Forked child process 10100
12-06 13:20:13.152  1367  1474 I ActivityManager: Start proc 10100:com.android.chrome/u0a141 for broadcast {com.android.chrome/com.google.android.libraries.phenotype.client.stable.PhenotypeUpdateBackgroundBroadcastReceiver}
12-06 13:20:13.158   862   862 I Zygote  : Process 9209 exited due to signal 9 (Killed)
12-06 13:20:13.171 10100 10100 E .android.chrom: Not starting debugger since process cannot load the jdwp agent.
12-06 13:20:13.173 10059 10088 I FA      : App measurement initialized, version: 46006
12-06 13:20:13.173 10059 10088 I FA      : To enable debug logging run: adb shell setprop log.tag.FA VERBOSE
12-06 13:20:13.173 10059 10088 I FA      : To enable faster debug mode event logging run:
