12-06 13:20:13.173 10059 10088 I FA      :   adb shell setprop debug.firebase.analytics.app com.google.android.apps.nbu.files
12-06 13:20:13.190  1367  1475 I libprocessgroup: Successfully killed process cgroup uid 10118 pid 9209 in 45ms
12-06 13:20:13.226 10100 10100 W .android.chrom: JIT profile information will not be recorded: profile file does not exist.
12-06 13:20:13.253 10100 10100 D NetworkSecurityConfig: Using Network Security Config from resource 0_resource_name_obfuscated debugBuild: false
12-06 13:20:13.254 10100 10100 D NetworkSecurityConfig: Using Network Security Config from resource 0_resource_name_obfuscated debugBuild: false
12-06 13:20:13.255 10100 10100 I cr_SplitCompatApp: Launched version=95.0.4638.74 minSdkVersion=29 isBundle=true processName=com.android.chrome isIsolated=false
12-06 13:20:13.290  3366  3536 I Finsky  : [214] fwx.run(15): Stats for Executor: bgExecutor hxs@d8ce2ff[Running, pool size = 4, active threads = 1, queued tasks = 0, completed tasks = 1364]
12-06 13:20:13.385  2504  4092 I chatty  : uid=10129(com.google.android.gms) Binder:2504_A expire 4 lines
12-06 13:20:13.410 10100 10100 W cr_SplitCompat: Mismatched ClassLoaders between Application and component: com.google.android.libraries.phenotype.client.stable.PhenotypeUpdateBackgroundBroadcastReceiver
12-06 13:20:13.417 10100 10100 W cr_SplitCompat: Mismatched ClassLoaders between Application and component: com.google.android.libraries.phenotype.client.stable.PhenotypeUpdateBackgroundBroadcastReceiver
12-06 13:20:13.419 10100 10100 W cr_SplitCompat: Mismatched ClassLoaders between Application and component: com.google.android.libraries.phenotype.client.stable.PhenotypeUpdateBackgroundBroadcastReceiver
12-06 13:20:13.420  1367  4019 D CompatibilityChangeReporter: Compat change id reported: 135634846; UID 10154; state: DISABLED
12-06 13:20:13.421  1367  1474 D CompatibilityChangeReporter: Compat change id reported: 143937733; UID 10154; state: ENABLED
12-06 13:20:13.423  1367  4019 I ActivityManager: Killing 9250:com.google.android.configupdater/u0a121 (adj 985): empty #33
12-06 13:20:13.434   862   862 D Zygote  : Forked child process 10129
12-06 13:20:13.436  1367  1474 I ActivityManager: Start proc 10129:com.google.android.apps.photos/u0a154 for broadcast {com.google.android.apps.photos/com.google.android.apps.photos.experiments.phenotype.full.PhenotypeUpdateBroadcastReceiver}
12-06 13:20:13.448   862   862 I Zygote  : Process 9250 exited due to signal 9 (Killed)
12-06 13:20:13.452  1367  1475 I libprocessgroup: Successfully killed process cgroup uid 10121 pid 9250 in 28ms
12-06 13:20:13.454 10129 10129 E oid.apps.photo: Not starting debugger since process cannot load the jdwp agent.
12-06 13:20:13.478 10129 10129 I oid.apps.photo: The ClassLoaderContext is a special shared library.
12-06 13:20:13.546 10129 10129 W oid.apps.photo: JIT profile information will not be recorded: profile file does not exist.
12-06 13:20:13.546 10129 10129 W oid.apps.photo: JIT profile information will not be recorded: profile file does not exist.
12-06 13:20:13.560 10129 10129 D NetworkSecurityConfig: No Network Security Config specified, using platform default
12-06 13:20:13.561 10129 10129 D NetworkSecurityConfig: No Network Security Config specified, using platform default
12-06 13:20:13.631 10129 10129 W oid.apps.photo: Accessing hidden field Ljava/util/Collections$SynchronizedCollection;->mutex:Ljava/lang/Object; (greylist-max-o, reflection, denied)
12-06 13:20:13.632 10129 10129 W oid.apps.photo: Accessing hidden method Ljava/util/Collections$SynchronizedSet;-><init>(Ljava/util/Set;Ljava/lang/Object;)V (greylist-max-o, reflection, denied)
12-06 13:20:13.632 10129 10129 W oid.apps.photo: Accessing hidden method Ljava/util/Collections$SynchronizedCollection;-><init>(Ljava/util/Collection;Ljava/lang/Object;)V (greylist-max-o, reflection, denied)
12-06 13:20:13.747  1367  3189 I ActivityManager: Killing 9312:com.google.android.documentsui/u0a66 (adj 985): empty #33
12-06 13:20:13.769   862   862 I Zygote  : Process 9312 exited due to signal 9 (Killed)
12-06 13:20:13.794  1367  1475 I libprocessgroup: Successfully killed process cgroup uid 10066 pid 9312 in 46ms
12-06 13:20:13.833 10129 10152 I TetheringManager: registerTetheringEventCallback:com.google.android.apps.photos
12-06 13:20:13.885  1367  3145 D ConnectivityService: requestNetwork for uid/pid:10154/10129 NetworkRequest [ TRACK_DEFAULT id=156, [ Capabilities: INTERNET&NOT_RESTRICTED&TRUSTED Uid: 10154 AdministratorUids: [] RequestorUid: 10154 RequestorPackageName: com.google.android.apps.photos] ]
12-06 13:20:13.885  1367  1663 D ConnectivityService: NetReassign [156 : null → 101]
12-06 13:20:13.886  1367  1748 D WIFI_AWARE_FACTORY: got request NetworkRequest [ TRACK_DEFAULT id=156, [ Capabilities: INTERNET&NOT_RESTRICTED&TRUSTED Uid: 10154 AdministratorUids: [] RequestorUid: 10154 RequestorPackageName: com.google.android.apps.photos] ] with score 60 and providerId 5
12-06 13:20:13.887  1367  1749 D Ethernet: got request NetworkRequest [ TRACK_DEFAULT id=156, [ Capabilities: INTERNET&NOT_RESTRICTED&TRUSTED Uid: 10154 AdministratorUids: [] RequestorUid: 10154 RequestorPackageName: com.google.android.apps.photos] ] with score 60 and providerId 5
12-06 13:20:13.888  1367  1632 D UntrustedWifiNetworkFactory: got request NetworkRequest [ TRACK_DEFAULT id=156, [ Capabilities: INTERNET&NOT_RESTRICTED&TRUSTED Uid: 10154 AdministratorUids: [] RequestorUid: 10154 RequestorPackageName: com.google.android.apps.photos] ] with score 60 and providerId 5
12-06 13:20:13.888  1367  1632 D WifiNetworkFactory: got request NetworkRequest [ TRACK_DEFAULT id=156, [ Capabilities: INTERNET&NOT_RESTRICTED&TRUSTED Uid: 10154 AdministratorUids: [] RequestorUid: 10154 RequestorPackageName: com.google.android.apps.photos] ] with score 60 and providerId 5
12-06 13:20:13.888  2136  2136 D PhoneSwitcherNetworkRequstListener: got request NetworkRequest [ TRACK_DEFAULT id=156, [ Capabilities: INTERNET&NOT_RESTRICTED&TRUSTED Uid: 10154 AdministratorUids: [] RequestorUid: 10154 RequestorPackageName: com.google.android.apps.photos] ] with score 60 and providerId 5
12-06 13:20:13.899  1809  1809 V KeyguardUpdateMonitor: onSubscriptionInfoChanged()
12-06 13:20:13.906  2136  2136 D Telephony: isEmergencyPreferredAccount: subId=-1, activeData=-1
12-06 13:20:13.906  2136  2136 D Telephony: isEmergencyPreferredAccount: Device does not require preference.
12-06 13:20:13.914  1367  1367 D CompatibilityChangeReporter: Compat change id reported: 135634846; UID 10121; state: DISABLED
12-06 13:20:13.914  1367  1474 D CompatibilityChangeReporter: Compat change id reported: 143937733; UID 10121; state: DISABLED
12-06 13:20:13.914  1367  1663 D ConnectivityService: NetReassign [no changes]
12-06 13:20:13.926  8746  8746 D GservicesChangedObserverService: onStartJob
12-06 13:20:13.931   862   862 D Zygote  : Forked child process 10163
12-06 13:20:13.932  1367  1474 I ActivityManager: Start proc 10163:com.google.android.configupdater/u0a121 for service {com.google.android.configupdater/com.google.android.configupdater.MainJobService}
12-06 13:20:13.934  8746  8746 D GservicesChangedObserverService: scheduleJobService
12-06 13:20:13.940 10163 10163 E d.configupdate: Not starting debugger since process cannot load the jdwp agent.
12-06 13:20:13.955 10163 10163 D ApplicationLoaders: Returning zygote-cached class loader: /system/framework/android.test.base.jar
12-06 13:20:13.968 10163 10163 D NetworkSecurityConfig: No Network Security Config specified, using platform default
12-06 13:20:13.968 10163 10163 D NetworkSecurityConfig: No Network Security Config specified, using platform default
12-06 13:20:13.977  9839  9859 I oogle.vr.vrcor: Waiting for a blocking GC ProfileSaver
12-06 13:20:13.995  7052  7052 W SconePhenotypeReceiver: Intent for a different mendel package com.google.android.gms.icing.mdd#com.google.android.apps.scone. Not committing.
12-06 13:20:13.999  9007  9555 I PhenotypeBackgroundRecv: Successfully updated snapshot for com.google.android.libraries.performance.primes#com.google.android.dialer
12-06 13:20:14.003  9007  9007 W DialerConfigurationUpdatedReceiver: com.google.apps.tiktok.experiments.phenotype.ConfigurationUpdatedReceiver.onReceive:81 Received update for unknown package com.google.android.libraries.performance.primes#com.google.android.dialer; known packages [com.google.android.dialer]
12-06 13:20:14.006  9007  9007 I PhenotypeBackgroundRecv: Skipping com.google.android.gms.icing.mdd#com.google.android.dialer which doesn't use ProcessStable flags.
12-06 13:20:14.009  9007  9007 W DialerConfigurationUpdatedReceiver: com.google.apps.tiktok.experiments.phenotype.ConfigurationUpdatedReceiver.onReceive:81 Received update for unknown package com.google.android.gms.icing.mdd#com.google.android.dialer; known packages [com.google.android.dialer]
12-06 13:20:14.015  9839  9859 I oogle.vr.vrcor: WaitForGcToComplete blocked ProfileSaver on AddRemoveAppImageSpace for 39.383ms
12-06 13:20:14.068  7052  7052 I ConnectivityMonitorManager: Phenotype flags changed
12-06 13:20:14.068  7052  7052 I ConnectivityMonitorManager: Flag isConnectivityMonitorEnabled is false.
12-06 13:20:14.068  7052  7052 I ConnectivityMonitorManager: Service com.google.android.apps.scone.connectivitymonitor.ConnectivityMonitorService is not running...
12-06 13:20:14.070  7052  7052 I WifiScorer: Phenotype flags changed
12-06 13:20:14.071  7052  7052 D WifiScorer: Service enabled=true permissionGranted=true
12-06 13:20:14.073  7052  7052 I WifiScorer: WifiScorerService started modelId = 7
12-06 13:20:14.073  9007  9554 I PhenotypeBackgroundRecv: Successfully updated snapshot for com.google.android.libraries.consentverifier#com.google.android.dialer
12-06 13:20:14.074  7052  7971 D ConfigService: onHandleWork
12-06 13:20:14.076  1367  3145 I ActivityManager: Killing 8040:android.process.media/u0a61 (adj 985): empty #33
12-06 13:20:14.076  1367  3189 W ActivityManager: Unable to start service Intent { cmp=com.google.android.grilservice/.GRilService } U=0: not found
12-06 13:20:14.078  9007  9007 W DialerConfigurationUpdatedReceiver: com.google.apps.tiktok.experiments.phenotype.ConfigurationUpdatedReceiver.onReceive:81 Received update for unknown package com.google.android.libraries.consentverifier#com.google.android.dialer; known packages [com.google.android.dialer]
12-06 13:20:14.081  9007  9007 I PhenotypeBackgroundRecv: Skipping com.google.android.dialer which doesn't use ProcessStable flags.
12-06 13:20:14.090  1367  3189 W ActivityManager: Unbind failed: could not find connection for android.os.BinderProxy@6daee96
12-06 13:20:14.115   862   862 I Zygote  : Process 8040 exited due to signal 9 (Killed)
12-06 13:20:14.131  1367  1475 I libprocessgroup: Successfully killed process cgroup uid 10061 pid 8040 in 54ms
12-06 13:20:14.151  1367  3998 W AppOps  : Noting op not finished: uid 10128 pkg com.google.android.apps.scone code 79 startTime of in progress event=1638811214150
12-06 13:20:14.155  1367  3145 D CompatibilityChangeReporter: Compat change id reported: 135634846; UID 10142; state: DISABLED
12-06 13:20:14.155   972  1011 D CHRE    : @ 135.806: Nanoapp list request from client ID 1
12-06 13:20:14.156  1367  3145 I ActivityManager: Killing 9373:com.android.shell/2000 (adj 985): empty #33
12-06 13:20:14.157  1367  1474 D CompatibilityChangeReporter: Compat change id reported: 143937733; UID 10142; state: ENABLED
12-06 13:20:14.157   646   646 E lowmemorykiller: Error writing /proc/9373/oom_score_adj; errno=22
12-06 13:20:14.162  1367  1585 W AppOps  : Noting op not finished: uid 10128 pkg com.google.android.apps.scone code 79 startTime of in progress event=1638811214150
12-06 13:20:14.165  1367  3145 W AppOps  : Noting op not finished: uid 10128 pkg com.google.android.apps.scone code 79 startTime of in progress event=1638811214150
12-06 13:20:14.170   862   862 D Zygote  : Forked child process 10190
12-06 13:20:14.171  1367  1474 I ActivityManager: Start proc 10190:com.google.android.apps.docs/u0a142 for broadcast {com.google.android.apps.docs/com.google.android.apps.docs.drive.phenotype.DrivePhenotypeUpdateReceiver}
12-06 13:20:14.172   862   862 I Zygote  : Process 9373 exited due to signal 9 (Killed)
12-06 13:20:14.176   972  1011 D CHRE    : @ 135.827: Parsed nanoapp message from host: app ID 0x476f6f676c00100b, endpoint 0x2, msgType 112, payload size 80
12-06 13:20:14.176   972  1011 I CHRE    : @ 135.827: [NanoMinion] received MSG Type 0x70, Version 1, 76 bytes
12-06 13:20:14.176   972  1011 I CHRE    : @ 135.827: [AR_CHRE] request.enable latency=2147483647, numTrans=8
12-06 13:20:14.177   972  1011 I CHRE    : @ 135.827: [NanoMinion] sent MSG Type 0x71, Version 0, 16 bytes, MessageId 6
12-06 13:20:14.177   972  1011 I CHRE    : @ 135.827: [AR_CHRE] send response=0
12-06 13:20:14.178   972  1011 D CHRE    : @ 135.829: Nanoapp list request from client ID 1
12-06 13:20:14.180   972  1011 D CHRE    : @ 135.830: Nanoapp list request from client ID 1
12-06 13:20:14.188   972  1011 D CHRE    : @ 135.839: Nanoapp list request from client ID 1
12-06 13:20:14.191   972  1011 D CHRE    : @ 135.841: Parsed nanoapp message from host: app ID 0x476f6f676c00100b, endpoint 0x2, msgType 112, payload size 80
12-06 13:20:14.191   972  1011 I CHRE    : @ 135.841: [NanoMinion] received MSG Type 0x70, Version 1, 76 bytes
12-06 13:20:14.192   972  1011 I CHRE    : @ 135.842: [AR_CHRE] request.enable latency=2147483647, numTrans=8
12-06 13:20:14.192   972  1011 I CHRE    : @ 135.842: [NanoMinion] sent MSG Type 0x71, Version 0, 16 bytes, MessageId 7
12-06 13:20:14.192   972  1011 I CHRE    : @ 135.842: [AR_CHRE] send response=0
12-06 13:20:14.192   972  1011 D CHRE    : @ 135.842: Nanoapp list request from client ID 1
12-06 13:20:14.194   972  1011 D CHRE    : @ 135.844: Nanoapp list request from client ID 1
12-06 13:20:14.195 10190 10190 E droid.apps.doc: Not starting debugger since process cannot load the jdwp agent.
12-06 13:20:14.197  1367  1475 I libprocessgroup: Successfully killed process cgroup uid 2000 pid 9373 in 37ms
12-06 13:20:14.220 10190 10190 I droid.apps.doc: The ClassLoaderContext is a special shared library.
12-06 13:20:14.274 10190 10190 W droid.apps.doc: JIT profile information will not be recorded: profile file does not exist.
12-06 13:20:14.274 10190 10190 I chatty  : uid=10142(com.google.android.apps.docs) identical 1 line
12-06 13:20:14.274 10190 10190 W droid.apps.doc: JIT profile information will not be recorded: profile file does not exist.
12-06 13:20:14.292 10190 10190 D NetworkSecurityConfig: Using Network Security Config from resource network_security_config debugBuild: false
12-06 13:20:14.293 10190 10190 D NetworkSecurityConfig: Using Network Security Config from resource network_security_config debugBuild: false
12-06 13:20:14.370 10190 10213 W droid.apps.doc: Accessing hidden field Ljava/util/Collections$SynchronizedCollection;->mutex:Ljava/lang/Object; (greylist-max-o, reflection, denied)
12-06 13:20:14.371 10190 10213 W droid.apps.doc: Accessing hidden method Ljava/util/Collections$SynchronizedSet;-><init>(Ljava/util/Set;Ljava/lang/Object;)V (greylist-max-o, reflection, denied)
12-06 13:20:14.372 10190 10213 W droid.apps.doc: Accessing hidden method Ljava/util/Collections$SynchronizedCollection;-><init>(Ljava/util/Collection;Ljava/lang/Object;)V (greylist-max-o, reflection, denied)
12-06 13:20:14.389  1367  1585 V Binder  : BinderProxy map growth! bucket size = 20 total = 3184
12-06 13:20:14.442 10190 10230 W FieldDefinition: [RxCachedThreadScheduler-6] Ignoring isIndexed constraint as field also has uniqueness constraint (on just this field, and therefore SQLite will have to create an index on that. For field: cdw$a@3a53086
12-06 13:20:14.459 10190 10243 I TetheringManager: registerTetheringEventCallback:com.google.android.apps.docs
12-06 13:20:14.477 10190 10229 E NotificationAccessor: Cannot delete notification channel. Channel not found.
12-06 13:20:14.477 10190 10229 I chatty  : uid=10142(com.google.android.apps.docs) RxCachedThreadS identical 1 line
12-06 13:20:14.477 10190 10229 E NotificationAccessor: Cannot delete notification channel. Channel not found.
12-06 13:20:14.525 10190 10235 E CelloDelayUploadFixer: [RxCachedThreadScheduler-9] Cleanup delay upload complete
12-06 13:20:14.528 10190 10208 W GmsIpProtection: [Binder:10190_3] Error changing state for com.google.android.apps.docs.sync.syncadapter.DocsSyncAdapterService
12-06 13:20:14.529 10190 10208 W GmsIpProtection: [Binder:10190_3] Error changing state for com.google.android.apps.docs.drive.directsharing.ChooserTargetService
12-06 13:20:14.531 10190 10208 W GmsIpProtection: [Binder:10190_3] Error changing state for com.google.android.apps.docs.editors.shared.documentcreation.WidgetDocumentCreatorActivity
12-06 13:20:14.531 10190 10208 W GmsIpProtection: [Binder:10190_3] Error changing state for com.google.android.apps.docs.editors.shared.documentcreation.ExternalDocumentCreatorActivity
12-06 13:20:14.532 10190 10208 W GmsIpProtection: [Binder:10190_3] Error changing state for com.google.android.apps.docs.editors.shared.widgets.NewDocumentWidgetActivity
12-06 13:20:14.532 10190 10208 W GmsIpProtection: [Binder:10190_3] Error changing state for com.google.android.apps.docs.editors.shared.export.FileContentProvider
12-06 13:20:14.532 10190 10208 W GmsIpProtection: [Binder:10190_3] Error changing state for com.google.android.apps.docs.editors.shared.copypaste.AndroidClipboardContentProvider
12-06 13:20:14.533 10190 10208 W GmsIpProtection: [Binder:10190_3] Error changing state for com.google.android.apps.docs.editors.shared.copypaste.AndroidImageContentProvider
12-06 13:20:14.533 10190 10208 W GmsIpProtection: [Binder:10190_3] Error changing state for com.google.android.apps.docs.editors.shared.inserttool.clipboard.InsertToolClipboardContentProvider
12-06 13:20:14.533 10190 10208 W GmsIpProtection: [Binder:10190_3] Error changing state for com.google.android.apps.docs.editors.shared.inserttool.clipboard.InsertToolImageContentProvider
12-06 13:20:14.533 10190 10208 W GmsIpProtection: [Binder:10190_3] Error changing state for com.google.android.apps.docs.editors.kix.conversion.KixOnlineImportActivity
12-06 13:20:14.534 10190 10208 W GmsIpProtection: [Binder:10190_3] Error changing state for com.google.android.apps.docs.editors.ritz.conversion.RitzOnlineImportActivity
12-06 13:20:14.534 10190 10208 W GmsIpProtection: [Binder:10190_3] Error changing state for com.google.android.apps.docs.editors.punch.conversion.PunchOnlineImportActivity
12-06 13:20:14.633  1367  3145 D CompatibilityChangeReporter: Compat change id reported: 135634846; UID 10101; state: DISABLED
12-06 13:20:14.633  1367  1474 D CompatibilityChangeReporter: Compat change id reported: 143937733; UID 10101; state: ENABLED
12-06 13:20:14.634  1367  3145 I ActivityManager: Killing 3556:com.android.providers.calendar/u0a58 (adj 985): empty #33
12-06 13:20:14.635   646   646 E lowmemorykiller: Error writing /proc/3556/oom_score_adj; errno=22
12-06 13:20:14.643   862   862 D Zygote  : Forked child process 10255
12-06 13:20:14.644  1367  1474 I ActivityManager: Start proc 10255:com.google.android.apps.safetyhub/u0a101 for broadcast {com.google.android.apps.safetyhub/com.google.android.libraries.phenotype.client.stable.PhenotypeUpdateBackgroundBroadcastReceiver}
12-06 13:20:14.652   862   862 I Zygote  : Process 3556 exited due to signal 9 (Killed)
12-06 13:20:14.657 10255 10255 E .apps.safetyhu: Not starting debugger since process cannot load the jdwp agent.
12-06 13:20:14.680  1367  1475 I libprocessgroup: Successfully killed process cgroup uid 10058 pid 3556 in 45ms
12-06 13:20:14.680 10255 10255 I .apps.safetyhu: The ClassLoaderContext is a special shared library.
12-06 13:20:14.723 10255 10255 D NetworkSecurityConfig: No Network Security Config specified, using platform default
12-06 13:20:14.724 10255 10255 D NetworkSecurityConfig: No Network Security Config specified, using platform default
12-06 13:20:14.838 10255 10283 W .apps.safetyhu: Accessing hidden field Ljava/util/Collections$SynchronizedCollection;->mutex:Ljava/lang/Object; (greylist-max-o, reflection, denied)
12-06 13:20:14.839 10255 10283 W .apps.safetyhu: Accessing hidden method Ljava/util/Collections$SynchronizedSet;-><init>(Ljava/util/Set;Ljava/lang/Object;)V (greylist-max-o, reflection, denied)
12-06 13:20:14.839 10255 10283 W .apps.safetyhu: Accessing hidden method Ljava/util/Collections$SynchronizedCollection;-><init>(Ljava/util/Collection;Ljava/lang/Object;)V (greylist-max-o, reflection, denied)
12-06 13:20:15.069  2504  8220 I chatty  : uid=10129 com.google.android.gms.persistent expire 4 lines
12-06 13:20:15.136 10255 10255 W Safetyhub.ConfigurationUpdatedReceiver: Received update for unknown package com.google.android.libraries.performance.primes#com.google.android.apps.safetyhub; known packages [com.google.android.apps.safetyhub, com.google.android.apps.safetyhub.uidevice#com.google.android.apps.safetyhub]
12-06 13:20:15.287 10255 10255 W Safetyhub.ConfigurationUpdatedReceiver: Received update for unknown package com.google.android.libraries.notifications#com.google.android.apps.safetyhub; known packages [com.google.android.apps.safetyhub, com.google.android.apps.safetyhub.uidevice#com.google.android.apps.safetyhub]
12-06 13:20:15.292 10255 10255 W Safetyhub.ConfigurationUpdatedReceiver: Received update for unknown package com.google.android.libraries.consentverifier#com.google.android.apps.safetyhub; known packages [com.google.android.apps.safetyhub, com.google.android.apps.safetyhub.uidevice#com.google.android.apps.safetyhub]
12-06 13:20:15.401 10255 10291 W TimedProcessReaper: Scheduling killing of process to refresh configuration
12-06 13:20:15.408  1367  4019 I ActivityManager: Killing 9420:com.android.traceur/u0a93 (adj 985): empty #33
12-06 13:20:15.409  3088  4894 I PhenotypeBackgroundRecv: Successfully updated snapshot for com.google.android.libraries.performance.primes#com.google.android.inputmethod.latin
12-06 13:20:15.411  3088  3088 I PhenotypeBackgroundRecv: Skipping com.google.android.gms.icing.mdd#com.google.android.inputmethod.latin which doesn't use ProcessStable flags.
12-06 13:20:15.413  3088  3088 I PhenotypeBackgroundRecv: Skipping com.google.android.inputmethod.latin#com.google.android.inputmethod.latin which doesn't use ProcessStable flags.
12-06 13:20:15.415  3088  3088 I PhenotypeBackgroundRecv: Skipping com.google.android.gms.learning#com.google.android.inputmethod.latin which doesn't use ProcessStable flags.
12-06 13:20:15.417  3088  4894 I PhenotypeBackgroundRecv: Successfully updated snapshot for com.google.android.libraries.consentverifier#com.google.android.inputmethod.latin
12-06 13:20:15.432  1367  4019 D CompatibilityChangeReporter: Compat change id reported: 135634846; UID 10163; state: DISABLED
12-06 13:20:15.432  1367  1474 D CompatibilityChangeReporter: Compat change id reported: 143937733; UID 10163; state: ENABLED
12-06 13:20:15.435   862   862 I Zygote  : Process 9420 exited due to signal 9 (Killed)
12-06 13:20:15.447   862   862 D Zygote  : Forked child process 10292
12-06 13:20:15.449  1367  1474 I ActivityManager: Start proc 10292:com.google.android.calendar/u0a163 for broadcast {com.google.android.calendar/com.google.android.apps.calendar.config.phenotypesupport.broadcast.PhenotypeBroadcastReceiver}
12-06 13:20:15.453  3366  3366 I Finsky  : [2] pmj.a(3): SCH: job service start with id 9800.
12-06 13:20:15.453  1367  1475 I libprocessgroup: Successfully killed process cgroup uid 10093 pid 9420 in 44ms
12-06 13:20:15.461 10292 10292 E ndroid.calenda: Not starting debugger since process cannot load the jdwp agent.
12-06 13:20:15.479  1790  1790 V AvrcpMediaPlayerList: mPackageChangedBroadcastReceiver: action: android.intent.action.PACKAGE_CHANGED
12-06 13:20:15.479  1790  1790 D AvrcpMediaPlayerList: Name of package changed: com.google.android.apps.docs
12-06 13:20:15.494  3248  3248 D RegisteredNfcFServicesCache: Service unchanged, not updating
12-06 13:20:15.500 10292 10292 I ndroid.calenda: The ClassLoaderContext is a special shared library.
12-06 13:20:15.504  1367  1596 I InputReader: Reconfiguring input devices, changes=KEYBOARD_LAYOUTS | 
12-06 13:20:15.518  2908  8038 I EuiccGoogle: [168] EuiccServiceImpl.onGetEuiccProfileInfoList: onGetEuiccProfileInfoList: slotId = -1
12-06 13:20:15.520  1367  1472 E system_server: No package ID 7f found for ID 0x7f080294.
12-06 13:20:15.520  2136  2136 E PhoneInterfaceManager: [PhoneIntfMgr] getCarrierPackageNamesForIntentAndPhone: No UICC
12-06 13:20:15.520  2136  2136 D CarrierSvcBindHelper: No carrier app for: 0
12-06 13:20:15.520  2136  2136 D ImsResolver: maybeAddedImsService, packageName: com.google.android.apps.docs
12-06 13:20:15.520  1367  1472 E system_server: No package ID 7f found for ID 0x7f13050c.
12-06 13:20:15.520  1367  1472 E system_server: No package ID 7f found for ID 0x7f13050c.
12-06 13:20:15.521  1367  1472 E system_server: No package ID 7f found for ID 0x7f080290.
12-06 13:20:15.521  1367  1472 E system_server: No package ID 7f found for ID 0x7f13050a.
12-06 13:20:15.521  1367  1472 E system_server: No package ID 7f found for ID 0x7f13050a.
12-06 13:20:15.521  1367  1472 E system_server: No package ID 7f found for ID 0x7f080292.
12-06 13:20:15.521  1367  1472 E system_server: No package ID 7f found for ID 0x7f13050b.
12-06 13:20:15.521  1367  1472 E system_server: No package ID 7f found for ID 0x7f13050b.
12-06 13:20:15.521  1367  1472 W ShortcutService: Invalid tag 'capability' found at depth 2
12-06 13:20:15.521  1367  1472 E ShortcutService: Ignoring excessive intent tag.
12-06 13:20:15.521  1367  1472 W ShortcutService: Invalid tag 'parameter' found at depth 4
12-06 13:20:15.522  1367  1472 W ShortcutService: Invalid tag 'capability' found at depth 2
12-06 13:20:15.522  1367  1472 W ShortcutService: Invalid tag 'slice' found at depth 3
12-06 13:20:15.522  1367  1472 W ShortcutService: Invalid tag 'url-template' found at depth 4
12-06 13:20:15.526  2504 10312 I chatty  : uid=10129 com.google.android.gms.persistent expire 6 lines
12-06 13:20:15.537  1927  1927 D QcrilMsgTunnelIfaceManager: handleMessage what = 1
12-06 13:20:15.539  1927  1927 I QcrilOemhookMsgTunnel: [0]invokeOemRilRequestRaw: serial=1017 length=16
12-06 13:20:15.540  1927  1961 I QcrilOemhookMsgTunnel: [0]processOemHookResponse serial no: 1017 error: 0length=88
12-06 13:20:15.540  1927  1927 D QcrilMsgTunnelIfaceManager: handleMessage what = 2
12-06 13:20:15.541  2908  8038 I EuiccGoogle: [168] UiccLogicalChannel.open: Locked on aid: A0000005591010FFFFFFFF8900000100
12-06 13:20:15.555  2136  2136 E PhoneInterfaceManager: [PhoneIntfMgr] iccOpenLogicalChannel: No UICC
12-06 13:20:15.556  2908  8038 E EuiccGoogle: [168] UiccLogicalChannel.open: selectResponse is null. Unlocked for aid: A0000005591010FFFFFFFF8900000100
12-06 13:20:15.556  3366  3730 I Finsky  : [228] pkp.a(100): SCH: Satisfied jobs for 9800 are: 12-1
12-06 13:20:15.556  2908  8038 W EuiccGoogle: [168] EuiccServiceImpl.onGetEuiccProfileInfoList: slotId=-1. No eUICC is active. Return null.
12-06 13:20:15.559  3366  5704 I Finsky  : [276] per.accept(42): SCH: Job 12-1 starting
12-06 13:20:15.560  3366  3366 I Finsky  : [2] ContentSyncJob.x(1): [ContentSync] job started
12-06 13:20:15.567  2089  2193 I QCNEJ/CndHalConnector: -> SND notifyWifiStatusChanged(RatInfo{type=1, subType=101, state=CONNECTED, v4=IfaceAddrPair{iface=wlan0, addr=192.168.86.114}, v6=IfaceAddrPair{iface=, addr=}, timestamp=2021-12-06 13:20:15.567, isAndroidValidated=true, netHandle=437197393933, slotIdx=0} WifiInfo{freq=FIVE_GHz, state=3, ssid=rajlaasya, bssid=b0:e4:d5:33:13:ed, dns=[192.168.86.1, 0.0.0.0, 0.0.0.0, 0.0.0.0, ]})
12-06 13:20:15.572  6765  6807 I CarrierServices: [528] chc.d: (PEv2-SM-176384565): DisabledState: event Connectivity event [null]
12-06 13:20:15.573  6765  6810 I CarrierServices: [530] byj.c: Connected state: [1], networkType: [WIFI]
12-06 13:20:15.575 10292 10292 D NetworkSecurityConfig: No Network Security Config specified, using platform default
12-06 13:20:15.575 10292 10292 D NetworkSecurityConfig: No Network Security Config specified, using platform default
12-06 13:20:15.578  2136  2475 E PhoneInterfaceManager: [PhoneIntfMgr] getCarrierPrivilegeStatus: Invalid subId
12-06 13:20:15.584  6765  6812 I CarrierServices: [531] cnt.e: RCS Configuration storage in Bugle is disabled by p/h flag, using ProvisioningEngineStateCacheUtil.getProvisioningConfigurationForGivenSimIfExist()
12-06 13:20:15.608  1367  1367 I Telecom : DefaultDialerCache: Refreshing default dialer for user 0: now com.google.android.dialer: DDC.oR@AGQ
12-06 13:20:15.613  2937  2969 I chatty  : uid=10129(com.google.android.gms) lowpool[2] expire 4 lines
12-06 13:20:15.617  2504  2695 I chatty  : uid=10129(com.google.android.gms) highpool[2] expire 3 lines
12-06 13:20:15.665 10292 10326 W ndroid.calenda: Accessing hidden field Ljava/util/Collections$SynchronizedCollection;->mutex:Ljava/lang/Object; (greylist-max-o, reflection, denied)
12-06 13:20:15.665 10292 10326 W ndroid.calenda: Accessing hidden method Ljava/util/Collections$SynchronizedSet;-><init>(Ljava/util/Set;Ljava/lang/Object;)V (greylist-max-o, reflection, denied)
12-06 13:20:15.665 10292 10326 W ndroid.calenda: Accessing hidden method Ljava/util/Collections$SynchronizedCollection;-><init>(Ljava/util/Collection;Ljava/lang/Object;)V (greylist-max-o, reflection, denied)
12-06 13:20:15.689  4857  5043 I PermissionControllerServiceImpl: Updating user sensitive for uid 10142
12-06 13:20:15.697  1367  4019 D CompatibilityChangeReporter: Compat change id reported: 135634846; UID 10058; state: DISABLED
12-06 13:20:15.697  1367  1474 D CompatibilityChangeReporter: Compat change id reported: 143937733; UID 10058; state: ENABLED
12-06 13:20:15.700 10292 10292 I TetheringManager: registerTetheringEventCallback:com.google.android.calendar
12-06 13:20:15.703  1367  5935 D ConnectivityService: requestNetwork for uid/pid:10163/10292 NetworkRequest [ TRACK_DEFAULT id=158, [ Capabilities: INTERNET&NOT_RESTRICTED&TRUSTED Uid: 10163 AdministratorUids: [] RequestorUid: 10163 RequestorPackageName: com.google.android.calendar] ]
12-06 13:20:15.703  1367  1663 D ConnectivityService: NetReassign [158 : null → 101]
12-06 13:20:15.704  1367  1632 D UntrustedWifiNetworkFactory: got request NetworkRequest [ TRACK_DEFAULT id=158, [ Capabilities: INTERNET&NOT_RESTRICTED&TRUSTED Uid: 10163 AdministratorUids: [] RequestorUid: 10163 RequestorPackageName: com.google.android.calendar] ] with score 60 and providerId 5
12-06 13:20:15.704  1367  1632 D WifiNetworkFactory: got request NetworkRequest [ TRACK_DEFAULT id=158, [ Capabilities: INTERNET&NOT_RESTRICTED&TRUSTED Uid: 10163 AdministratorUids: [] RequestorUid: 10163 RequestorPackageName: com.google.android.calendar] ] with score 60 and providerId 5
12-06 13:20:15.704  2136  2136 D PhoneSwitcherNetworkRequstListener: got request NetworkRequest [ TRACK_DEFAULT id=158, [ Capabilities: INTERNET&NOT_RESTRICTED&TRUSTED Uid: 10163 AdministratorUids: [] RequestorUid: 10163 RequestorPackageName: com.google.android.calendar] ] with score 60 and providerId 5
12-06 13:20:15.704  1367  1748 D WIFI_AWARE_FACTORY: got request NetworkRequest [ TRACK_DEFAULT id=158, [ Capabilities: INTERNET&NOT_RESTRICTED&TRUSTED Uid: 10163 AdministratorUids: [] RequestorUid: 10163 RequestorPackageName: com.google.android.calendar] ] with score 60 and providerId 5
12-06 13:20:15.704  1367  1749 D Ethernet: got request NetworkRequest [ TRACK_DEFAULT id=158, [ Capabilities: INTERNET&NOT_RESTRICTED&TRUSTED Uid: 10163 AdministratorUids: [] RequestorUid: 10163 RequestorPackageName: com.google.android.calendar] ] with score 60 and providerId 5
12-06 13:20:15.705  1809  1809 V KeyguardUpdateMonitor: onSubscriptionInfoChanged()
12-06 13:20:15.705   862   862 D Zygote  : Forked child process 10333
12-06 13:20:15.706  2136  2136 D Telephony: isEmergencyPreferredAccount: subId=-1, activeData=-1
12-06 13:20:15.706  2136  2136 D Telephony: isEmergencyPreferredAccount: Device does not require preference.
12-06 13:20:15.707  1367  1474 I ActivityManager: Start proc 10333:com.android.providers.calendar/u0a58 for content provider {com.android.providers.calendar/com.android.providers.calendar.CalendarProvider2}
12-06 13:20:15.710  1367  1663 D ConnectivityService: NetReassign [no changes]
12-06 13:20:15.717 10333 10333 E viders.calenda: Not starting debugger since process cannot load the jdwp agent.
12-06 13:20:15.761  3366  8627 I Finsky  : [327] zp.s(1): Completed 0 account content syncs with 0 successful.
12-06 13:20:15.762  3366  3366 I Finsky  : [2] ContentSyncJob.a(1): [ContentSync] Installation state replication succeeded.
12-06 13:20:15.763  3366  3366 I Finsky  : [2] pkn.s(4): SCH: jobFinished: 12-1. TimeElapsed: 203ms.
12-06 13:20:15.763 10333 10333 D NetworkSecurityConfig: No Network Security Config specified, using platform default
12-06 13:20:15.763 10333 10333 D NetworkSecurityConfig: No Network Security Config specified, using platform default
12-06 13:20:15.778 10333 10333 I CalendarProvider2: Created com.android.providers.calendar.CalendarAlarmManager@6f05443(com.android.providers.calendar.CalendarProvider2@cd27ac0)
12-06 13:20:15.821 10292 10368 I c.zkz   : Obtained writable database SQLiteDatabase/90607432 instance with path /data/user/0/com.google.android.calendar/databases/cal_v2a
12-06 13:20:15.825  3366  3652 I Finsky  : [222] pem.accept(41): SCH: Scheduling phonesky job Id: 1-1337, CT: 1638811166277, Constraints: [{ L: 22655106, D: 65855106, C: 1, I: 1, N: 1 }]
12-06 13:20:15.826  3366  3652 I Finsky  : [222] pem.accept(41): SCH: Scheduling phonesky job Id: 10-26, CT: 1638811165843, Constraints: [{ L: 600000, D: 86400000, C: 1, I: 1, N: 1 }]
12-06 13:20:15.828 10292 10366 I c.zjg   : The schema version is 18, the database version is 18, and there are 0 migrations
12-06 13:20:15.870  3088  3088 I GoogleInputMethodService: GoogleInputMethodService.onFinishInput():3293 
12-06 13:20:15.870  3366  3652 I Finsky  : [222] pep.apply(63): SCH: Scheduling 1 system job(s)
12-06 13:20:15.870  3088  3088 I GoogleInputMethodService: GoogleInputMethodService.onStartInput():1981 
12-06 13:20:15.871  3366  3652 I Finsky  : [222] pep.apply(67): SCH: Scheduling system job Id: 9807, L: 549972, D: 65805512, C: false, I: false, N: 1
12-06 13:20:15.872  3088  3088 I DeviceUnlockedTag: DeviceUnlockedTag.notifyDeviceLockStatusChanged():79 Notify device unlocked.
12-06 13:20:16.105  9796  9796 V ClearcutMetricXmitter: Transmission is done.
12-06 13:20:16.258  3366  5704 I Finsky  : [276] pmf.a(16): SCH: job service finished with id 9800.
12-06 13:20:16.261 10292 10330 D SharedPreferencesImpl: Time required to fsync /data/user/0/com.google.android.calendar/shared_prefs/com.google.android.calendar_preferences.xml: [<1: 0, <2: 0, <4: 0, <8: 0, <16: 0, <32: 0, <64: 0, <128: 0, <256: 0, <512: 1, <1024: 0, <2048: 0, <4096: 0, <8192: 0, <16384: 0, >=16384: 0]
12-06 13:20:16.278  1367  4019 I ActivityManager: Killing 9455:com.google.android.GoogleCamera/u0a169 (adj 955): empty #33
12-06 13:20:16.280   646   646 E lowmemorykiller: Error writing /proc/9455/oom_score_adj; errno=22
12-06 13:20:16.288  1367  4019 W BroadcastQueue: Background execution not allowed: receiving Intent { act=android.intent.action.DROPBOX_ENTRY_ADDED flg=0x10 (has extras) } to com.google.android.gms/.stats.service.DropBoxEntryAddedReceiver
12-06 13:20:16.289  1367  4019 I ActivityManager: Killing 9504:com.google.android.apps.turbo:aab/u0a113 (adj 985): empty #33
12-06 13:20:16.289  1367  4019 I ActivityManager: Killing 9479:com.google.android.apps.turbo/u0a113 (adj 985): empty #34
12-06 13:20:16.290  1367  1473 W BroadcastQueue: Background execution not allowed: receiving Intent { act=android.intent.action.DROPBOX_ENTRY_ADDED flg=0x10 (has extras) } to com.google.android.gms/.chimera.GmsIntentOperationService$PersistentTrustedReceiver
12-06 13:20:16.290   646   646 E lowmemorykiller: Error writing /proc/9504/oom_score_adj; errno=22
12-06 13:20:16.291  1367  4019 W BroadcastQueue: Background execution not allowed: receiving Intent { act=android.intent.action.DROPBOX_ENTRY_ADDED flg=0x10 (has extras) } to com.google.android.gms/.stats.service.DropBoxEntryAddedReceiver
12-06 13:20:16.293  1367  1473 W BroadcastQueue: Background execution not allowed: receiving Intent { act=android.intent.action.DROPBOX_ENTRY_ADDED flg=0x10 (has extras) } to com.google.android.gms/.chimera.GmsIntentOperationService$PersistentTrustedReceiver
12-06 13:20:16.293   646   646 E lowmemorykiller: Error writing /proc/9504/oom_score_adj; errno=22
12-06 13:20:16.293   646   646 E lowmemorykiller: Error writing /proc/9479/oom_score_adj; errno=22
12-06 13:20:16.302   862   862 I Zygote  : Process 9455 exited due to signal 9 (Killed)
12-06 13:20:16.325  1367  1475 I libprocessgroup: Successfully killed process cgroup uid 10169 pid 9455 in 45ms
12-06 13:20:16.338   862   862 I Zygote  : Process 9504 exited due to signal 9 (Killed)
12-06 13:20:16.340   862   862 I Zygote  : Process 9479 exited due to signal 9 (Killed)
12-06 13:20:16.349  3518  3943 I OpaCalCtrl: CalendarController#updateCalendarData()
12-06 13:20:16.353  3518  3943 I CalDataStoreImpl: #getNextEvent()
12-06 13:20:16.353  3518  3943 I CalDataStoreImpl: #getDataFromOpaStoreOrFetchLatest()
12-06 13:20:16.362  3518  3943 I SmartspaceGcmCommuteIH: #canHandleInput() input class NotificationArgs false
12-06 13:20:16.362  3518  3943 I SSGcmTtlIH: #canHandleInput() input class NotificationArgs false
12-06 13:20:16.365  3518  3846 I A       : handleUpdateAction
12-06 13:20:16.366  3518  3846 I A       : action type string ACTION_REMOVE_CARDS_WITH_TYPE 
12-06 13:20:16.367  3518  3846 I A       : removeFromCardStore Reminder
12-06 13:20:16.370  1367  1475 I libprocessgroup: Successfully killed process cgroup uid 10113 pid 9504 in 44ms
12-06 13:20:16.370  1367  1475 I libprocessgroup: Successfully killed process cgroup uid 10113 pid 9479 in 0ms
12-06 13:20:16.371  3088  3088 I GoogleInputMethodService: GoogleInputMethodService.onFinishInput():3293 
12-06 13:20:16.371  3088  3088 I GoogleInputMethodService: GoogleInputMethodService.onStartInput():1981 
12-06 13:20:16.371  3088  3088 I DeviceUnlockedTag: DeviceUnlockedTag.notifyDeviceLockStatusChanged():79 Notify device unlocked.
12-06 13:20:16.372  3518  3927 I OpaSSRequestSender: processZerostateResponse handle WEATHER response by pcp
12-06 13:20:16.377  3518  3943 I OpaCalCtrl: CalendarController#updateCalendarData()
12-06 13:20:16.380  3518  3943 I CalDataStoreImpl: #getNextEvent()
12-06 13:20:16.380  3518  3943 I CalDataStoreImpl: #getDataFromOpaStoreOrFetchLatest()
12-06 13:20:16.386  3518  3745 I CalDataStoreImpl: Local calendar data in OpaStore is valid.
12-06 13:20:16.387  3518  3745 I CalDataStoreImpl: Found 0 local calendar events from OpaStore.
12-06 13:20:16.387  3518  3745 I OpaCalCtrl: #onCalendarEventLoadSuccess()
12-06 13:20:16.388  3518  3745 I OpaCalCtrl: #maybeSendNextCalendarUpdate()
12-06 13:20:16.388  3518  3745 I OpaCalCtrl: Next event is empty.
12-06 13:20:16.388  3518  3745 I OpaCalCtrl: Schedule calendar update using alarm manager. Next alarm time: 1638854416000
12-06 13:20:16.398  1367  4019 W BroadcastQueue: Background execution not allowed: receiving Intent { act=android.intent.action.PACKAGE_ADDED dat=package:com.sanint.app flg=0x4000010 (has extras) } to com.google.android.packageinstaller/com.android.packageinstaller.PackageInstalledReceiver
12-06 13:20:16.399  1367  1473 W BroadcastQueue: Background execution not allowed: receiving Intent { act=android.intent.action.PACKAGE_ADDED dat=package:com.sanint.app flg=0x4000010 (has extras) } to com.android.vending/com.google.android.finsky.packagemanager.impl.PackageMonitorReceiverImpl$RegisteredReceiver
12-06 13:20:16.399  1367  1473 W BroadcastQueue: Background execution not allowed: receiving Intent { act=android.intent.action.PACKAGE_ADDED dat=package:com.sanint.app flg=0x4000010 (has extras) } to com.google.android.gms/.games.chimera.GamesSystemBroadcastReceiverProxy
12-06 13:20:16.399  1367  1473 W BroadcastQueue: Background execution not allowed: receiving Intent { act=android.intent.action.PACKAGE_ADDED dat=package:com.sanint.app flg=0x4000010 (has extras) } to com.google.android.gms/.gass.chimera.PackageChangeBroadcastReceiver
12-06 13:20:16.399  1367  1473 W BroadcastQueue: Background execution not allowed: receiving Intent { act=android.intent.action.PACKAGE_ADDED dat=package:com.sanint.app flg=0x4000010 (has extras) } to com.google.android.gms/.chimera.GmsIntentOperationService$PersistentTrustedReceiver
12-06 13:20:16.399  1367  1473 W BroadcastQueue: Background execution not allowed: receiving Intent { act=android.intent.action.PACKAGE_ADDED dat=package:com.sanint.app flg=0x4000010 (has extras) } to com.google.android.googlequicksearchbox/com.google.android.apps.gsa.googlequicksearchbox.GelStubAppWatcher
12-06 13:20:16.400  1367  1473 D CompatibilityChangeReporter: Compat change id reported: 135634846; UID 10064; state: DISABLED
12-06 13:20:16.400  1367  1474 D CompatibilityChangeReporter: Compat change id reported: 143937733; UID 10064; state: ENABLED
12-06 13:20:16.407   862   862 D Zygote  : Forked child process 10397
12-06 13:20:16.410  3518  3838 I CalDataStoreImpl: Local calendar data in OpaStore is valid.
12-06 13:20:16.410  3518  3838 I CalDataStoreImpl: Found 0 local calendar events from OpaStore.
12-06 13:20:16.411  3518  3838 I OpaCalCtrl: #onCalendarEventLoadSuccess()
12-06 13:20:16.411  3518  3838 I OpaCalCtrl: #maybeSendNextCalendarUpdate()
12-06 13:20:16.411  3518  3838 I OpaCalCtrl: Next event is empty.
12-06 13:20:16.411  3518  3838 I OpaCalCtrl: Schedule calendar update using alarm manager. Next alarm time: 1638854416000
12-06 13:20:16.413  3518  3745 I OpaCalCtrl: Exact alarm scheduled for Smartspace calendar update.
12-06 13:20:16.414  1367  1474 I ActivityManager: Start proc 10397:com.google.android.packageinstaller/u0a64 for broadcast {com.google.android.packageinstaller/com.android.packageinstaller.PackageInstalledReceiver}
12-06 13:20:16.415  3518  3745 I OpaCalCtrl: Send next event to Android Smartspace.
12-06 13:20:16.417  3518  3943 I SmartspaceGcmCommuteIH: #canHandleInput() input class NotificationArgs false
12-06 13:20:16.417  3518  3943 I SSGcmTtlIH: #canHandleInput() input class NotificationArgs false
12-06 13:20:16.419 10397 10397 E ackageinstalle: Not starting debugger since process cannot load the jdwp agent.
12-06 13:20:16.435  3518  3943 I NetworkRecognitionRnr: Using pair HTTP connection
12-06 13:20:16.437  3518  4091 I A       : [Upload] Connected
12-06 13:20:16.443  3518  3771 I A       : handleUpdateAction
12-06 13:20:16.443  3518  3771 I A       : action type string ACTION_REMOVE_CARDS_WITH_TYPE 
12-06 13:20:16.455  3518  3771 I A       : removeFromCardStore Calendar
12-06 13:20:16.466  3518  3745 I OpaCalCtrl: Updated next alarm proto store successfully, next alarm = 1638854416000
12-06 13:20:16.467  3518  3838 I OpaCalCtrl: Exact alarm scheduled for Smartspace calendar update.
12-06 13:20:16.467  3518  3838 I OpaCalCtrl: Updated next alarm proto store successfully, next alarm = 1638854416000
12-06 13:20:16.467  3518  3838 I OpaCalCtrl: Send next event to Android Smartspace.
12-06 13:20:16.470  7052 10189 D SconeRadioEngine: GRIL send disabled, nothing sent
12-06 13:20:16.478  3518  3943 I SmartspaceGcmCommuteIH: #canHandleInput() input class NotificationArgs false
12-06 13:20:16.478  3518  3943 I SSGcmTtlIH: #canHandleInput() input class NotificationArgs false
12-06 13:20:16.489 10397 10397 D NetworkSecurityConfig: No Network Security Config specified, using platform default
12-06 13:20:16.489 10397 10397 D NetworkSecurityConfig: No Network Security Config specified, using platform default
12-06 13:20:16.498  1367  4019 I ActivityManager: Killing 9529:com.google.android.apps.maps:server_recovery_process/u0a151 (adj 985): empty #33
12-06 13:20:16.499   646   646 E lowmemorykiller: Error writing /proc/9529/oom_score_adj; errno=22
12-06 13:20:16.525  3106  3106 I GsaVoiceInteractionSrv: Handling ACTION_STOP_HOTWORD
12-06 13:20:16.526  3518  3846 W CronetNetworkRqstWrppr: Upload request without a content type.
12-06 13:20:16.527  1367  5935 D CompatibilityChangeReporter: Compat change id reported: 135634846; UID 10105; state: DISABLED
12-06 13:20:16.530  1367  1474 D CompatibilityChangeReporter: Compat change id reported: 143937733; UID 10105; state: DISABLED
12-06 13:20:16.544   862   862 D Zygote  : Forked child process 10418
12-06 13:20:16.545  1367  1474 I ActivityManager: Start proc 10418:com.android.connectivity.metrics/u0a105 for broadcast {com.android.connectivity.metrics/com.android.connectivity.metrics.SnapshotSchedulingReceiver}
12-06 13:20:16.553 10418 10418 E ctivity.metric: Not starting debugger since process cannot load the jdwp agent.
12-06 13:20:16.554  7052 10189 D SconeRadioEngine: GRIL send disabled, nothing sent
12-06 13:20:16.558  2937  9445 I chatty  : uid=10129(com.google.android.gms) Binder:2937_E expire 1 line
12-06 13:20:16.577 10418 10418 D ApplicationLoaders: Returning zygote-cached class loader: /system/framework/android.test.base.jar
12-06 13:20:16.591   862   862 I Zygote  : Process 9529 exited due to signal 9 (Killed)
12-06 13:20:16.611  1367  1475 I libprocessgroup: Successfully killed process cgroup uid 10151 pid 9529 in 112ms
12-06 13:20:16.633  2504 10395 I chatty  : uid=10129 com.google.android.gms.persistent expire 6 lines
12-06 13:20:16.638  3518  3771 I CPServiceMediator: CrossProfileServiceManagerMediator#updateCurrentCard
12-06 13:20:16.642 10418 10418 D NetworkSecurityConfig: No Network Security Config specified, using platform default
12-06 13:20:16.643 10418 10418 D NetworkSecurityConfig: No Network Security Config specified, using platform default
12-06 13:20:16.650  3518  3771 I A       : handleUpdateAction
12-06 13:20:16.651  3518  3771 I A       : action type string ACTION_REMOVE_CARDS_WITH_TYPE 
12-06 13:20:16.651  3518  3771 I A       : removeFromCardStore Calendar
12-06 13:20:16.653  3518  3771 I CPServiceMediator: CrossProfileServiceManagerMediator#updateCurrentCard
12-06 13:20:16.657 10418 10418 D ConnMetrics:App: onCreate()
12-06 13:20:16.668  9902  9902 W Gcs     : [2] btx.d: Bridge/Wfa disabled: VPN is not authorized.
12-06 13:20:16.719  7052  7052 I GservicesChangeReceiver: Gservices Changed broadcast Received. context is android.app.ReceiverRestrictedContext@2ff5734
12-06 13:20:16.719  7052  7052 I GservicesChangeReceiver: Gservices isConnectivityMonitorEnabled is False.
12-06 13:20:16.720  7052  7052 I ConnectivityMonitorManager: Service com.google.android.apps.scone.connectivitymonitor.ConnectivityMonitorService is not running...
12-06 13:20:16.729  1367  3998 D ConnectivityService: requestNetwork for uid/pid:10110/9902 NetworkRequest [ TRACK_DEFAULT id=160, [ Capabilities: INTERNET&NOT_RESTRICTED&TRUSTED Uid: 10110 AdministratorUids: [] RequestorUid: 10110 RequestorPackageName: com.google.android.apps.gcs] ]
12-06 13:20:16.730  2908  2908 I EuiccGoogle: [2] GservicesChangedReceiver.updateGlobalCountryCache: Setting EUICC_SUPPORTED_COUNTRIES to ad,ae,af,ag,ai,al,am,ao,ar,as,at,au,aw,az,ba,bb,bd,be,bf,bg,bh,bi,bj,bm,bn,bo,br,bs,bt,bw,by,bz,ca,cd,cf,cg,ch,ci,ck,cl,cm,cn,co,cr,cu,cv,cy,cz,de,dj,dk,dm,do,dz,ec,ee,eg,er,es,et,fi,fj,fk,fm,fo,ga,gb,gd,ge,gf,gh,gi,gl,gm,gn,gp,gq,gr,gt,gu,gw,gy,hk,hn,hr,ht,hu,id,ie,il,in,iq,ir,is,it,jm,jo,jp,ke,kg,kh,ki,km,kn,kp,kr,kw,ky,kz,la,lb,lc,li,lk,lr,ls,lt,lu,lv,ly,ma,mc,md,me,mg,mh,mk,ml,mm,mn,mo,mp,mr,ms,mt,mu,mv,mw,mx,my,mz,na,nc,ne,ng,ni,nl,no,np,nr,nu,nz,om,pa,pe,pf,pg,ph,pk,pl,pm,pr,ps,pt,pw,py,qa,re,ro,rs,ru,rw,sa,sb,sc,sd,se,sg,sh,si,sk,sl,sm,sn,so,sr,ss,st,sv,sy,sz,tc,td,tg,th,tj,tl,tm,tn,to,tr,tt,tv,tw,tz,ua,ug,us,uy,uz,va,vc,ve,vg,vi,vn,vu,wf,ws,ye,za,zm,zw
12-06 13:20:16.730  1367  1663 D ConnectivityService: NetReassign [160 : null → 101]
12-06 13:20:16.730  2908  2908 I EuiccGoogle: [2] GservicesChangedReceiver.updateGlobalCountryCache: Setting EUICC_UNSUPPORTED_COUNTRIES to sg
12-06 13:20:16.730  1367  1632 D UntrustedWifiNetworkFactory: got request NetworkRequest [ TRACK_DEFAULT id=160, [ Capabilities: INTERNET&NOT_RESTRICTED&TRUSTED Uid: 10110 AdministratorUids: [] RequestorUid: 10110 RequestorPackageName: com.google.android.apps.gcs] ] with score 60 and providerId 5
12-06 13:20:16.730  1367  1632 D WifiNetworkFactory: got request NetworkRequest [ TRACK_DEFAULT id=160, [ Capabilities: INTERNET&NOT_RESTRICTED&TRUSTED Uid: 10110 AdministratorUids: [] RequestorUid: 10110 RequestorPackageName: com.google.android.apps.gcs] ] with score 60 and providerId 5
12-06 13:20:16.731  1367  1748 D WIFI_AWARE_FACTORY: got request NetworkRequest [ TRACK_DEFAULT id=160, [ Capabilities: INTERNET&NOT_RESTRICTED&TRUSTED Uid: 10110 AdministratorUids: [] RequestorUid: 10110 RequestorPackageName: com.google.android.apps.gcs] ] with score 60 and providerId 5
12-06 13:20:16.731  1367  1749 D Ethernet: got request NetworkRequest [ TRACK_DEFAULT id=160, [ Capabilities: INTERNET&NOT_RESTRICTED&TRUSTED Uid: 10110 AdministratorUids: [] RequestorUid: 10110 RequestorPackageName: com.google.android.apps.gcs] ] with score 60 and providerId 5
12-06 13:20:16.731  2136  2136 D PhoneSwitcherNetworkRequstListener: got request NetworkRequest [ TRACK_DEFAULT id=160, [ Capabilities: INTERNET&NOT_RESTRICTED&TRUSTED Uid: 10110 AdministratorUids: [] RequestorUid: 10110 RequestorPackageName: com.google.android.apps.gcs] ] with score 60 and providerId 5
12-06 13:20:16.733  1809  1809 V KeyguardUpdateMonitor: onSubscriptionInfoChanged()
12-06 13:20:16.734  2136  2136 D Telephony: isEmergencyPreferredAccount: subId=-1, activeData=-1
